Note that running a local entrypoint in detached mode only keeps the last triggered Modal function alive after the parent process has been killed or disconnected.
✓ Initialized. View run at 
https://modal.com/apps/lironktf/main/ap-9R5ZAyBbnuogdEf0YTkwXD
Building image im-pALuP3dK7qTQ74VFTxojW4

=> Step 0: FROM base

=> Step 1: COPY . /
Saving image...
Image saved, took 1.54s

Built image im-pALuP3dK7qTQ74VFTxojW4 in 3.16s


Building image im-mAfbWJBiIqXebYJzBkdcnJ

=> Step 0: FROM base

=> Step 1: COPY . /
Saving image...
Image saved, took 1.18s

Built image im-mAfbWJBiIqXebYJzBkdcnJ in 2.78s


Building image im-p40YJBxwiQofB7FVuz7tST

=> Step 0: FROM base

=> Step 1: COPY . /
Saving image...
Image saved, took 1.82s

Built image im-p40YJBxwiQofB7FVuz7tST in 5.66s


Building image im-7S6FBhtn8WJ9Jojx4u98rE

=> Step 0: FROM base

=> Step 1: COPY . /
Saving image...
Image saved, took 418.56ms

Built image im-7S6FBhtn8WJ9Jojx4u98rE in 1.79s


Building image im-wKHxhsGqMdKsbx1ucODqiD

=> Step 0: FROM base

=> Step 1: RUN cd /root/chess/trainer && cargo build --release --features cuda --bin train_v3 --bin inspect 2>&1 | tail -n 5
   Compiling toml v0.8.23
   Compiling viriformat v2.0.1
   Compiling bullet_lib v1.0.0 (https://github.com/jw1912/bullet?rev=629ee50000b2afb7b3337595401c830d3b1e0f42#629ee500)
   Compiling trainer v0.1.0 (/root/chess/trainer)
    Finished `release` profile [optimized] target(s) in 11.94s

=> Step 2: RUN printf '[workspace]\nresolver = "2"\nmembers = ["engine", "lc0conv"]\n' > /root/chess/Cargo.toml && cd /root/chess && cargo build --release -p lc0conv 2>&1 | tail -n 3
   Compiling tar v0.4.46
   Compiling lc0conv v0.1.0 (/root/chess/lc0conv)
    Finished `release` profile [optimized] target(s) in 6.09s
Saving image...
Image saved, took 5.05s

Built image im-wKHxhsGqMdKsbx1ucODqiD in 25.18s


✓ Created objects.
├── 🔨 Created mount /home/liron/Desktop/chess/scripts/modal_train.py
├── 🔨 Created mount /home/liron/Desktop/chess/scripts/policy_train.py
├── 🔨 Created function policy_train.
├── 🔨 Created mount /home/liron/Desktop/chess/engine
├── 🔨 Created mount /home/liron/Desktop/chess/trainer
├── 🔨 Created mount /home/liron/Desktop/chess/nets/default.bin
├── 🔨 Created mount /home/liron/Desktop/chess/lc0conv
├── 🔨 Created function policy_data.
├── 🔨 Created function fetch.
├── 🔨 Created function train.
└── 🔨 Created function status.
gpu=L40S cap=3.0 h (ANNA_GPU / ANNA_HOURS)

==========
== CUDA ==
==========

CUDA Version 12.4.1

Container image Copyright (c) 2016-2023, NVIDIA CORPORATION & AFFILIATES. All rights reserved.

This container image and its contents are governed by the NVIDIA Deep Learning Container License.
By pulling and using the container, you accept the terms and conditions of this license:
https://developer.nvidia.com/ngc/nvidia-deep-learning-container-license

A copy of this license is made available in this container at /NGC-DL-CONTAINER-LICENSE for your convenience.

WARNING: Logs may not be continuous
WARNING: Logs may not be continuous
WARNING: Logs may not be continuous
WARNING: Logs may not be continuous
WARNING: Logs may not be continuous
WARNING: Logs may not be continuous
WARNING: Logs may not be continuous
WARNING: Logs may not be continuous
WARNING: Logs may not be continuous
WARNING: Logs may not be continuous
WARNING: Logs may not be continuous
WARNING: Logs may not be continuous
WARNING: Logs may not be continuous
WARNING: Logs may not be continuous
WARNING: Logs may not be continuous
WARNING: Logs may not be continuous
WARNING: Logs may not be continuous
WARNING: Logs may not be continuous
WARNING: Logs may not be continuous
WARNING: Logs may not be continuous
WARNING: Logs may not be continuous
WARNING: Logs may not be continuous
WARNING: Logs may not be continuous
WARNING: Logs may not be continuous
WARNING: Logs may not be continuous
WARNING: Logs may not be continuous
WARNING: Logs may not be continuous
WARNING: Logs may not be continuous
WARNING: Logs may not be continuous
WARNING: Logs may not be continuous
WARNING: Logs may not be continuous
WARNING: Logs may not be continuous
WARNING: Logs may not be continuous
WARNING: Logs may not be continuous
WARNING: Logs may not be continuous
WARNING: Logs may not be continuous
WARNING: Logs may not be continuous
WARNING: Logs may not be continuous
WARNING: Logs may not be continuous
WARNING: Logs may not be continuous
WARNING: Logs may not be continuous
WARNING: Logs may not be continuous
WARNING: Logs may not be continuous
WARNING: Logs may not be continuous
WARNING: Logs may not be continuous
WARNING: Logs may not be continuous
WARNING: Logs may not be continuous
WARNING: Logs may not be continuous
WARNING: Logs may not be continuous
WARNING: Logs may not be continuous
WARNING: Logs may not be continuous
WARNING: Logs may not be continuous
WARNING: Logs may not be continuous
WARNING: Logs may not be continuous
WARNING: Logs may not be continuous
WARNING: Logs may not be continuous
WARNING: Logs may not be continuous
WARNING: Logs may not be continuous
WARNING: Logs may not be continuous
WARNING: Logs may not be continuous
WARNING: Logs may not be continuous
WARNING: Logs may not be continuous
WARNING: Logs may not be continuous
WARNING: Logs may not be continuous
WARNING: Logs may not be continuous
WARNING: Logs may not be continuous
WARNING: Logs may not be continuous
WARNING: Logs may not be continuous
WARNING: Logs may not be continuous
WARNING: Logs may not be continuous
WARNING: Logs may not be continuous
WARNING: Logs may not be continuous
WARNING: Logs may not be continuous
WARNING: Logs may not be continuous
WARNING: Logs may not be continuous
WARNING: Logs may not be continuous
WARNING: Logs may not be continuous
WARNING: Logs may not be continuous
WARNING: Logs may not be continuous
WARNING: Logs may not be continuous
WARNING: Logs may not be continuous
WARNING: Logs may not be continuous
WARNING: Logs may not be continuous
WARNING: Logs may not be continuous
WARNING: Logs may not be continuous
WARNING: Logs may not be continuous
WARNING: Logs may not be continuous
WARNING: Logs may not be continuous
WARNING: Logs may not be continuous
WARNING: Logs may not be continuous
WARNING: Logs may not be continuous
WARNING: Logs may not be continuous
WARNING: Logs may not be continuous
WARNING: Logs may not be continuous
WARNING: Logs may not be continuous
WARNING: Logs may not be continuous
WARNING: Logs may not be continuous
WARNING: Logs may not be continuous
WARNING: Logs may not be continuous
WARNING: Logs may not be continuous
WARNING: Logs may not be continuous
WARNING: Logs may not be continuous
WARNING: Logs may not be continuous
WARNING: Logs may not be continuous
WARNING: Logs may not be continuous
WARNING: Logs may not be continuous
WARNING: Logs may not be continuous
WARNING: Logs may not be continuous
WARNING: Logs may not be continuous
WARNING: Logs may not be continuous
WARNING: Logs may not be continuous
WARNING: Logs may not be continuous
WARNING: Logs may not be continuous
WARNING: Logs may not be continuous
WARNING: Logs may not be continuous
WARNING: Logs may not be continuous
WARNING: Logs may not be continuous
WARNING: Logs may not be continuous
WARNING: Logs may not be continuous
WARNING: Logs may not be continuous
WARNING: Logs may not be continuous
WARNING: Logs may not be continuous
WARNING: Logs may not be continuous
WARNING: Logs may not be continuous
WARNING: Logs may not be continuous
WARNING: Logs may not be continuous
WARNING: Logs may not be continuous
WARNING: Logs may not be continuous
WARNING: Logs may not be continuous
WARNING: Logs may not be continuous
WARNING: Logs may not be continuous
WARNING: Logs may not be continuous
WARNING: Logs may not be continuous
WARNING: Logs may not be continuous
WARNING: Logs may not be continuous
WARNING: Logs may not be continuous
WARNING: Logs may not be continuous
WARNING: Logs may not be continuous
WARNING: Logs may not be continuous
WARNING: Logs may not be continuous
WARNING: Logs may not be continuous
WARNING: Logs may not be continuous
WARNING: Logs may not be continuous
WARNING: Logs may not be continuous
WARNING: Logs may not be continuous
WARNING: Logs may not be continuous
WARNING: Logs may not be continuous
WARNING: Logs may not be continuous
WARNING: Logs may not be continuous
WARNING: Logs may not be continuous
WARNING: Logs may not be continuous
WARNING: Logs may not be continuous
WARNING: Logs may not be continuous
WARNING: Logs may not be continuous
exit=0; checkpoints in /data/checkpoints/anna-v3q; log /data/runs/anna-v3q/train.log
✓ App completed. View run at 
https://modal.com/apps/lironktf/main/ap-9R5ZAyBbnuogdEf0YTkwXD
exit=0
