2026-09-13 00:22:01 guard start run=anna-v3b instance=50845524 cap=$3.00 poll=60s
2026-09-13 00:22:02 status=loading rate=$0.49777777777777776/hr elapsed=0.04491563618183136h est_spent=$0.122
2026-09-13 00:23:03 status=running rate=$0.49777777777777776/hr elapsed=0.06186008062627581h est_spent=$0.131
2026-09-13 00:24:04 status=running rate=$0.49777777777777776/hr elapsed=0.07880452507072025h est_spent=$0.139
2026-09-13 00:25:05 status=running rate=$0.49777777777777776/hr elapsed=0.09574896951516469h est_spent=$0.148
2026-09-13 00:26:06 status=running rate=$0.49777777777777776/hr elapsed=0.11269341395960913h est_spent=$0.156
2026-09-13 00:27:07 status=running rate=$0.49777777777777776/hr elapsed=0.1296378584040536h est_spent=$0.165
2026-09-13 00:28:08 status=running rate=$0.49777777777777776/hr elapsed=0.14658230284849802h est_spent=$0.173
2026-09-13 00:29:09 status=running rate=$0.49777777777777776/hr elapsed=0.16352674729294248h est_spent=$0.181
2026-09-13 00:29:09 guard start run=anna-v3b instance=50845524 cap=$3.90 poll=60s
2026-09-13 00:29:10 status=running rate=$0.49777777777777776/hr elapsed=0.16380452507072024h est_spent=$0.182
2026-09-13 00:29:30 guard with cap 3.00 stopped; cap 3.90 active
2026-09-13 00:30:11 status=running rate=$0.49777777777777776/hr elapsed=0.1807489695151647h est_spent=$0.19
2026-09-13 00:31:12 status=running rate=$0.49777777777777776/hr elapsed=0.19769341395960913h est_spent=$0.198
2026-09-13 00:32:13 status=running rate=$0.49777777777777776/hr elapsed=0.21463785840405358h est_spent=$0.207
2026-09-13 00:33:14 status=running rate=$0.49777777777777776/hr elapsed=0.23158230284849804h est_spent=$0.215
2026-09-13 00:34:15 status=running rate=$0.49777777777777776/hr elapsed=0.24852674729294247h est_spent=$0.224
2026-09-13 00:35:16 status=running rate=$0.49777777777777776/hr elapsed=0.2654711917373869h est_spent=$0.232
2026-09-13 00:36:17 status=running rate=$0.49777777777777776/hr elapsed=0.28241563618183135h est_spent=$0.241
2026-09-13 00:37:18 status=running rate=$0.49777777777777776/hr elapsed=0.2993600806262758h est_spent=$0.249
2026-09-13 00:38:19 status=running rate=$0.49777777777777776/hr elapsed=0.31630452507072027h est_spent=$0.257
2026-09-13 00:39:20 status=running rate=$0.49777777777777776/hr elapsed=0.3332489695151647h est_spent=$0.266
2026-09-13 00:40:21 status=running rate=$0.49777777777777776/hr elapsed=0.3501934139596091h est_spent=$0.274
2026-09-13 00:41:22 status=running rate=$0.49777777777777776/hr elapsed=0.3671378584040536h est_spent=$0.283
2026-09-13 00:42:23 status=running rate=$0.49777777777777776/hr elapsed=0.38408230284849804h est_spent=$0.291
2026-09-13 00:43:24 status=running rate=$0.49777777777777776/hr elapsed=0.40102674729294246h est_spent=$0.3
2026-09-13 00:44:26 status=running rate=$0.49777777777777776/hr elapsed=0.4182489695151647h est_spent=$0.308
2026-09-13 00:45:27 status=running rate=$0.49777777777777776/hr elapsed=0.43519341395960914h est_spent=$0.317
2026-09-13 00:46:28 status=running rate=$0.49777777777777776/hr elapsed=0.45213785840405357h est_spent=$0.325
2026-09-13 00:47:29 status=running rate=$0.49777777777777776/hr elapsed=0.469082302848498h est_spent=$0.333
2026-09-13 00:48:30 status=running rate=$0.49777777777777776/hr elapsed=0.4860267472929425h est_spent=$0.342
2026-09-13 00:49:31 status=running rate=$0.49777777777777776/hr elapsed=0.5029711917373869h est_spent=$0.35
2026-09-13 00:50:32 status=running rate=$0.49777777777777776/hr elapsed=0.5199156361818313h est_spent=$0.359
2026-09-13 00:51:33 status=running rate=$0.49777777777777776/hr elapsed=0.5368600806262758h est_spent=$0.367
2026-09-13 00:52:34 status=running rate=$0.49777777777777776/hr elapsed=0.5538045250707202h est_spent=$0.376
2026-09-13 00:53:35 status=running rate=$0.49777777777777776/hr elapsed=0.5707489695151647h est_spent=$0.384
2026-09-13 00:54:36 status=running rate=$0.49777777777777776/hr elapsed=0.5876934139596092h est_spent=$0.393
2026-09-13 00:55:37 status=running rate=$0.49777777777777776/hr elapsed=0.6046378584040536h est_spent=$0.401
2026-09-13 00:56:39 status=running rate=$0.49777777777777776/hr elapsed=0.6218600806262758h est_spent=$0.41
2026-09-13 00:57:40 status=running rate=$0.49777777777777776/hr elapsed=0.6385267472929425h est_spent=$0.418
2026-09-13 00:58:40 status=running rate=$0.49777777777777776/hr elapsed=0.6554711917373869h est_spent=$0.426
2026-09-13 00:59:41 status=running rate=$0.49777777777777776/hr elapsed=0.6724156361818313h est_spent=$0.435
2026-09-13 01:00:42 status=running rate=$0.49777777777777776/hr elapsed=0.6893600806262759h est_spent=$0.443
2026-09-13 01:01:43 status=running rate=$0.49777777777777776/hr elapsed=0.7063045250707203h est_spent=$0.452
2026-09-13 01:02:44 status=running rate=$0.49777777777777776/hr elapsed=0.7232489695151647h est_spent=$0.46
2026-09-13 01:03:45 status=running rate=$0.49777777777777776/hr elapsed=0.7401934139596091h est_spent=$0.468
2026-09-13 01:04:46 status=running rate=$0.49777777777777776/hr elapsed=0.7571378584040536h est_spent=$0.477
2026-09-13 01:05:47 status=running rate=$0.49777777777777776/hr elapsed=0.774082302848498h est_spent=$0.485
2026-09-13 01:06:48 status=running rate=$0.49777777777777776/hr elapsed=0.7910267472929424h est_spent=$0.494
2026-09-13 01:07:49 status=running rate=$0.49777777777777776/hr elapsed=0.807971191737387h est_spent=$0.502
2026-09-13 01:08:50 status=running rate=$0.49777777777777776/hr elapsed=0.8249156361818314h est_spent=$0.511
2026-09-13 01:09:51 status=running rate=$0.49777777777777776/hr elapsed=0.8418600806262758h est_spent=$0.519
2026-09-13 01:10:53 status=running rate=$0.49777777777777776/hr elapsed=0.8588045250707202h est_spent=$0.527
2026-09-13 01:11:53 status=running rate=$0.49777777777777776/hr elapsed=0.8757489695151647h est_spent=$0.536
2026-09-13 01:12:54 status=running rate=$0.49777777777777776/hr elapsed=0.8926934139596091h est_spent=$0.544
2026-09-13 01:13:55 status=running rate=$0.49777777777777776/hr elapsed=0.9096378584040535h est_spent=$0.553
2026-09-13 01:14:56 status=running rate=$0.49777777777777776/hr elapsed=0.9265823028484981h est_spent=$0.561
2026-09-13 01:15:58 status=running rate=$0.49777777777777776/hr elapsed=0.9438045250707202h est_spent=$0.57
2026-09-13 01:16:59 status=running rate=$0.49777777777777776/hr elapsed=0.9607489695151646h est_spent=$0.578
2026-09-13 01:18:00 status=running rate=$0.49777777777777776/hr elapsed=0.9776934139596092h est_spent=$0.587
2026-09-13 01:19:01 status=running rate=$0.49777777777777776/hr elapsed=0.9946378584040536h est_spent=$0.595
2026-09-13 01:20:02 status=running rate=$0.49777777777777776/hr elapsed=1.011582302848498h est_spent=$0.604
2026-09-13 01:21:03 status=running rate=$0.49777777777777776/hr elapsed=1.0285267472929425h est_spent=$0.612
2026-09-13 01:22:04 status=running rate=$0.49777777777777776/hr elapsed=1.045471191737387h est_spent=$0.62
2026-09-13 01:23:05 status=running rate=$0.49777777777777776/hr elapsed=1.0624156361818313h est_spent=$0.629
2026-09-13 01:24:06 status=running rate=$0.49777777777777776/hr elapsed=1.0793600806262758h est_spent=$0.637
2026-09-13 01:25:07 status=running rate=$0.49777777777777776/hr elapsed=1.0963045250707202h est_spent=$0.646
2026-09-13 01:26:08 status=running rate=$0.49777777777777776/hr elapsed=1.1132489695151646h est_spent=$0.654
2026-09-13 01:27:09 status=running rate=$0.49777777777777776/hr elapsed=1.130193413959609h est_spent=$0.663
2026-09-13 01:28:10 status=running rate=$0.49777777777777776/hr elapsed=1.1471378584040537h est_spent=$0.671
2026-09-13 01:29:11 status=running rate=$0.49777777777777776/hr elapsed=1.1640823028484981h est_spent=$0.679
2026-09-13 01:30:12 status=running rate=$0.49777777777777776/hr elapsed=1.1810267472929425h est_spent=$0.688
2026-09-13 01:31:13 status=running rate=$0.49777777777777776/hr elapsed=1.1976934139596092h est_spent=$0.696
2026-09-13 01:32:14 status=running rate=$0.49777777777777776/hr elapsed=1.2146378584040536h est_spent=$0.705
2026-09-13 01:33:15 status=running rate=$0.49777777777777776/hr elapsed=1.231582302848498h est_spent=$0.713
2026-09-13 01:34:15 status=running rate=$0.49777777777777776/hr elapsed=1.2485267472929424h est_spent=$0.721
2026-09-13 01:35:17 status=running rate=$0.49777777777777776/hr elapsed=1.2654711917373869h est_spent=$0.73
2026-09-13 01:36:18 status=running rate=$0.49777777777777776/hr elapsed=1.2824156361818313h est_spent=$0.738
2026-09-13 01:37:19 status=running rate=$0.49777777777777776/hr elapsed=1.2993600806262757h est_spent=$0.747
2026-09-13 01:38:20 status=running rate=$0.49777777777777776/hr elapsed=1.316582302848498h est_spent=$0.755
2026-09-13 01:39:21 status=running rate=$0.49777777777777776/hr elapsed=1.3335267472929424h est_spent=$0.764
2026-09-13 01:40:22 status=running rate=$0.49777777777777776/hr elapsed=1.3504711917373868h est_spent=$0.772
2026-09-13 01:41:23 status=running rate=$0.49777777777777776/hr elapsed=1.3674156361818313h est_spent=$0.781
2026-09-13 01:42:25 status=running rate=$0.49777777777777776/hr elapsed=1.3846378584040535h est_spent=$0.789
2026-09-13 01:43:26 status=running rate=$0.49777777777777776/hr elapsed=1.401582302848498h est_spent=$0.798
2026-09-13 01:44:27 status=running rate=$0.49777777777777776/hr elapsed=1.4185267472929424h est_spent=$0.806
2026-09-13 01:45:28 status=running rate=$0.49777777777777776/hr elapsed=1.435471191737387h est_spent=$0.815
2026-09-13 01:46:29 status=running rate=$0.49777777777777776/hr elapsed=1.4524156361818314h est_spent=$0.823
2026-09-13 01:47:30 status=running rate=$0.49777777777777776/hr elapsed=1.4693600806262759h est_spent=$0.831
2026-09-13 01:48:31 status=running rate=$0.49777777777777776/hr elapsed=1.4863045250707203h est_spent=$0.84
2026-09-13 01:49:32 status=running rate=$0.49777777777777776/hr elapsed=1.5032489695151647h est_spent=$0.848
2026-09-13 01:50:33 status=running rate=$0.49777777777777776/hr elapsed=1.5201934139596092h est_spent=$0.857
2026-09-13 01:51:35 status=running rate=$0.49777777777777776/hr elapsed=1.5371378584040536h est_spent=$0.865
2026-09-13 01:52:36 status=running rate=$0.49777777777777776/hr elapsed=1.5543600806262758h est_spent=$0.874
2026-09-13 01:53:37 status=running rate=$0.49777777777777776/hr elapsed=1.5713045250707203h est_spent=$0.882
2026-09-13 01:54:38 status=running rate=$0.49777777777777776/hr elapsed=1.5882489695151647h est_spent=$0.891
2026-09-13 01:55:39 status=running rate=$0.49777777777777776/hr elapsed=1.6051934139596091h est_spent=$0.899
2026-09-13 01:56:40 status=running rate=$0.49777777777777776/hr elapsed=1.6221378584040536h est_spent=$0.907
2026-09-13 01:57:41 status=running rate=$0.49777777777777776/hr elapsed=1.639082302848498h est_spent=$0.916
2026-09-13 01:58:42 status=running rate=$0.49777777777777776/hr elapsed=1.6560267472929424h est_spent=$0.924
2026-09-13 01:59:43 status=running rate=$0.49777777777777776/hr elapsed=1.6729711917373868h est_spent=$0.933
2026-09-13 02:00:44 status=running rate=$0.49777777777777776/hr elapsed=1.6899156361818313h est_spent=$0.941
2026-09-13 02:01:45 status=running rate=$0.49777777777777776/hr elapsed=1.7068600806262757h est_spent=$0.95
2026-09-13 02:02:48 status=running rate=$0.49777777777777776/hr elapsed=1.7243600806262758h est_spent=$0.958
2026-09-13 02:03:49 status=running rate=$0.49777777777777776/hr elapsed=1.7410267472929424h est_spent=$0.967
2026-09-13 02:04:50 status=running rate=$0.49777777777777776/hr elapsed=1.7582489695151646h est_spent=$0.975
2026-09-13 02:05:51 status=running rate=$0.49777777777777776/hr elapsed=1.775193413959609h est_spent=$0.984
2026-09-13 02:06:52 status=running rate=$0.49777777777777776/hr elapsed=1.7921378584040535h est_spent=$0.992
2026-09-13 02:07:53 status=running rate=$0.49777777777777776/hr elapsed=1.8090823028484981h est_spent=$1.001
2026-09-13 02:08:54 status=running rate=$0.49777777777777776/hr elapsed=1.8260267472929426h est_spent=$1.009
2026-09-13 02:09:55 status=running rate=$0.49777777777777776/hr elapsed=1.842971191737387h est_spent=$1.017
2026-09-13 02:10:56 status=running rate=$0.49777777777777776/hr elapsed=1.8599156361818314h est_spent=$1.026
2026-09-13 02:11:57 status=running rate=$0.49777777777777776/hr elapsed=1.8768600806262759h est_spent=$1.034
2026-09-13 02:12:59 status=running rate=$0.49777777777777776/hr elapsed=1.8938045250707203h est_spent=$1.043
2026-09-13 02:13:59 status=running rate=$0.49777777777777776/hr elapsed=1.9107489695151647h est_spent=$1.051
2026-09-13 02:15:00 status=running rate=$0.49777777777777776/hr elapsed=1.9276934139596091h est_spent=$1.06
2026-09-13 02:16:02 status=running rate=$0.49777777777777776/hr elapsed=1.9449156361818314h est_spent=$1.068
2026-09-13 02:17:03 status=running rate=$0.49777777777777776/hr elapsed=1.961582302848498h est_spent=$1.076
2026-09-13 02:18:04 status=running rate=$0.49777777777777776/hr elapsed=1.9785267472929424h est_spent=$1.085
2026-09-13 02:19:04 status=running rate=$0.49777777777777776/hr elapsed=1.9954711917373869h est_spent=$1.093
2026-09-13 02:20:06 status=running rate=$0.49777777777777776/hr elapsed=2.0124156361818315h est_spent=$1.102
2026-09-13 02:21:07 status=running rate=$0.49777777777777776/hr elapsed=2.029360080626276h est_spent=$1.11
2026-09-13 02:22:08 status=running rate=$0.49777777777777776/hr elapsed=2.046582302848498h est_spent=$1.119
2026-09-13 02:23:09 status=running rate=$0.49777777777777776/hr elapsed=2.063248969515165h est_spent=$1.127
2026-09-13 02:24:10 status=running rate=$0.49777777777777776/hr elapsed=2.080471191737387h est_spent=$1.136
2026-09-13 02:25:11 status=running rate=$0.49777777777777776/hr elapsed=2.0974156361818315h est_spent=$1.144
2026-09-13 02:26:12 status=running rate=$0.49777777777777776/hr elapsed=2.114360080626276h est_spent=$1.152
2026-09-13 02:27:13 status=running rate=$0.49777777777777776/hr elapsed=2.1313045250707203h est_spent=$1.161
2026-09-13 02:28:14 status=running rate=$0.49777777777777776/hr elapsed=2.1482489695151648h est_spent=$1.169
2026-09-13 02:29:15 status=running rate=$0.49777777777777776/hr elapsed=2.165193413959609h est_spent=$1.178
2026-09-13 02:30:16 status=running rate=$0.49777777777777776/hr elapsed=2.1821378584040536h est_spent=$1.186
2026-09-13 02:31:17 status=running rate=$0.49777777777777776/hr elapsed=2.199082302848498h est_spent=$1.195
2026-09-13 02:32:18 status=running rate=$0.49777777777777776/hr elapsed=2.2160267472929425h est_spent=$1.203
2026-09-13 02:33:19 status=running rate=$0.49777777777777776/hr elapsed=2.232971191737387h est_spent=$1.212
2026-09-13 02:34:21 status=running rate=$0.49777777777777776/hr elapsed=2.250193413959609h est_spent=$1.22
2026-09-13 02:35:22 status=running rate=$0.49777777777777776/hr elapsed=2.2671378584040536h est_spent=$1.229
2026-09-13 02:36:23 status=running rate=$0.49777777777777776/hr elapsed=2.284082302848498h est_spent=$1.237
2026-09-13 02:37:24 status=running rate=$0.49777777777777776/hr elapsed=2.3010267472929424h est_spent=$1.245
2026-09-13 02:38:27 status=running rate=$0.49777777777777776/hr elapsed=2.3182489695151647h est_spent=$1.254
2026-09-13 02:39:28 status= rate=$0.0/hr elapsed=497022.65777777776h est_spent=$0.1
2026-09-13 02:39:28 stopped: instance destroyed
