Note that running a local entrypoint in detached mode only keeps the last triggered Modal function alive after the parent process has been killed or disconnected.
✓ Initialized. View run at 
https://modal.com/apps/lironktf/main/ap-wij1yEB1aoEY4gx9Z7AFLC
Building image im-dXELJ92Zv1Gw9U2zl0vNeP

=> Step 0: FROM base

=> Step 1: COPY . /
Saving image...
Image saved, took 1.81s

Built image im-dXELJ92Zv1Gw9U2zl0vNeP in 3.99s


Building image im-EaJvZbL3XmLUBnsMOtA7y1

=> Step 0: FROM base

=> Step 1: COPY . /
Saving image...
Image saved, took 1.71s

Built image im-EaJvZbL3XmLUBnsMOtA7y1 in 3.27s


Building image im-MUtkl769SlrvoUvU7nYPrZ

=> Step 0: FROM base

=> Step 1: COPY . /
Saving image...
Image saved, took 4.85s

Built image im-MUtkl769SlrvoUvU7nYPrZ in 12.65s


Building image im-OfHForTrooQfUYWTwf9cWB

=> Step 0: FROM base

=> Step 1: COPY . /
Saving image...
Image saved, took 2.00s

Built image im-OfHForTrooQfUYWTwf9cWB in 9.52s


Building image im-fg0YLUuGQrcuqKcuwcfSrf

=> Step 0: FROM base

=> Step 1: RUN cd /root/chess/trainer && cargo build --release --features cuda --bin train_v3 --bin inspect 2>&1 | tail -n 5
   Compiling toml v0.8.23
   Compiling viriformat v2.0.1
   Compiling bullet_lib v1.0.0 (https://github.com/jw1912/bullet?rev=629ee50000b2afb7b3337595401c830d3b1e0f42#629ee500)
   Compiling trainer v0.1.0 (/root/chess/trainer)
    Finished `release` profile [optimized] target(s) in 13.56s

=> Step 2: RUN printf '[workspace]\nresolver = "2"\nmembers = ["engine", "lc0conv"]\n' > /root/chess/Cargo.toml && cd /root/chess && cargo build --release -p lc0conv 2>&1 | tail -n 3
   Compiling tar v0.4.46
   Compiling lc0conv v0.1.0 (/root/chess/lc0conv)
    Finished `release` profile [optimized] target(s) in 8.27s
Saving image...
Image saved, took 7.49s

Built image im-fg0YLUuGQrcuqKcuwcfSrf in 31.70s


✓ Created objects.
├── 🔨 Created mount /home/liron/Desktop/chess/scripts/modal_train.py
├── 🔨 Created mount /home/liron/Desktop/chess/scripts/policy_train.py
├── 🔨 Created mount /home/liron/Desktop/chess/engine
├── 🔨 Created function policy_train.
├── 🔨 Created mount /home/liron/Desktop/chess/trainer
├── 🔨 Created mount /home/liron/Desktop/chess/nets/default.bin
├── 🔨 Created mount /home/liron/Desktop/chess/lc0conv
├── 🔨 Created function policy_data.
├── 🔨 Created function fetch.
├── 🔨 Created function train.
└── 🔨 Created function status.
gpu=L40S cap=1.5 h (ANNA_GPU / ANNA_HOURS)

==========
== CUDA ==
==========

CUDA Version 12.4.1

Container image Copyright (c) 2016-2023, NVIDIA CORPORATION & AFFILIATES. All rights reserved.

This container image and its contents are governed by the NVIDIA Deep Learning Container License.
By pulling and using the container, you accept the terms and conditions of this license:
https://developer.nvidia.com/ngc/nvidia-deep-learning-container-license

A copy of this license is made available in this container at /NGC-DL-CONTAINER-LICENSE for your convenience.

exit=0; checkpoints in /data/checkpoints/anna-v5f; log /data/runs/anna-v5f/train.log
[modal-client] 2026-09-15T14:53:52-0400 Timed out waiting for final app logs.
✓ App completed. View run at 
https://modal.com/apps/lironktf/main/ap-wij1yEB1aoEY4gx9Z7AFLC
exit=0
