2026-09-16 14:00:48 guard start run=anna-v6 instance=51235738 cap=$5.00 poll=60s
2026-09-16 14:00:49 status= rate=$0.4444444444444445/hr elapsed=0.042034691174825035h est_spent=$0.119
2026-09-16 14:01:50 status=loading rate=$0.4444444444444445/hr elapsed=0.05897913561926948h est_spent=$0.126
2026-09-16 14:02:51 status=loading rate=$0.4444444444444445/hr elapsed=0.07564580228593615h est_spent=$0.134
2026-09-16 14:03:51 status=loading rate=$0.4444444444444445/hr elapsed=0.09259024673038059h est_spent=$0.141
2026-09-16 14:04:52 status=loading rate=$0.4444444444444445/hr elapsed=0.10953469117482503h est_spent=$0.149
2026-09-16 14:05:53 status=loading rate=$0.4444444444444445/hr elapsed=0.1264791356192695h est_spent=$0.156
2026-09-16 14:06:54 status=loading rate=$0.4444444444444445/hr elapsed=0.14342358006371392h est_spent=$0.164
2026-09-16 14:07:55 status=loading rate=$0.4444444444444445/hr elapsed=0.16036802450815837h est_spent=$0.171
2026-09-16 14:08:56 status=loading rate=$0.4444444444444445/hr elapsed=0.1773124689526028h est_spent=$0.179
2026-09-16 14:09:57 status=loading rate=$0.4444444444444445/hr elapsed=0.19425691339704726h est_spent=$0.186
2026-09-16 14:10:58 status=loading rate=$0.4444444444444445/hr elapsed=0.2112013578414917h est_spent=$0.194
2026-09-16 14:11:59 status=loading rate=$0.4444444444444445/hr elapsed=0.22814580228593614h est_spent=$0.201
2026-09-16 14:13:13 guard start run=anna-v6 instance=51236656 cap=$5.00 poll=60s
2026-09-16 14:13:14 status= rate=$0.5644444444444445/hr elapsed=0.04081941876146528h est_spent=$0.123
2026-09-16 14:14:15 status=running rate=$0.5644444444444445/hr elapsed=0.05776386320590973h est_spent=$0.133
2026-09-16 14:15:16 status=running rate=$0.5644444444444445/hr elapsed=0.07470830765035417h est_spent=$0.142
2026-09-16 14:16:17 status=running rate=$0.5644444444444445/hr elapsed=0.09165275209479862h est_spent=$0.152
2026-09-16 14:17:18 status=running rate=$0.5644444444444445/hr elapsed=0.10859719653924306h est_spent=$0.161
2026-09-16 14:18:19 status=running rate=$0.5644444444444445/hr elapsed=0.1255416409836875h est_spent=$0.171
2026-09-16 14:19:20 status=running rate=$0.5644444444444445/hr elapsed=0.14248608542813196h est_spent=$0.18
2026-09-16 14:20:21 status=running rate=$0.5644444444444445/hr elapsed=0.1594305298725764h est_spent=$0.19
2026-09-16 14:21:23 status=running rate=$0.5644444444444445/hr elapsed=0.1766527520947986h est_spent=$0.2
2026-09-16 14:22:24 status=running rate=$0.5644444444444445/hr elapsed=0.19359719653924307h est_spent=$0.209
2026-09-16 14:23:25 status=running rate=$0.5644444444444445/hr elapsed=0.2105416409836875h est_spent=$0.219
2026-09-16 14:24:26 status=running rate=$0.5644444444444445/hr elapsed=0.22748608542813195h est_spent=$0.228
2026-09-16 14:25:27 status=running rate=$0.5644444444444445/hr elapsed=0.2444305298725764h est_spent=$0.238
2026-09-16 14:26:28 status=running rate=$0.5644444444444445/hr elapsed=0.26137497431702084h est_spent=$0.248
2026-09-16 14:27:29 status=running rate=$0.5644444444444445/hr elapsed=0.27831941876146526h est_spent=$0.257
2026-09-16 14:28:53 guard start run=anna-v6 instance=51237763 cap=$5.00 poll=60s
2026-09-16 14:28:54 status= rate=$0.49333333333333335/hr elapsed=0.03974559790558285h est_spent=$0.12
2026-09-16 14:29:55 status=loading rate=$0.49333333333333335/hr elapsed=0.056690042350027295h est_spent=$0.128
2026-09-16 14:30:57 status=running rate=$0.49333333333333335/hr elapsed=0.07363448679447174h est_spent=$0.136
2026-09-16 14:31:58 status=running rate=$0.49333333333333335/hr elapsed=0.09085670901669396h est_spent=$0.145
2026-09-16 14:32:59 status=running rate=$0.49333333333333335/hr elapsed=0.1078011534611384h est_spent=$0.153
2026-09-16 14:34:00 status=running rate=$0.49333333333333335/hr elapsed=0.12474559790558286h est_spent=$0.162
2026-09-16 14:35:01 status=running rate=$0.49333333333333335/hr elapsed=0.1416900423500273h est_spent=$0.17
2026-09-16 14:36:02 status=running rate=$0.49333333333333335/hr elapsed=0.15863448679447173h est_spent=$0.178
2026-09-16 14:37:03 status=running rate=$0.49333333333333335/hr elapsed=0.17557893123891619h est_spent=$0.187
2026-09-16 14:38:05 status=running rate=$0.49333333333333335/hr elapsed=0.19252337568336064h est_spent=$0.195
2026-09-16 14:39:06 status=running rate=$0.49333333333333335/hr elapsed=0.20974559790558286h est_spent=$0.203
2026-09-16 14:40:07 status=running rate=$0.49333333333333335/hr elapsed=0.2266900423500273h est_spent=$0.212
2026-09-16 14:41:08 status=running rate=$0.49333333333333335/hr elapsed=0.24363448679447175h est_spent=$0.22
2026-09-16 14:42:09 status=running rate=$0.49333333333333335/hr elapsed=0.2605789312389162h est_spent=$0.229
2026-09-16 14:43:10 status=running rate=$0.49333333333333335/hr elapsed=0.2775233756833606h est_spent=$0.237
2026-09-16 14:44:11 status=running rate=$0.49333333333333335/hr elapsed=0.2944678201278051h est_spent=$0.245
2026-09-16 14:45:12 status=running rate=$0.49333333333333335/hr elapsed=0.3114122645722495h est_spent=$0.254
2026-09-16 14:46:13 status=running rate=$0.49333333333333335/hr elapsed=0.32835670901669395h est_spent=$0.262
2026-09-16 14:47:14 status=running rate=$0.49333333333333335/hr elapsed=0.34530115346113843h est_spent=$0.27
2026-09-16 14:48:16 status=running rate=$0.49333333333333335/hr elapsed=0.3625233756833606h est_spent=$0.279
2026-09-16 14:49:17 status=running rate=$0.49333333333333335/hr elapsed=0.37946782012780506h est_spent=$0.287
2026-09-16 14:50:18 status=running rate=$0.49333333333333335/hr elapsed=0.39641226457224954h est_spent=$0.296
2026-09-16 14:51:19 status=running rate=$0.49333333333333335/hr elapsed=0.41335670901669397h est_spent=$0.304
2026-09-16 14:52:20 status=running rate=$0.49333333333333335/hr elapsed=0.4303011534611384h est_spent=$0.312
2026-09-16 14:53:21 status=running rate=$0.49333333333333335/hr elapsed=0.4472455979055828h est_spent=$0.321
2026-09-16 14:54:22 status=running rate=$0.49333333333333335/hr elapsed=0.4641900423500273h est_spent=$0.329
2026-09-16 14:55:24 status=running rate=$0.49333333333333335/hr elapsed=0.4814122645722495h est_spent=$0.337
2026-09-16 14:56:25 status=running rate=$0.49333333333333335/hr elapsed=0.498356709016694h est_spent=$0.346
2026-09-16 14:57:26 status=running rate=$0.49333333333333335/hr elapsed=0.5153011534611384h est_spent=$0.354
2026-09-16 14:58:28 status=running rate=$0.49333333333333335/hr elapsed=0.5325233756833606h est_spent=$0.363
2026-09-16 14:59:29 status=running rate=$0.49333333333333335/hr elapsed=0.549467820127805h est_spent=$0.371
2026-09-16 15:00:31 status=running rate=$0.49333333333333335/hr elapsed=0.5664122645722495h est_spent=$0.379
2026-09-16 15:01:32 status=running rate=$0.49333333333333335/hr elapsed=0.5836344867944717h est_spent=$0.388
2026-09-16 15:02:33 status=running rate=$0.49333333333333335/hr elapsed=0.6005789312389161h est_spent=$0.396
2026-09-16 15:03:34 status=running rate=$0.49333333333333335/hr elapsed=0.6175233756833606h est_spent=$0.405
2026-09-16 15:04:35 status=running rate=$0.49333333333333335/hr elapsed=0.6344678201278051h est_spent=$0.413
2026-09-16 15:05:36 status=running rate=$0.49333333333333335/hr elapsed=0.6514122645722495h est_spent=$0.421
2026-09-16 15:06:37 status=running rate=$0.49333333333333335/hr elapsed=0.668356709016694h est_spent=$0.43
2026-09-16 15:07:38 status=running rate=$0.49333333333333335/hr elapsed=0.6853011534611384h est_spent=$0.438
2026-09-16 15:08:39 status=running rate=$0.49333333333333335/hr elapsed=0.7022455979055828h est_spent=$0.446
2026-09-16 15:09:40 status=running rate=$0.49333333333333335/hr elapsed=0.7191900423500273h est_spent=$0.455
2026-09-16 15:10:41 status=running rate=$0.49333333333333335/hr elapsed=0.7361344867944717h est_spent=$0.463
2026-09-16 15:11:42 status=running rate=$0.49333333333333335/hr elapsed=0.7530789312389162h est_spent=$0.472
2026-09-16 15:12:43 status=running rate=$0.49333333333333335/hr elapsed=0.7700233756833607h est_spent=$0.48
2026-09-16 15:13:44 status=running rate=$0.49333333333333335/hr elapsed=0.7869678201278051h est_spent=$0.488
2026-09-16 15:14:45 status=running rate=$0.49333333333333335/hr elapsed=0.8039122645722495h est_spent=$0.497
2026-09-16 15:15:46 status=running rate=$0.49333333333333335/hr elapsed=0.8208567090166939h est_spent=$0.505
2026-09-16 15:16:47 status=running rate=$0.49333333333333335/hr elapsed=0.8378011534611384h est_spent=$0.513
2026-09-16 15:17:48 status=running rate=$0.49333333333333335/hr elapsed=0.8547455979055828h est_spent=$0.522
2026-09-16 15:18:49 status=running rate=$0.49333333333333335/hr elapsed=0.8716900423500273h est_spent=$0.53
2026-09-16 15:19:50 status=running rate=$0.49333333333333335/hr elapsed=0.8886344867944718h est_spent=$0.538
2026-09-16 15:20:52 status=running rate=$0.49333333333333335/hr elapsed=0.905856709016694h est_spent=$0.547
2026-09-16 15:21:53 status=running rate=$0.49333333333333335/hr elapsed=0.9228011534611384h est_spent=$0.555
2026-09-16 15:22:54 status=running rate=$0.49333333333333335/hr elapsed=0.9397455979055829h est_spent=$0.564
2026-09-16 15:23:55 status=running rate=$0.49333333333333335/hr elapsed=0.9566900423500273h est_spent=$0.572
2026-09-16 15:24:56 status=running rate=$0.49333333333333335/hr elapsed=0.9736344867944717h est_spent=$0.58
2026-09-16 15:25:57 status=running rate=$0.49333333333333335/hr elapsed=0.9905789312389162h est_spent=$0.589
2026-09-16 15:26:58 status=running rate=$0.49333333333333335/hr elapsed=1.0075233756833606h est_spent=$0.597
2026-09-16 15:27:59 status=missing rate=$0.49333333333333335/hr elapsed=1.024467820127805h est_spent=$0.605
2026-09-16 15:29:00 status=running rate=$0.49333333333333335/hr elapsed=1.0414122645722494h est_spent=$0.614
2026-09-16 15:30:01 status=running rate=$0.49333333333333335/hr elapsed=1.0583567090166939h est_spent=$0.622
2026-09-16 15:31:02 status=running rate=$0.49333333333333335/hr elapsed=1.0753011534611383h est_spent=$0.63
2026-09-16 15:32:03 status=running rate=$0.49333333333333335/hr elapsed=1.092245597905583h est_spent=$0.639
2026-09-16 15:33:04 status=running rate=$0.49333333333333335/hr elapsed=1.1091900423500274h est_spent=$0.647
2026-09-16 15:34:05 status=running rate=$0.49333333333333335/hr elapsed=1.1261344867944718h est_spent=$0.656
2026-09-16 15:35:06 status=running rate=$0.49333333333333335/hr elapsed=1.1430789312389162h est_spent=$0.664
2026-09-16 15:36:07 status=running rate=$0.49333333333333335/hr elapsed=1.1600233756833607h est_spent=$0.672
2026-09-16 15:37:08 status=running rate=$0.49333333333333335/hr elapsed=1.176967820127805h est_spent=$0.681
2026-09-16 15:38:09 status=running rate=$0.49333333333333335/hr elapsed=1.1939122645722495h est_spent=$0.689
2026-09-16 15:39:11 status=running rate=$0.49333333333333335/hr elapsed=1.2111344867944718h est_spent=$0.697
2026-09-16 15:40:12 status=running rate=$0.49333333333333335/hr elapsed=1.2280789312389162h est_spent=$0.706
2026-09-16 15:41:13 status=running rate=$0.49333333333333335/hr elapsed=1.2450233756833606h est_spent=$0.714
2026-09-16 15:42:14 status=running rate=$0.49333333333333335/hr elapsed=1.261967820127805h est_spent=$0.723
2026-09-16 15:43:15 status=running rate=$0.49333333333333335/hr elapsed=1.2789122645722495h est_spent=$0.731
2026-09-16 15:44:16 status=running rate=$0.49333333333333335/hr elapsed=1.295856709016694h est_spent=$0.739
2026-09-16 15:45:17 status=running rate=$0.49333333333333335/hr elapsed=1.3128011534611383h est_spent=$0.748
2026-09-16 15:46:18 status=running rate=$0.49333333333333335/hr elapsed=1.3297455979055828h est_spent=$0.756
2026-09-16 15:47:19 status=running rate=$0.49333333333333335/hr elapsed=1.3466900423500272h est_spent=$0.764
2026-09-16 15:48:20 status=running rate=$0.49333333333333335/hr elapsed=1.3636344867944716h est_spent=$0.773
2026-09-16 15:49:23 status=running rate=$0.49333333333333335/hr elapsed=1.3811344867944717h est_spent=$0.781
2026-09-16 21:08:32 guard start run=anna-v6 instance=51262070 cap=$6.00 poll=60s
2026-09-16 21:08:33 status= rate=$0.7377777777777778/hr elapsed=0.040671453674634296h est_spent=$0.13
2026-09-16 21:09:35 status=running rate=$0.7377777777777778/hr elapsed=0.05789367589685652h est_spent=$0.143
2026-09-16 21:10:36 status=running rate=$0.7377777777777778/hr elapsed=0.07483812034130097h est_spent=$0.155
2026-09-16 21:11:20 guard start run=anna-v6 instance=51262070 cap=$6.00 poll=60s
2026-09-16 21:11:21 status=running rate=$0.5822222222222222/hr elapsed=0.08733812034130096h est_spent=$0.151
2026-09-16 21:12:23 status=running rate=$0.5822222222222222/hr elapsed=0.10456034256352319h est_spent=$0.161
2026-09-16 21:13:24 status=running rate=$0.5822222222222222/hr elapsed=0.12150478700796763h est_spent=$0.171
2026-09-16 21:14:26 status=running rate=$0.5822222222222222/hr elapsed=0.13844923145241209h est_spent=$0.181
2026-09-16 21:15:27 status=running rate=$0.5822222222222222/hr elapsed=0.1556714536746343h est_spent=$0.191
2026-09-16 21:16:28 status=running rate=$0.5822222222222222/hr elapsed=0.17261589811907874h est_spent=$0.201
2026-09-16 21:17:29 status=running rate=$0.5822222222222222/hr elapsed=0.1895603425635232h est_spent=$0.21
2026-09-16 21:18:30 status=running rate=$0.5822222222222222/hr elapsed=0.20650478700796762h est_spent=$0.22
2026-09-16 21:19:32 status=running rate=$0.5822222222222222/hr elapsed=0.22372700923018984h est_spent=$0.23
2026-09-16 21:20:33 status=running rate=$0.5822222222222222/hr elapsed=0.2406714536746343h est_spent=$0.24
2026-09-16 21:21:34 status=running rate=$0.5822222222222222/hr elapsed=0.25761589811907876h est_spent=$0.25
2026-09-16 21:22:35 status=running rate=$0.5822222222222222/hr elapsed=0.2745603425635232h est_spent=$0.26
2026-09-16 21:23:37 status=running rate=$0.5822222222222222/hr elapsed=0.29178256478574544h est_spent=$0.27
2026-09-16 21:24:38 status=running rate=$0.5822222222222222/hr elapsed=0.30872700923018986h est_spent=$0.28
2026-09-16 21:25:39 status=running rate=$0.5822222222222222/hr elapsed=0.3256714536746343h est_spent=$0.29
2026-09-16 21:26:40 status=running rate=$0.5822222222222222/hr elapsed=0.3426158981190787h est_spent=$0.299
2026-09-16 21:27:41 status=running rate=$0.5822222222222222/hr elapsed=0.3595603425635232h est_spent=$0.309
2026-09-16 21:28:43 status=running rate=$0.5822222222222222/hr elapsed=0.3767825647857454h est_spent=$0.319
2026-09-16 21:29:44 status=running rate=$0.5822222222222222/hr elapsed=0.39372700923018983h est_spent=$0.329
2026-09-16 21:30:45 status=running rate=$0.5822222222222222/hr elapsed=0.4106714536746343h est_spent=$0.339
2026-09-16 21:31:46 status=running rate=$0.5822222222222222/hr elapsed=0.42761589811907874h est_spent=$0.349
2026-09-16 21:32:48 status=running rate=$0.5822222222222222/hr elapsed=0.444838120341301h est_spent=$0.359
2026-09-16 21:33:49 status=running rate=$0.5822222222222222/hr elapsed=0.4617825647857454h est_spent=$0.369
2026-09-16 21:34:51 status=running rate=$0.5822222222222222/hr elapsed=0.4790047870079676h est_spent=$0.379
2026-09-16 21:35:52 status=running rate=$0.5822222222222222/hr elapsed=0.4959492314524121h est_spent=$0.389
2026-09-16 21:36:53 status=running rate=$0.5822222222222222/hr elapsed=0.5128936758968565h est_spent=$0.399
2026-09-16 21:37:54 status=running rate=$0.5822222222222222/hr elapsed=0.529838120341301h est_spent=$0.408
2026-09-16 21:38:56 status=running rate=$0.5822222222222222/hr elapsed=0.5470603425635232h est_spent=$0.419
2026-09-16 21:39:57 status=running rate=$0.5822222222222222/hr elapsed=0.5640047870079676h est_spent=$0.428
2026-09-16 21:40:58 status=running rate=$0.5822222222222222/hr elapsed=0.5809492314524121h est_spent=$0.438
2026-09-16 21:41:59 status=running rate=$0.5822222222222222/hr elapsed=0.5978936758968565h est_spent=$0.448
2026-09-16 21:43:01 status=running rate=$0.5822222222222222/hr elapsed=0.6151158981190787h est_spent=$0.458
2026-09-16 21:44:02 status=running rate=$0.5822222222222222/hr elapsed=0.6320603425635232h est_spent=$0.468
2026-09-16 21:45:03 status=running rate=$0.5822222222222222/hr elapsed=0.6490047870079676h est_spent=$0.478
2026-09-16 21:46:04 status=running rate=$0.5822222222222222/hr elapsed=0.665949231452412h est_spent=$0.488
2026-09-16 21:47:06 status=running rate=$0.5822222222222222/hr elapsed=0.6831714536746343h est_spent=$0.498
2026-09-16 21:48:07 status=running rate=$0.5822222222222222/hr elapsed=0.7001158981190787h est_spent=$0.508
2026-09-16 21:49:08 status=running rate=$0.5822222222222222/hr elapsed=0.7170603425635231h est_spent=$0.517
2026-09-16 21:50:10 status=running rate=$0.5822222222222222/hr elapsed=0.7342825647857454h est_spent=$0.528
2026-09-16 21:51:11 status=running rate=$0.5822222222222222/hr elapsed=0.7512270092301898h est_spent=$0.537
2026-09-16 21:52:12 status=running rate=$0.5822222222222222/hr elapsed=0.7681714536746344h est_spent=$0.547
2026-09-16 21:53:13 status=running rate=$0.5822222222222222/hr elapsed=0.7851158981190788h est_spent=$0.557
2026-09-16 21:54:15 status=running rate=$0.5822222222222222/hr elapsed=0.8020603425635232h est_spent=$0.567
2026-09-16 21:55:16 status=running rate=$0.5822222222222222/hr elapsed=0.8192825647857455h est_spent=$0.577
2026-09-16 21:56:17 status=running rate=$0.5822222222222222/hr elapsed=0.8362270092301899h est_spent=$0.587
2026-09-16 21:57:19 status=running rate=$0.5822222222222222/hr elapsed=0.8531714536746343h est_spent=$0.597
2026-09-16 21:58:20 status=running rate=$0.5822222222222222/hr elapsed=0.8703936758968566h est_spent=$0.607
2026-09-16 21:59:21 status=running rate=$0.5822222222222222/hr elapsed=0.887338120341301h est_spent=$0.617
2026-09-16 22:00:23 status=running rate=$0.5822222222222222/hr elapsed=0.9045603425635231h est_spent=$0.627
2026-09-16 22:01:24 status=running rate=$0.5822222222222222/hr elapsed=0.9215047870079677h est_spent=$0.637
2026-09-16 22:02:28 status=running rate=$0.5822222222222222/hr elapsed=0.9392825647857455h est_spent=$0.647
2026-09-16 22:03:30 status=running rate=$0.5822222222222222/hr elapsed=0.9565047870079676h est_spent=$0.657
2026-09-16 22:04:31 status=running rate=$0.5822222222222222/hr elapsed=0.973449231452412h est_spent=$0.667
2026-09-16 22:05:32 status=running rate=$0.5822222222222222/hr elapsed=0.9903936758968566h est_spent=$0.677
2026-09-16 22:06:34 status=running rate=$0.5822222222222222/hr elapsed=1.007338120341301h est_spent=$0.686
2026-09-16 22:07:35 status=running rate=$0.5822222222222222/hr elapsed=1.0245603425635232h est_spent=$0.697
2026-09-16 22:08:36 status=running rate=$0.5822222222222222/hr elapsed=1.0415047870079677h est_spent=$0.706
2026-09-16 22:09:37 status=running rate=$0.5822222222222222/hr elapsed=1.058449231452412h est_spent=$0.716
2026-09-16 22:10:38 status=running rate=$0.5822222222222222/hr elapsed=1.0753936758968565h est_spent=$0.726
2026-09-16 22:11:40 status=running rate=$0.5822222222222222/hr elapsed=1.0926158981190788h est_spent=$0.736
2026-09-16 22:12:41 status=running rate=$0.5822222222222222/hr elapsed=1.1095603425635232h est_spent=$0.746
2026-09-16 22:13:42 status=running rate=$0.5822222222222222/hr elapsed=1.1265047870079676h est_spent=$0.756
2026-09-16 22:14:43 status=running rate=$0.5822222222222222/hr elapsed=1.143449231452412h est_spent=$0.766
2026-09-16 22:15:45 status=running rate=$0.5822222222222222/hr elapsed=1.1606714536746343h est_spent=$0.776
2026-09-16 22:16:46 status=running rate=$0.5822222222222222/hr elapsed=1.1776158981190787h est_spent=$0.786
2026-09-16 22:17:47 status=running rate=$0.5822222222222222/hr elapsed=1.1945603425635232h est_spent=$0.795
2026-09-16 22:18:48 status=running rate=$0.5822222222222222/hr elapsed=1.2115047870079676h est_spent=$0.805
2026-09-16 22:19:49 status=running rate=$0.5822222222222222/hr elapsed=1.228449231452412h est_spent=$0.815
2026-09-16 22:20:51 status=running rate=$0.5822222222222222/hr elapsed=1.2456714536746343h est_spent=$0.825
2026-09-16 22:21:52 status=running rate=$0.5822222222222222/hr elapsed=1.2626158981190787h est_spent=$0.835
2026-09-16 22:22:53 status=running rate=$0.5822222222222222/hr elapsed=1.2795603425635231h est_spent=$0.845
2026-09-16 22:23:54 status=running rate=$0.5822222222222222/hr elapsed=1.2965047870079676h est_spent=$0.855
2026-09-16 22:24:55 status=running rate=$0.5822222222222222/hr elapsed=1.313449231452412h est_spent=$0.865
2026-09-16 22:25:56 status=running rate=$0.5822222222222222/hr elapsed=1.3303936758968564h est_spent=$0.875
2026-09-16 22:26:58 status=running rate=$0.5822222222222222/hr elapsed=1.347338120341301h est_spent=$0.884
2026-09-16 22:27:59 status=running rate=$0.5822222222222222/hr elapsed=1.364560342563523h est_spent=$0.894
2026-09-16 22:29:00 status=running rate=$0.5822222222222222/hr elapsed=1.3815047870079675h est_spent=$0.904
2026-09-16 22:30:01 status=running rate=$0.5822222222222222/hr elapsed=1.3984492314524122h est_spent=$0.914
2026-09-16 22:31:02 status=running rate=$0.5822222222222222/hr elapsed=1.4153936758968566h est_spent=$0.924
2026-09-16 22:32:03 status=running rate=$0.5822222222222222/hr elapsed=1.432338120341301h est_spent=$0.934
2026-09-16 22:33:04 status=running rate=$0.5822222222222222/hr elapsed=1.4492825647857455h est_spent=$0.944
2026-09-16 22:34:05 status=running rate=$0.5822222222222222/hr elapsed=1.46622700923019h est_spent=$0.954
2026-09-16 22:35:06 status=running rate=$0.5822222222222222/hr elapsed=1.4831714536746343h est_spent=$0.964
2026-09-16 22:36:07 status=running rate=$0.5822222222222222/hr elapsed=1.5001158981190788h est_spent=$0.973
2026-09-16 22:37:08 status=running rate=$0.5822222222222222/hr elapsed=1.5170603425635232h est_spent=$0.983
2026-09-16 22:38:09 status=running rate=$0.5822222222222222/hr elapsed=1.5340047870079676h est_spent=$0.993
2026-09-16 22:39:10 status=running rate=$0.5822222222222222/hr elapsed=1.550949231452412h est_spent=$1.003
2026-09-16 22:40:11 status=running rate=$0.5822222222222222/hr elapsed=1.5678936758968565h est_spent=$1.013
2026-09-16 22:41:12 status=running rate=$0.5822222222222222/hr elapsed=1.584838120341301h est_spent=$1.023
2026-09-16 22:42:13 status=running rate=$0.5822222222222222/hr elapsed=1.6017825647857453h est_spent=$1.033
2026-09-16 22:43:14 status=running rate=$0.5822222222222222/hr elapsed=1.6187270092301898h est_spent=$1.042
2026-09-16 22:44:15 status=running rate=$0.5822222222222222/hr elapsed=1.6353936758968566h est_spent=$1.052
2026-09-16 22:45:16 status=running rate=$0.5822222222222222/hr elapsed=1.6526158981190788h est_spent=$1.062
2026-09-16 22:46:17 status=running rate=$0.5822222222222222/hr elapsed=1.6695603425635233h est_spent=$1.072
2026-09-16 22:47:18 status=running rate=$0.5822222222222222/hr elapsed=1.6862270092301899h est_spent=$1.082
2026-09-16 22:48:18 status=running rate=$0.5822222222222222/hr elapsed=1.7031714536746343h est_spent=$1.092
2026-09-16 22:49:19 status=running rate=$0.5822222222222222/hr elapsed=1.7201158981190787h est_spent=$1.101
2026-09-16 22:50:20 status=running rate=$0.5822222222222222/hr elapsed=1.7370603425635232h est_spent=$1.111
2026-09-16 22:51:21 status=running rate=$0.5822222222222222/hr elapsed=1.7540047870079676h est_spent=$1.121
2026-09-16 22:52:22 status=running rate=$0.5822222222222222/hr elapsed=1.770949231452412h est_spent=$1.131
2026-09-16 22:53:24 status=running rate=$0.5822222222222222/hr elapsed=1.7878936758968564h est_spent=$1.141
2026-09-16 22:54:25 status=running rate=$0.5822222222222222/hr elapsed=1.8051158981190787h est_spent=$1.151
2026-09-16 22:55:26 status=running rate=$0.5822222222222222/hr elapsed=1.8220603425635231h est_spent=$1.161
2026-09-16 22:56:27 status=running rate=$0.5822222222222222/hr elapsed=1.8390047870079675h est_spent=$1.171
2026-09-16 22:57:29 status=running rate=$0.5822222222222222/hr elapsed=1.8562270092301898h est_spent=$1.181
2026-09-16 22:58:30 status=running rate=$0.5822222222222222/hr elapsed=1.8731714536746342h est_spent=$1.191
2026-09-16 22:59:31 status=running rate=$0.5822222222222222/hr elapsed=1.8901158981190787h est_spent=$1.2
2026-09-16 23:00:32 status=running rate=$0.5822222222222222/hr elapsed=1.907060342563523h est_spent=$1.21
2026-09-16 23:01:33 status=running rate=$0.5822222222222222/hr elapsed=1.9240047870079677h est_spent=$1.22
2026-09-16 23:02:34 status=running rate=$0.5822222222222222/hr elapsed=1.9409492314524122h est_spent=$1.23
2026-09-16 23:03:34 status=running rate=$0.5822222222222222/hr elapsed=1.9576158981190788h est_spent=$1.24
2026-09-16 23:04:35 status=running rate=$0.5822222222222222/hr elapsed=1.9745603425635232h est_spent=$1.25
2026-09-16 23:05:36 status=running rate=$0.5822222222222222/hr elapsed=1.9915047870079676h est_spent=$1.259
2026-09-16 23:06:36 status=running rate=$0.5822222222222222/hr elapsed=2.0081714536746342h est_spent=$1.269
2026-09-16 23:07:37 status=running rate=$0.5822222222222222/hr elapsed=2.0251158981190787h est_spent=$1.279
2026-09-16 23:08:38 status=running rate=$0.5822222222222222/hr elapsed=2.042060342563523h est_spent=$1.289
2026-09-16 23:09:39 status=running rate=$0.5822222222222222/hr elapsed=2.0590047870079675h est_spent=$1.299
2026-09-16 23:10:40 status=running rate=$0.5822222222222222/hr elapsed=2.075949231452412h est_spent=$1.309
2026-09-16 23:11:41 status=running rate=$0.5822222222222222/hr elapsed=2.0928936758968564h est_spent=$1.319
2026-09-16 23:12:42 status=running rate=$0.5822222222222222/hr elapsed=2.109838120341301h est_spent=$1.328
2026-09-16 23:13:43 status=running rate=$0.5822222222222222/hr elapsed=2.1267825647857452h est_spent=$1.338
2026-09-16 23:14:44 status=running rate=$0.5822222222222222/hr elapsed=2.1437270092301897h est_spent=$1.348
2026-09-16 23:15:45 status=running rate=$0.5822222222222222/hr elapsed=2.160671453674634h est_spent=$1.358
2026-09-16 23:16:46 status=running rate=$0.5822222222222222/hr elapsed=2.177615898119079h est_spent=$1.368
2026-09-16 23:17:47 status=running rate=$0.5822222222222222/hr elapsed=2.1945603425635234h est_spent=$1.378
2026-09-16 23:18:48 status=running rate=$0.5822222222222222/hr elapsed=2.211504787007968h est_spent=$1.388
2026-09-16 23:19:49 status=running rate=$0.5822222222222222/hr elapsed=2.2284492314524122h est_spent=$1.397
2026-09-16 23:20:50 status=running rate=$0.5822222222222222/hr elapsed=2.2453936758968567h est_spent=$1.407
2026-09-16 23:21:51 status=running rate=$0.5822222222222222/hr elapsed=2.262338120341301h est_spent=$1.417
2026-09-16 23:22:52 status=running rate=$0.5822222222222222/hr elapsed=2.2792825647857455h est_spent=$1.427
2026-09-16 23:23:53 status=running rate=$0.5822222222222222/hr elapsed=2.29622700923019h est_spent=$1.437
2026-09-16 23:24:54 status=running rate=$0.5822222222222222/hr elapsed=2.3131714536746344h est_spent=$1.447
2026-09-16 23:25:55 status=running rate=$0.5822222222222222/hr elapsed=2.330115898119079h est_spent=$1.457
2026-09-16 23:26:56 status=running rate=$0.5822222222222222/hr elapsed=2.3470603425635232h est_spent=$1.467
2026-09-16 23:27:57 status=running rate=$0.5822222222222222/hr elapsed=2.3640047870079677h est_spent=$1.476
2026-09-16 23:28:58 status=running rate=$0.5822222222222222/hr elapsed=2.380949231452412h est_spent=$1.486
2026-09-16 23:29:59 status=running rate=$0.5822222222222222/hr elapsed=2.3978936758968565h est_spent=$1.496
2026-09-16 23:31:00 status=running rate=$0.5822222222222222/hr elapsed=2.414838120341301h est_spent=$1.506
2026-09-16 23:32:01 status=running rate=$0.5822222222222222/hr elapsed=2.4317825647857454h est_spent=$1.516
2026-09-16 23:33:02 status=running rate=$0.5822222222222222/hr elapsed=2.44872700923019h est_spent=$1.526
2026-09-16 23:34:03 status=running rate=$0.5822222222222222/hr elapsed=2.4656714536746343h est_spent=$1.536
2026-09-16 23:35:03 status=running rate=$0.5822222222222222/hr elapsed=2.482338120341301h est_spent=$1.545
2026-09-16 23:36:04 status=running rate=$0.5822222222222222/hr elapsed=2.4992825647857453h est_spent=$1.555
2026-09-16 23:37:05 status=running rate=$0.5822222222222222/hr elapsed=2.5162270092301897h est_spent=$1.565
2026-09-16 23:38:07 status=running rate=$0.5822222222222222/hr elapsed=2.533449231452412h est_spent=$1.575
2026-09-16 23:39:08 status=running rate=$0.5822222222222222/hr elapsed=2.5503936758968564h est_spent=$1.585
2026-09-16 23:40:09 status=running rate=$0.5822222222222222/hr elapsed=2.567338120341301h est_spent=$1.595
2026-09-16 23:41:10 status=running rate=$0.5822222222222222/hr elapsed=2.5842825647857453h est_spent=$1.605
2026-09-16 23:42:11 status=running rate=$0.5822222222222222/hr elapsed=2.6012270092301897h est_spent=$1.614
2026-09-16 23:43:12 status=running rate=$0.5822222222222222/hr elapsed=2.618171453674634h est_spent=$1.624
2026-09-16 23:44:13 status=running rate=$0.5822222222222222/hr elapsed=2.6351158981190785h est_spent=$1.634
2026-09-16 23:45:14 status=running rate=$0.5822222222222222/hr elapsed=2.6517825647857456h est_spent=$1.644
2026-09-16 23:46:15 status=running rate=$0.5822222222222222/hr elapsed=2.669004787007968h est_spent=$1.654
2026-09-16 23:47:16 status=running rate=$0.5822222222222222/hr elapsed=2.6859492314524123h est_spent=$1.664
2026-09-16 23:48:17 status=running rate=$0.5822222222222222/hr elapsed=2.7028936758968567h est_spent=$1.674
2026-09-16 23:49:18 status=running rate=$0.5822222222222222/hr elapsed=2.719838120341301h est_spent=$1.684
2026-09-16 23:50:19 status=running rate=$0.5822222222222222/hr elapsed=2.7367825647857456h est_spent=$1.693
2026-09-16 23:51:20 status=running rate=$0.5822222222222222/hr elapsed=2.75372700923019h est_spent=$1.703
2026-09-16 23:52:21 status=running rate=$0.5822222222222222/hr elapsed=2.7706714536746344h est_spent=$1.713
2026-09-16 23:53:22 status=running rate=$0.5822222222222222/hr elapsed=2.787615898119079h est_spent=$1.723
2026-09-16 23:54:24 status=running rate=$0.5822222222222222/hr elapsed=2.804838120341301h est_spent=$1.733
2026-09-16 23:55:25 status=running rate=$0.5822222222222222/hr elapsed=2.8217825647857455h est_spent=$1.743
2026-09-16 23:56:26 status=running rate=$0.5822222222222222/hr elapsed=2.83872700923019h est_spent=$1.753
2026-09-16 23:57:27 status=running rate=$0.5822222222222222/hr elapsed=2.8556714536746344h est_spent=$1.763
2026-09-16 23:58:28 status=running rate=$0.5822222222222222/hr elapsed=2.872615898119079h est_spent=$1.773
2026-09-16 23:59:29 status=running rate=$0.5822222222222222/hr elapsed=2.8895603425635232h est_spent=$1.782
2026-09-17 00:00:30 status=running rate=$0.5822222222222222/hr elapsed=2.9065047870079677h est_spent=$1.792
2026-09-17 00:01:31 status=running rate=$0.5822222222222222/hr elapsed=2.923449231452412h est_spent=$1.802
2026-09-17 00:02:32 status=running rate=$0.5822222222222222/hr elapsed=2.9403936758968565h est_spent=$1.812
2026-09-17 00:03:33 status=running rate=$0.5822222222222222/hr elapsed=2.957338120341301h est_spent=$1.822
2026-09-17 00:04:35 status=running rate=$0.5822222222222222/hr elapsed=2.9742825647857454h est_spent=$1.832
2026-09-17 00:05:36 status=running rate=$0.5822222222222222/hr elapsed=2.99122700923019h est_spent=$1.842
2026-09-17 00:06:36 status=running rate=$0.5822222222222222/hr elapsed=3.0081714536746342h est_spent=$1.851
2026-09-17 00:07:37 status=running rate=$0.5822222222222222/hr elapsed=3.0251158981190787h est_spent=$1.861
2026-09-17 00:08:38 status=running rate=$0.5822222222222222/hr elapsed=3.042060342563523h est_spent=$1.871
2026-09-17 00:09:39 status=running rate=$0.5822222222222222/hr elapsed=3.0590047870079675h est_spent=$1.881
2026-09-17 00:10:40 status=running rate=$0.5822222222222222/hr elapsed=3.075949231452412h est_spent=$1.891
2026-09-17 00:11:41 status=running rate=$0.5822222222222222/hr elapsed=3.0928936758968564h est_spent=$1.901
2026-09-17 00:12:42 status=running rate=$0.5822222222222222/hr elapsed=3.109838120341301h est_spent=$1.911
2026-09-17 00:13:43 status=running rate=$0.5822222222222222/hr elapsed=3.1267825647857452h est_spent=$1.92
2026-09-17 00:14:44 status=running rate=$0.5822222222222222/hr elapsed=3.1437270092301897h est_spent=$1.93
2026-09-17 00:15:45 status=running rate=$0.5822222222222222/hr elapsed=3.160671453674634h est_spent=$1.94
2026-09-17 00:16:46 status=running rate=$0.5822222222222222/hr elapsed=3.177615898119079h est_spent=$1.95
2026-09-17 00:17:47 status=running rate=$0.5822222222222222/hr elapsed=3.1945603425635234h est_spent=$1.96
2026-09-17 00:18:48 status=running rate=$0.5822222222222222/hr elapsed=3.211504787007968h est_spent=$1.97
2026-09-17 00:19:49 status=running rate=$0.5822222222222222/hr elapsed=3.2284492314524122h est_spent=$1.98
2026-09-17 00:20:50 status=running rate=$0.5822222222222222/hr elapsed=3.2453936758968567h est_spent=$1.99
2026-09-17 00:21:51 status=running rate=$0.5822222222222222/hr elapsed=3.262338120341301h est_spent=$1.999
2026-09-17 00:22:52 status=running rate=$0.5822222222222222/hr elapsed=3.2792825647857455h est_spent=$2.009
2026-09-17 00:23:53 status=running rate=$0.5822222222222222/hr elapsed=3.29622700923019h est_spent=$2.019
2026-09-17 00:24:54 status=running rate=$0.5822222222222222/hr elapsed=3.3131714536746344h est_spent=$2.029
2026-09-17 00:25:55 status=running rate=$0.5822222222222222/hr elapsed=3.330115898119079h est_spent=$2.039
2026-09-17 00:26:56 status=running rate=$0.5822222222222222/hr elapsed=3.3470603425635232h est_spent=$2.049
2026-09-17 00:27:57 status=running rate=$0.5822222222222222/hr elapsed=3.3640047870079677h est_spent=$2.059
2026-09-17 00:28:58 status=running rate=$0.5822222222222222/hr elapsed=3.380949231452412h est_spent=$2.068
2026-09-17 00:29:59 status=running rate=$0.5822222222222222/hr elapsed=3.3978936758968565h est_spent=$2.078
2026-09-17 00:31:00 status=running rate=$0.5822222222222222/hr elapsed=3.414838120341301h est_spent=$2.088
2026-09-17 00:32:01 status=running rate=$0.5822222222222222/hr elapsed=3.4317825647857454h est_spent=$2.098
2026-09-17 00:33:02 status=running rate=$0.5822222222222222/hr elapsed=3.44872700923019h est_spent=$2.108
2026-09-17 00:34:03 status=running rate=$0.5822222222222222/hr elapsed=3.4656714536746343h est_spent=$2.118
2026-09-17 00:35:05 status=running rate=$0.5822222222222222/hr elapsed=3.4826158981190787h est_spent=$2.128
2026-09-17 00:36:05 status=running rate=$0.5822222222222222/hr elapsed=3.499560342563523h est_spent=$2.138
2026-09-17 00:37:06 status=running rate=$0.5822222222222222/hr elapsed=3.5165047870079675h est_spent=$2.147
2026-09-17 00:38:07 status=running rate=$0.5822222222222222/hr elapsed=3.533449231452412h est_spent=$2.157
2026-09-17 00:39:08 status=running rate=$0.5822222222222222/hr elapsed=3.5503936758968564h est_spent=$2.167
2026-09-17 00:40:09 status=running rate=$0.5822222222222222/hr elapsed=3.567338120341301h est_spent=$2.177
2026-09-17 00:41:10 status=running rate=$0.5822222222222222/hr elapsed=3.5842825647857453h est_spent=$2.187
2026-09-17 00:42:11 status=running rate=$0.5822222222222222/hr elapsed=3.6012270092301897h est_spent=$2.197
2026-09-17 00:43:13 status=running rate=$0.5822222222222222/hr elapsed=3.618171453674634h est_spent=$2.207
2026-09-17 00:44:13 status=running rate=$0.5822222222222222/hr elapsed=3.6351158981190785h est_spent=$2.216
2026-09-17 00:45:14 status=running rate=$0.5822222222222222/hr elapsed=3.652060342563523h est_spent=$2.226
2026-09-17 00:46:16 status=running rate=$0.5822222222222222/hr elapsed=3.669004787007968h est_spent=$2.236
2026-09-17 00:47:16 status=running rate=$0.5822222222222222/hr elapsed=3.6859492314524123h est_spent=$2.246
2026-09-17 00:48:17 status=running rate=$0.5822222222222222/hr elapsed=3.7028936758968567h est_spent=$2.256
2026-09-17 00:49:18 status=running rate=$0.5822222222222222/hr elapsed=3.719838120341301h est_spent=$2.266
2026-09-17 00:50:19 status=running rate=$0.5822222222222222/hr elapsed=3.7367825647857456h est_spent=$2.276
2026-09-17 00:51:20 status=running rate=$0.5822222222222222/hr elapsed=3.75372700923019h est_spent=$2.286
2026-09-17 00:52:21 status=running rate=$0.5822222222222222/hr elapsed=3.7706714536746344h est_spent=$2.295
2026-09-17 00:53:23 status=running rate=$0.5822222222222222/hr elapsed=3.787615898119079h est_spent=$2.305
2026-09-17 00:54:24 status=running rate=$0.5822222222222222/hr elapsed=3.804838120341301h est_spent=$2.315
2026-09-17 00:55:25 status=running rate=$0.5822222222222222/hr elapsed=3.8215047870079677h est_spent=$2.325
2026-09-17 00:56:26 status=running rate=$0.5822222222222222/hr elapsed=3.83872700923019h est_spent=$2.335
2026-09-17 00:57:27 status=running rate=$0.5822222222222222/hr elapsed=3.8556714536746344h est_spent=$2.345
2026-09-17 00:58:28 status=running rate=$0.5822222222222222/hr elapsed=3.872615898119079h est_spent=$2.355
2026-09-17 00:59:29 status=running rate=$0.5822222222222222/hr elapsed=3.8895603425635232h est_spent=$2.365
2026-09-17 01:00:30 status=running rate=$0.5822222222222222/hr elapsed=3.90622700923019h est_spent=$2.374
2026-09-17 01:01:31 status=running rate=$0.5822222222222222/hr elapsed=3.923449231452412h est_spent=$2.384
2026-09-17 01:02:32 status=running rate=$0.5822222222222222/hr elapsed=3.9403936758968565h est_spent=$2.394
2026-09-17 01:03:33 status=running rate=$0.5822222222222222/hr elapsed=3.957338120341301h est_spent=$2.404
2026-09-17 01:04:34 status=running rate=$0.5822222222222222/hr elapsed=3.9742825647857454h est_spent=$2.414
2026-09-17 01:05:35 status=running rate=$0.5822222222222222/hr elapsed=3.99122700923019h est_spent=$2.424
2026-09-17 01:06:36 status=running rate=$0.5822222222222222/hr elapsed=4.008171453674635h est_spent=$2.434
2026-09-17 01:07:37 status=running rate=$0.5822222222222222/hr elapsed=4.025115898119079h est_spent=$2.444
2026-09-17 01:08:38 status=running rate=$0.5822222222222222/hr elapsed=4.0420603425635235h est_spent=$2.453
2026-09-17 01:09:39 status=running rate=$0.5822222222222222/hr elapsed=4.059004787007968h est_spent=$2.463
2026-09-17 01:10:40 status=running rate=$0.5822222222222222/hr elapsed=4.075949231452412h est_spent=$2.473
2026-09-17 01:11:41 status=running rate=$0.5822222222222222/hr elapsed=4.092893675896857h est_spent=$2.483
2026-09-17 01:12:42 status=running rate=$0.5822222222222222/hr elapsed=4.109838120341301h est_spent=$2.493
2026-09-17 01:13:43 status=running rate=$0.5822222222222222/hr elapsed=4.126782564785746h est_spent=$2.503
2026-09-17 01:14:44 status=running rate=$0.5822222222222222/hr elapsed=4.14372700923019h est_spent=$2.513
2026-09-17 01:15:45 status=running rate=$0.5822222222222222/hr elapsed=4.1606714536746345h est_spent=$2.522
2026-09-17 01:16:46 status=running rate=$0.5822222222222222/hr elapsed=4.177615898119079h est_spent=$2.532
2026-09-17 01:17:47 status=running rate=$0.5822222222222222/hr elapsed=4.194560342563523h est_spent=$2.542
2026-09-17 01:18:48 status=running rate=$0.5822222222222222/hr elapsed=4.211504787007968h est_spent=$2.552
2026-09-17 01:19:49 status=running rate=$0.5822222222222222/hr elapsed=4.228449231452412h est_spent=$2.562
2026-09-17 01:20:50 status=running rate=$0.5822222222222222/hr elapsed=4.245393675896857h est_spent=$2.572
2026-09-17 01:21:51 status=running rate=$0.5822222222222222/hr elapsed=4.262338120341301h est_spent=$2.582
2026-09-17 01:22:52 status=running rate=$0.5822222222222222/hr elapsed=4.2792825647857455h est_spent=$2.591
2026-09-17 01:23:53 status=running rate=$0.5822222222222222/hr elapsed=4.29622700923019h est_spent=$2.601
2026-09-17 01:24:54 status=running rate=$0.5822222222222222/hr elapsed=4.313171453674634h est_spent=$2.611
2026-09-17 01:25:55 status=running rate=$0.5822222222222222/hr elapsed=4.330115898119079h est_spent=$2.621
2026-09-17 01:26:56 status=running rate=$0.5822222222222222/hr elapsed=4.347060342563523h est_spent=$2.631
2026-09-17 01:27:57 status=running rate=$0.5822222222222222/hr elapsed=4.364004787007968h est_spent=$2.641
2026-09-17 01:28:58 status=running rate=$0.5822222222222222/hr elapsed=4.380949231452412h est_spent=$2.651
2026-09-17 01:30:00 status=running rate=$0.5822222222222222/hr elapsed=4.398171453674634h est_spent=$2.661
2026-09-17 01:31:01 status=running rate=$0.5822222222222222/hr elapsed=4.415115898119079h est_spent=$2.671
2026-09-17 01:32:02 status=running rate=$0.5822222222222222/hr elapsed=4.432060342563523h est_spent=$2.68
2026-09-17 01:33:03 status=running rate=$0.5822222222222222/hr elapsed=4.449004787007968h est_spent=$2.69
2026-09-17 01:34:05 status=running rate=$0.5822222222222222/hr elapsed=4.46622700923019h est_spent=$2.7
2026-09-17 01:35:06 status=running rate=$0.5822222222222222/hr elapsed=4.483171453674634h est_spent=$2.71
2026-09-17 01:36:07 status=running rate=$0.5822222222222222/hr elapsed=4.500115898119079h est_spent=$2.72
2026-09-17 01:37:08 status=running rate=$0.5822222222222222/hr elapsed=4.517060342563523h est_spent=$2.73
2026-09-17 01:38:09 status=running rate=$0.5822222222222222/hr elapsed=4.534004787007968h est_spent=$2.74
2026-09-17 01:39:11 status=running rate=$0.5822222222222222/hr elapsed=4.55122700923019h est_spent=$2.75
2026-09-17 01:40:12 status=running rate=$0.5822222222222222/hr elapsed=4.568171453674634h est_spent=$2.76
2026-09-17 01:41:13 status=running rate=$0.5822222222222222/hr elapsed=4.585115898119079h est_spent=$2.77
2026-09-17 01:42:15 status=running rate=$0.5822222222222222/hr elapsed=4.602338120341301h est_spent=$2.78
2026-09-17 01:43:16 status=running rate=$0.5822222222222222/hr elapsed=4.619282564785745h est_spent=$2.789
2026-09-17 01:44:17 status=running rate=$0.5822222222222222/hr elapsed=4.63622700923019h est_spent=$2.799
2026-09-17 01:45:19 status=running rate=$0.5822222222222222/hr elapsed=4.653171453674634h est_spent=$2.809
2026-09-17 01:46:20 status=running rate=$0.5822222222222222/hr elapsed=4.6703936758968565h est_spent=$2.819
2026-09-17 01:47:21 status=running rate=$0.5822222222222222/hr elapsed=4.687338120341301h est_spent=$2.829
2026-09-17 01:48:23 status=running rate=$0.5822222222222222/hr elapsed=4.704560342563523h est_spent=$2.839
2026-09-17 01:49:24 status=running rate=$0.5822222222222222/hr elapsed=4.721504787007968h est_spent=$2.849
2026-09-17 01:50:26 status=running rate=$0.5822222222222222/hr elapsed=4.73872700923019h est_spent=$2.859
2026-09-17 01:51:27 status=running rate=$0.5822222222222222/hr elapsed=4.755671453674634h est_spent=$2.869
2026-09-17 01:52:28 status=running rate=$0.5822222222222222/hr elapsed=4.772615898119079h est_spent=$2.879
2026-09-17 01:53:29 status=running rate=$0.5822222222222222/hr elapsed=4.789560342563523h est_spent=$2.889
2026-09-17 01:54:31 status=running rate=$0.5822222222222222/hr elapsed=4.806782564785745h est_spent=$2.899
2026-09-17 01:55:32 status=running rate=$0.5822222222222222/hr elapsed=4.82372700923019h est_spent=$2.908
2026-09-17 01:56:33 status=running rate=$0.5822222222222222/hr elapsed=4.840671453674634h est_spent=$2.918
2026-09-17 01:57:34 status=running rate=$0.5822222222222222/hr elapsed=4.857615898119079h est_spent=$2.928
2026-09-17 01:58:35 status=running rate=$0.5822222222222222/hr elapsed=4.874560342563523h est_spent=$2.938
2026-09-17 01:59:37 status=running rate=$0.5822222222222222/hr elapsed=4.891782564785745h est_spent=$2.948
2026-09-17 02:00:38 status=running rate=$0.5822222222222222/hr elapsed=4.90872700923019h est_spent=$2.958
2026-09-17 02:01:39 status=running rate=$0.5822222222222222/hr elapsed=4.925671453674634h est_spent=$2.968
2026-09-17 02:02:40 status=running rate=$0.5822222222222222/hr elapsed=4.942615898119079h est_spent=$2.978
2026-09-17 02:03:41 status=running rate=$0.5822222222222222/hr elapsed=4.959560342563523h est_spent=$2.988
2026-09-17 02:04:43 status=running rate=$0.5822222222222222/hr elapsed=4.9765047870079675h est_spent=$2.997
2026-09-17 02:05:44 status=running rate=$0.5822222222222222/hr elapsed=4.99372700923019h est_spent=$3.007
2026-09-17 02:06:45 status=running rate=$0.5822222222222222/hr elapsed=5.010671453674634h est_spent=$3.017
2026-09-17 02:07:46 status=running rate=$0.5822222222222222/hr elapsed=5.027615898119079h est_spent=$3.027
2026-09-17 02:08:49 status=running rate=$0.5822222222222222/hr elapsed=5.045115898119079h est_spent=$3.037
2026-09-17 02:09:50 status=running rate=$0.5822222222222222/hr elapsed=5.062060342563523h est_spent=$3.047
2026-09-17 02:10:52 status=running rate=$0.5822222222222222/hr elapsed=5.079282564785745h est_spent=$3.057
2026-09-17 02:11:53 status=running rate=$0.5822222222222222/hr elapsed=5.09622700923019h est_spent=$3.067
2026-09-17 02:12:54 status=running rate=$0.5822222222222222/hr elapsed=5.113171453674634h est_spent=$3.077
2026-09-17 02:13:55 status=running rate=$0.5822222222222222/hr elapsed=5.130115898119079h est_spent=$3.087
2026-09-17 02:14:57 status=running rate=$0.5822222222222222/hr elapsed=5.147060342563523h est_spent=$3.097
2026-09-17 02:15:58 status=running rate=$0.5822222222222222/hr elapsed=5.164282564785745h est_spent=$3.107
2026-09-17 02:16:59 status=running rate=$0.5822222222222222/hr elapsed=5.18122700923019h est_spent=$3.117
2026-09-17 02:18:00 status=running rate=$0.5822222222222222/hr elapsed=5.198171453674634h est_spent=$3.126
2026-09-17 02:19:01 status=running rate=$0.5822222222222222/hr elapsed=5.215115898119079h est_spent=$3.136
2026-09-17 02:20:02 status=running rate=$0.5822222222222222/hr elapsed=5.232060342563523h est_spent=$3.146
2026-09-17 02:21:03 status=running rate=$0.5822222222222222/hr elapsed=5.2490047870079675h est_spent=$3.156
2026-09-17 02:22:05 status=running rate=$0.5822222222222222/hr elapsed=5.26622700923019h est_spent=$3.166
2026-09-17 02:23:06 status=running rate=$0.5822222222222222/hr elapsed=5.283171453674634h est_spent=$3.176
2026-09-17 02:24:07 status=running rate=$0.5822222222222222/hr elapsed=5.300115898119079h est_spent=$3.186
2026-09-17 02:25:08 status=running rate=$0.5822222222222222/hr elapsed=5.317060342563523h est_spent=$3.196
2026-09-17 02:26:09 status=running rate=$0.5822222222222222/hr elapsed=5.334004787007967h est_spent=$3.206
2026-09-17 02:27:12 status=running rate=$0.5822222222222222/hr elapsed=5.3515047870079675h est_spent=$3.216
2026-09-17 02:28:13 status=running rate=$0.5822222222222222/hr elapsed=5.368449231452412h est_spent=$3.226
2026-09-17 02:29:14 status=running rate=$0.5822222222222222/hr elapsed=5.385393675896856h est_spent=$3.235
2026-09-17 02:30:16 status=running rate=$0.5822222222222222/hr elapsed=5.402338120341301h est_spent=$3.245
2026-09-17 02:31:17 status=running rate=$0.5822222222222222/hr elapsed=5.419282564785745h est_spent=$3.255
2026-09-17 02:32:18 status=running rate=$0.5822222222222222/hr elapsed=5.4365047870079675h est_spent=$3.265
2026-09-17 02:33:19 status=running rate=$0.5822222222222222/hr elapsed=5.453449231452412h est_spent=$3.275
2026-09-17 02:34:20 status=running rate=$0.5822222222222222/hr elapsed=5.470393675896856h est_spent=$3.285
2026-09-17 02:35:21 status=running rate=$0.5822222222222222/hr elapsed=5.487338120341301h est_spent=$3.295
2026-09-17 02:36:22 status=running rate=$0.5822222222222222/hr elapsed=5.504282564785745h est_spent=$3.305
2026-09-17 02:37:24 status=running rate=$0.5822222222222222/hr elapsed=5.521504787007967h est_spent=$3.315
2026-09-17 02:38:25 status=running rate=$0.5822222222222222/hr elapsed=5.538449231452412h est_spent=$3.325
2026-09-17 02:39:27 status=running rate=$0.5822222222222222/hr elapsed=5.555393675896856h est_spent=$3.334
2026-09-17 02:40:28 status=running rate=$0.5822222222222222/hr elapsed=5.5726158981190785h est_spent=$3.345
2026-09-17 02:41:29 status=running rate=$0.5822222222222222/hr elapsed=5.589560342563523h est_spent=$3.354
2026-09-17 02:42:30 status=running rate=$0.5822222222222222/hr elapsed=5.606504787007967h est_spent=$3.364
2026-09-17 02:43:31 status=running rate=$0.5822222222222222/hr elapsed=5.623449231452412h est_spent=$3.374
2026-09-17 02:44:33 status=running rate=$0.5822222222222222/hr elapsed=5.640671453674634h est_spent=$3.384
2026-09-17 02:45:34 status=running rate=$0.5822222222222222/hr elapsed=5.6576158981190785h est_spent=$3.394
2026-09-17 02:46:35 status=running rate=$0.5822222222222222/hr elapsed=5.674560342563523h est_spent=$3.404
2026-09-17 02:47:36 status=running rate=$0.5822222222222222/hr elapsed=5.691504787007967h est_spent=$3.414
2026-09-17 02:48:37 status=running rate=$0.5822222222222222/hr elapsed=5.708449231452412h est_spent=$3.424
2026-09-17 02:49:38 status=running rate=$0.5822222222222222/hr elapsed=5.725393675896856h est_spent=$3.433
2026-09-17 02:50:39 status=running rate=$0.5822222222222222/hr elapsed=5.742338120341301h est_spent=$3.443
2026-09-17 02:51:41 status=running rate=$0.5822222222222222/hr elapsed=5.759282564785745h est_spent=$3.453
2026-09-17 02:52:42 status=running rate=$0.5822222222222222/hr elapsed=5.776504787007967h est_spent=$3.463
2026-09-17 02:53:43 status=running rate=$0.5822222222222222/hr elapsed=5.793449231452412h est_spent=$3.473
2026-09-17 02:54:44 status=running rate=$0.5822222222222222/hr elapsed=5.810393675896856h est_spent=$3.483
2026-09-17 02:55:45 status=running rate=$0.5822222222222222/hr elapsed=5.827338120341301h est_spent=$3.493
2026-09-17 02:56:46 status=running rate=$0.5822222222222222/hr elapsed=5.844282564785745h est_spent=$3.503
2026-09-17 02:57:47 status=running rate=$0.5822222222222222/hr elapsed=5.8612270092301895h est_spent=$3.513
2026-09-17 02:58:48 status=running rate=$0.5822222222222222/hr elapsed=5.878171453674634h est_spent=$3.522
2026-09-17 02:59:49 status=running rate=$0.5822222222222222/hr elapsed=5.895115898119078h est_spent=$3.532
2026-09-17 03:00:51 status=running rate=$0.5822222222222222/hr elapsed=5.912060342563523h est_spent=$3.542
2026-09-17 03:01:52 status=running rate=$0.5822222222222222/hr elapsed=5.929282564785745h est_spent=$3.552
2026-09-17 03:02:53 status=running rate=$0.5822222222222222/hr elapsed=5.9459492314524125h est_spent=$3.562
2026-09-17 03:03:53 status=running rate=$0.5822222222222222/hr elapsed=5.962893675896857h est_spent=$3.572
2026-09-17 03:04:54 status=running rate=$0.5822222222222222/hr elapsed=5.979838120341301h est_spent=$3.582
2026-09-17 03:05:55 status=running rate=$0.5822222222222222/hr elapsed=5.996782564785746h est_spent=$3.591
2026-09-17 03:06:56 status=running rate=$0.5822222222222222/hr elapsed=6.01372700923019h est_spent=$3.601
2026-09-17 03:07:56 status=running rate=$0.5822222222222222/hr elapsed=6.030393675896857h est_spent=$3.611
2026-09-17 03:08:57 status=running rate=$0.5822222222222222/hr elapsed=6.047338120341301h est_spent=$3.621
2026-09-17 03:09:58 status=running rate=$0.5822222222222222/hr elapsed=6.064282564785746h est_spent=$3.631
2026-09-17 03:10:59 status=running rate=$0.5822222222222222/hr elapsed=6.08122700923019h est_spent=$3.641
2026-09-17 03:12:00 status=running rate=$0.5822222222222222/hr elapsed=6.0981714536746345h est_spent=$3.65
2026-09-17 03:13:01 status=running rate=$0.5822222222222222/hr elapsed=6.115115898119079h est_spent=$3.66
2026-09-17 03:14:01 status=running rate=$0.5822222222222222/hr elapsed=6.131782564785746h est_spent=$3.67
2026-09-17 03:15:02 status=running rate=$0.5822222222222222/hr elapsed=6.14872700923019h est_spent=$3.68
2026-09-17 03:16:03 status=running rate=$0.5822222222222222/hr elapsed=6.165671453674634h est_spent=$3.69
2026-09-17 03:17:04 status=running rate=$0.5822222222222222/hr elapsed=6.182338120341301h est_spent=$3.699
2026-09-17 03:18:04 status=running rate=$0.5822222222222222/hr elapsed=6.1992825647857455h est_spent=$3.709
2026-09-17 03:19:05 status=running rate=$0.5822222222222222/hr elapsed=6.21622700923019h est_spent=$3.719
2026-09-17 03:20:06 status=running rate=$0.5822222222222222/hr elapsed=6.233171453674634h est_spent=$3.729
2026-09-17 03:21:07 status=running rate=$0.5822222222222222/hr elapsed=6.250115898119079h est_spent=$3.739
2026-09-17 03:22:08 status=running rate=$0.5822222222222222/hr elapsed=6.267060342563523h est_spent=$3.749
2026-09-17 03:23:08 status=running rate=$0.5822222222222222/hr elapsed=6.28372700923019h est_spent=$3.759
2026-09-17 03:24:09 status=running rate=$0.5822222222222222/hr elapsed=6.300671453674634h est_spent=$3.768
2026-09-17 03:25:10 status=running rate=$0.5822222222222222/hr elapsed=6.317615898119079h est_spent=$3.778
2026-09-17 03:26:10 status=running rate=$0.5822222222222222/hr elapsed=6.334282564785745h est_spent=$3.788
2026-09-17 03:27:11 status=running rate=$0.5822222222222222/hr elapsed=6.35122700923019h est_spent=$3.798
2026-09-17 03:28:12 status=running rate=$0.5822222222222222/hr elapsed=6.368171453674634h est_spent=$3.808
2026-09-17 03:29:13 status=running rate=$0.5822222222222222/hr elapsed=6.3851158981190785h est_spent=$3.818
2026-09-17 03:30:13 status=running rate=$0.5822222222222222/hr elapsed=6.401782564785745h est_spent=$3.827
2026-09-17 03:31:14 status=running rate=$0.5822222222222222/hr elapsed=6.41872700923019h est_spent=$3.837
2026-09-17 03:32:15 status=running rate=$0.5822222222222222/hr elapsed=6.435671453674634h est_spent=$3.847
2026-09-17 03:33:16 status=running rate=$0.5822222222222222/hr elapsed=6.452615898119078h est_spent=$3.857
2026-09-17 03:34:16 status=running rate=$0.5822222222222222/hr elapsed=6.469282564785745h est_spent=$3.867
2026-09-17 03:35:17 status=running rate=$0.5822222222222222/hr elapsed=6.4862270092301895h est_spent=$3.876
2026-09-17 03:36:18 status=running rate=$0.5822222222222222/hr elapsed=6.503171453674634h est_spent=$3.886
2026-09-17 03:37:19 status=running rate=$0.5822222222222222/hr elapsed=6.520115898119078h est_spent=$3.896
2026-09-17 03:38:20 status=running rate=$0.5822222222222222/hr elapsed=6.537060342563523h est_spent=$3.906
2026-09-17 03:39:21 status=running rate=$0.5822222222222222/hr elapsed=6.554004787007968h est_spent=$3.916
2026-09-17 03:40:22 status=running rate=$0.5822222222222222/hr elapsed=6.5709492314524125h est_spent=$3.926
2026-09-17 03:41:24 status=running rate=$0.5822222222222222/hr elapsed=6.588171453674634h est_spent=$3.936
2026-09-17 03:42:25 status=running rate=$0.5822222222222222/hr elapsed=6.605115898119079h est_spent=$3.946
2026-09-17 03:43:26 status=running rate=$0.5822222222222222/hr elapsed=6.622060342563524h est_spent=$3.956
2026-09-17 03:44:27 status=running rate=$0.5822222222222222/hr elapsed=6.639004787007968h est_spent=$3.965
2026-09-17 03:45:28 status=running rate=$0.5822222222222222/hr elapsed=6.6559492314524125h est_spent=$3.975
2026-09-17 03:46:29 status=running rate=$0.5822222222222222/hr elapsed=6.672893675896857h est_spent=$3.985
2026-09-17 03:47:30 status=running rate=$0.5822222222222222/hr elapsed=6.689838120341301h est_spent=$3.995
2026-09-17 03:48:31 status=running rate=$0.5822222222222222/hr elapsed=6.706782564785746h est_spent=$4.005
2026-09-17 03:49:32 status=running rate=$0.5822222222222222/hr elapsed=6.72372700923019h est_spent=$4.015
2026-09-17 03:50:33 status=running rate=$0.5822222222222222/hr elapsed=6.740671453674635h est_spent=$4.025
2026-09-17 03:51:34 status=running rate=$0.5822222222222222/hr elapsed=6.757615898119079h est_spent=$4.034
2026-09-17 03:52:35 status=running rate=$0.5822222222222222/hr elapsed=6.7745603425635235h est_spent=$4.044
2026-09-17 03:53:36 status=running rate=$0.5822222222222222/hr elapsed=6.791504787007968h est_spent=$4.054
2026-09-17 03:54:37 status=running rate=$0.5822222222222222/hr elapsed=6.808449231452412h est_spent=$4.064
2026-09-17 03:55:38 status=running rate=$0.5822222222222222/hr elapsed=6.825393675896857h est_spent=$4.074
2026-09-17 03:56:39 status=running rate=$0.5822222222222222/hr elapsed=6.842338120341301h est_spent=$4.084
2026-09-17 03:57:41 status=running rate=$0.5822222222222222/hr elapsed=6.859282564785746h est_spent=$4.094
2026-09-17 03:58:41 status=running rate=$0.5822222222222222/hr elapsed=6.87622700923019h est_spent=$4.103
2026-09-17 03:59:42 status=running rate=$0.5822222222222222/hr elapsed=6.8931714536746345h est_spent=$4.113
2026-09-17 04:00:43 status=running rate=$0.5822222222222222/hr elapsed=6.910115898119079h est_spent=$4.123
2026-09-17 04:01:45 status=running rate=$0.5822222222222222/hr elapsed=6.927338120341301h est_spent=$4.133
2026-09-17 04:02:46 status=running rate=$0.5822222222222222/hr elapsed=6.944282564785746h est_spent=$4.143
2026-09-17 04:03:47 status=running rate=$0.5822222222222222/hr elapsed=6.960949231452412h est_spent=$4.153
2026-09-17 04:04:48 status=running rate=$0.5822222222222222/hr elapsed=6.978171453674634h est_spent=$4.163
2026-09-17 04:05:49 status=running rate=$0.5822222222222222/hr elapsed=6.994838120341301h est_spent=$4.173
2026-09-17 04:06:49 status=running rate=$0.5822222222222222/hr elapsed=7.0117825647857455h est_spent=$4.182
2026-09-17 04:07:51 status=running rate=$0.5822222222222222/hr elapsed=7.02872700923019h est_spent=$4.192
2026-09-17 04:08:51 status=running rate=$0.5822222222222222/hr elapsed=7.045671453674634h est_spent=$4.202
2026-09-17 04:09:52 status=running rate=$0.5822222222222222/hr elapsed=7.062615898119079h est_spent=$4.212
2026-09-17 04:10:53 status=running rate=$0.5822222222222222/hr elapsed=7.079560342563523h est_spent=$4.222
2026-09-17 04:11:54 status=running rate=$0.5822222222222222/hr elapsed=7.096504787007968h est_spent=$4.232
2026-09-17 04:12:55 status=running rate=$0.5822222222222222/hr elapsed=7.113449231452412h est_spent=$4.242
2026-09-17 04:13:55 status=running rate=$0.5822222222222222/hr elapsed=7.130115898119079h est_spent=$4.251
2026-09-17 04:14:56 status=running rate=$0.5822222222222222/hr elapsed=7.147060342563523h est_spent=$4.261
2026-09-17 04:15:57 status=running rate=$0.5822222222222222/hr elapsed=7.1640047870079675h est_spent=$4.271
2026-09-17 04:16:58 status=running rate=$0.5822222222222222/hr elapsed=7.180949231452412h est_spent=$4.281
2026-09-17 04:17:58 status=running rate=$0.5822222222222222/hr elapsed=7.1976158981190785h est_spent=$4.291
2026-09-17 04:18:59 status=running rate=$0.5822222222222222/hr elapsed=7.214560342563523h est_spent=$4.3
2026-09-17 04:20:00 status=running rate=$0.5822222222222222/hr elapsed=7.231504787007967h est_spent=$4.31
2026-09-17 04:21:01 status=running rate=$0.5822222222222222/hr elapsed=7.248449231452412h est_spent=$4.32
2026-09-17 04:22:02 status=running rate=$0.5822222222222222/hr elapsed=7.265393675896856h est_spent=$4.33
2026-09-17 04:23:02 status=running rate=$0.5822222222222222/hr elapsed=7.282060342563523h est_spent=$4.34
2026-09-17 04:24:03 status=running rate=$0.5822222222222222/hr elapsed=7.299004787007967h est_spent=$4.35
2026-09-17 04:25:04 status=running rate=$0.5822222222222222/hr elapsed=7.315949231452412h est_spent=$4.36
2026-09-17 04:26:05 status=running rate=$0.5822222222222222/hr elapsed=7.332893675896856h est_spent=$4.369
2026-09-17 04:27:06 status=running rate=$0.5822222222222222/hr elapsed=7.349838120341301h est_spent=$4.379
2026-09-17 04:28:07 status=running rate=$0.5822222222222222/hr elapsed=7.366782564785745h est_spent=$4.389
2026-09-17 04:29:08 status=running rate=$0.5822222222222222/hr elapsed=7.383727009230189h est_spent=$4.399
2026-09-17 04:30:08 status=running rate=$0.5822222222222222/hr elapsed=7.400393675896857h est_spent=$4.409
2026-09-17 04:31:09 status=running rate=$0.5822222222222222/hr elapsed=7.417338120341301h est_spent=$4.419
2026-09-17 04:32:10 status=running rate=$0.5822222222222222/hr elapsed=7.434282564785746h est_spent=$4.428
2026-09-17 04:33:11 status=running rate=$0.5822222222222222/hr elapsed=7.45122700923019h est_spent=$4.438
2026-09-17 04:34:11 status=running rate=$0.5822222222222222/hr elapsed=7.467893675896857h est_spent=$4.448
2026-09-17 04:35:12 status=running rate=$0.5822222222222222/hr elapsed=7.484838120341301h est_spent=$4.458
2026-09-17 04:36:13 status=running rate=$0.5822222222222222/hr elapsed=7.501782564785746h est_spent=$4.468
2026-09-17 04:37:13 status=running rate=$0.5822222222222222/hr elapsed=7.518449231452412h est_spent=$4.477
2026-09-17 04:38:14 status=running rate=$0.5822222222222222/hr elapsed=7.535393675896857h est_spent=$4.487
2026-09-17 04:39:15 status=running rate=$0.5822222222222222/hr elapsed=7.552338120341301h est_spent=$4.497
2026-09-17 04:40:15 status=running rate=$0.5822222222222222/hr elapsed=7.569004787007968h est_spent=$4.507
2026-09-17 04:41:17 status=running rate=$0.5822222222222222/hr elapsed=7.58622700923019h est_spent=$4.517
2026-09-17 04:42:17 status=running rate=$0.5822222222222222/hr elapsed=7.602893675896857h est_spent=$4.527
2026-09-17 04:43:18 status=running rate=$0.5822222222222222/hr elapsed=7.619838120341301h est_spent=$4.536
2026-09-17 04:44:19 status=running rate=$0.5822222222222222/hr elapsed=7.6367825647857455h est_spent=$4.546
2026-09-17 04:45:20 status=running rate=$0.5822222222222222/hr elapsed=7.65372700923019h est_spent=$4.556
2026-09-17 04:46:20 status=running rate=$0.5822222222222222/hr elapsed=7.6703936758968565h est_spent=$4.566
2026-09-17 04:47:21 status=running rate=$0.5822222222222222/hr elapsed=7.687338120341301h est_spent=$4.576
2026-09-17 04:48:22 status=running rate=$0.5822222222222222/hr elapsed=7.704282564785745h est_spent=$4.586
2026-09-17 04:49:23 status=running rate=$0.5822222222222222/hr elapsed=7.72122700923019h est_spent=$4.595
2026-09-17 04:50:25 status=running rate=$0.5822222222222222/hr elapsed=7.738449231452412h est_spent=$4.605
2026-09-17 04:51:26 status=running rate=$0.5822222222222222/hr elapsed=7.7553936758968565h est_spent=$4.615
2026-09-17 04:52:26 status=running rate=$0.5822222222222222/hr elapsed=7.772060342563523h est_spent=$4.625
2026-09-17 04:53:27 status=running rate=$0.5822222222222222/hr elapsed=7.7890047870079675h est_spent=$4.635
2026-09-17 04:54:28 status=running rate=$0.5822222222222222/hr elapsed=7.805949231452412h est_spent=$4.645
2026-09-17 04:55:29 status=running rate=$0.5822222222222222/hr elapsed=7.8226158981190785h est_spent=$4.655
2026-09-17 04:56:29 status=running rate=$0.5822222222222222/hr elapsed=7.839560342563523h est_spent=$4.664
2026-09-17 04:57:30 status=running rate=$0.5822222222222222/hr elapsed=7.856504787007967h est_spent=$4.674
2026-09-17 04:58:31 status=running rate=$0.5822222222222222/hr elapsed=7.873449231452412h est_spent=$4.684
2026-09-17 04:59:32 status=running rate=$0.5822222222222222/hr elapsed=7.890393675896856h est_spent=$4.694
2026-09-17 05:00:32 status=running rate=$0.5822222222222222/hr elapsed=7.907060342563523h est_spent=$4.704
2026-09-17 05:01:33 status=running rate=$0.5822222222222222/hr elapsed=7.924004787007967h est_spent=$4.714
2026-09-17 05:02:34 status=running rate=$0.5822222222222222/hr elapsed=7.940949231452412h est_spent=$4.723
2026-09-17 05:03:35 status=running rate=$0.5822222222222222/hr elapsed=7.957615898119078h est_spent=$4.733
2026-09-17 05:04:35 status=running rate=$0.5822222222222222/hr elapsed=7.974560342563523h est_spent=$4.743
2026-09-17 05:05:36 status=running rate=$0.5822222222222222/hr elapsed=7.991504787007968h est_spent=$4.753
2026-09-17 05:06:37 status=running rate=$0.5822222222222222/hr elapsed=8.008449231452412h est_spent=$4.763
2026-09-17 05:07:37 status=running rate=$0.5822222222222222/hr elapsed=8.025115898119079h est_spent=$4.772
2026-09-17 05:08:38 status=running rate=$0.5822222222222222/hr elapsed=8.042060342563524h est_spent=$4.782
2026-09-17 05:09:39 status=running rate=$0.5822222222222222/hr elapsed=8.059004787007968h est_spent=$4.792
2026-09-17 05:10:40 status=running rate=$0.5822222222222222/hr elapsed=8.075949231452412h est_spent=$4.802
2026-09-17 05:11:41 status=running rate=$0.5822222222222222/hr elapsed=8.092893675896857h est_spent=$4.812
2026-09-17 05:12:42 status=running rate=$0.5822222222222222/hr elapsed=8.109838120341301h est_spent=$4.822
2026-09-17 05:13:43 status=running rate=$0.5822222222222222/hr elapsed=8.126504787007967h est_spent=$4.831
2026-09-17 05:14:44 status=running rate=$0.5822222222222222/hr elapsed=8.14372700923019h est_spent=$4.841
2026-09-17 05:15:45 status=running rate=$0.5822222222222222/hr elapsed=8.160671453674635h est_spent=$4.851
2026-09-17 05:16:46 status=running rate=$0.5822222222222222/hr elapsed=8.177615898119079h est_spent=$4.861
2026-09-17 05:17:47 status=running rate=$0.5822222222222222/hr elapsed=8.194282564785745h est_spent=$4.871
2026-09-17 05:18:47 status=running rate=$0.5822222222222222/hr elapsed=8.211227009230189h est_spent=$4.881
2026-09-17 05:19:49 status=running rate=$0.5822222222222222/hr elapsed=8.228449231452412h est_spent=$4.891
2026-09-17 05:20:50 status=running rate=$0.5822222222222222/hr elapsed=8.245393675896857h est_spent=$4.901
2026-09-17 05:21:51 status=running rate=$0.5822222222222222/hr elapsed=8.262338120341301h est_spent=$4.911
2026-09-17 05:22:52 status=running rate=$0.5822222222222222/hr elapsed=8.279282564785746h est_spent=$4.92
2026-09-17 05:23:53 status=running rate=$0.5822222222222222/hr elapsed=8.29622700923019h est_spent=$4.93
2026-09-17 05:24:54 status=running rate=$0.5822222222222222/hr elapsed=8.313171453674634h est_spent=$4.94
2026-09-17 05:25:55 status=running rate=$0.5822222222222222/hr elapsed=8.330115898119079h est_spent=$4.95
2026-09-17 05:26:56 status=running rate=$0.5822222222222222/hr elapsed=8.347060342563523h est_spent=$4.96
2026-09-17 05:27:57 status=running rate=$0.5822222222222222/hr elapsed=8.364004787007968h est_spent=$4.97
2026-09-17 05:28:58 status=running rate=$0.5822222222222222/hr elapsed=8.380949231452412h est_spent=$4.98
2026-09-17 05:29:59 status=running rate=$0.5822222222222222/hr elapsed=8.397893675896857h est_spent=$4.989
2026-09-17 05:31:00 status=running rate=$0.5822222222222222/hr elapsed=8.414838120341301h est_spent=$4.999
2026-09-17 05:32:01 status=running rate=$0.5822222222222222/hr elapsed=8.431782564785745h est_spent=$5.009
2026-09-17 05:33:02 status=running rate=$0.5822222222222222/hr elapsed=8.44872700923019h est_spent=$5.019
2026-09-17 05:34:03 status=running rate=$0.5822222222222222/hr elapsed=8.465671453674634h est_spent=$5.029
2026-09-17 05:35:04 status=running rate=$0.5822222222222222/hr elapsed=8.482615898119079h est_spent=$5.039
2026-09-17 05:36:05 status=running rate=$0.5822222222222222/hr elapsed=8.499560342563523h est_spent=$5.049
2026-09-17 05:37:06 status=running rate=$0.5822222222222222/hr elapsed=8.516504787007968h est_spent=$5.058
2026-09-17 05:38:07 status=running rate=$0.5822222222222222/hr elapsed=8.533449231452412h est_spent=$5.068
2026-09-17 05:39:08 status=running rate=$0.5822222222222222/hr elapsed=8.550393675896856h est_spent=$5.078
2026-09-17 05:40:09 status=running rate=$0.5822222222222222/hr elapsed=8.5673381203413h est_spent=$5.088
2026-09-17 05:41:10 status=running rate=$0.5822222222222222/hr elapsed=8.584282564785745h est_spent=$5.098
2026-09-17 05:42:11 status=running rate=$0.5822222222222222/hr elapsed=8.60122700923019h est_spent=$5.108
2026-09-17 05:43:12 status=running rate=$0.5822222222222222/hr elapsed=8.618171453674634h est_spent=$5.118
2026-09-17 05:44:13 status=running rate=$0.5822222222222222/hr elapsed=8.635115898119079h est_spent=$5.128
2026-09-17 05:45:14 status=running rate=$0.5822222222222222/hr elapsed=8.652060342563523h est_spent=$5.137
2026-09-17 05:46:15 status=running rate=$0.5822222222222222/hr elapsed=8.669004787007967h est_spent=$5.147
2026-09-17 05:47:16 status=running rate=$0.5822222222222222/hr elapsed=8.685949231452412h est_spent=$5.157
2026-09-17 05:48:17 status=running rate=$0.5822222222222222/hr elapsed=8.702893675896856h est_spent=$5.167
2026-09-17 05:49:18 status=running rate=$0.5822222222222222/hr elapsed=8.7198381203413h est_spent=$5.177
2026-09-17 05:50:19 status=running rate=$0.5822222222222222/hr elapsed=8.736782564785745h est_spent=$5.187
2026-09-17 05:51:19 status=running rate=$0.5822222222222222/hr elapsed=8.753449231452413h est_spent=$5.196
2026-09-17 05:52:20 status=running rate=$0.5822222222222222/hr elapsed=8.770393675896857h est_spent=$5.206
2026-09-17 05:53:21 status=running rate=$0.5822222222222222/hr elapsed=8.787338120341301h est_spent=$5.216
2026-09-17 05:54:22 status=running rate=$0.5822222222222222/hr elapsed=8.804282564785746h est_spent=$5.226
2026-09-17 05:55:23 status=running rate=$0.5822222222222222/hr elapsed=8.82122700923019h est_spent=$5.236
2026-09-17 05:56:25 status=running rate=$0.5822222222222222/hr elapsed=8.838449231452412h est_spent=$5.246
2026-09-17 05:57:26 status=running rate=$0.5822222222222222/hr elapsed=8.855393675896856h est_spent=$5.256
2026-09-17 05:58:26 status=running rate=$0.5822222222222222/hr elapsed=8.872060342563524h est_spent=$5.266
2026-09-17 05:59:27 status=running rate=$0.5822222222222222/hr elapsed=8.889004787007968h est_spent=$5.275
2026-09-17 06:00:28 status=running rate=$0.5822222222222222/hr elapsed=8.905949231452412h est_spent=$5.285
2026-09-17 06:01:29 status=running rate=$0.5822222222222222/hr elapsed=8.922893675896857h est_spent=$5.295
2026-09-17 06:02:31 status=running rate=$0.5822222222222222/hr elapsed=8.940115898119078h est_spent=$5.305
2026-09-17 06:03:32 status=running rate=$0.5822222222222222/hr elapsed=8.957060342563523h est_spent=$5.315
2026-09-17 06:04:32 status=running rate=$0.5822222222222222/hr elapsed=8.97372700923019h est_spent=$5.325
2026-09-17 06:05:33 status=running rate=$0.5822222222222222/hr elapsed=8.990671453674635h est_spent=$5.335
2026-09-17 06:06:34 status=running rate=$0.5822222222222222/hr elapsed=9.007615898119079h est_spent=$5.344
2026-09-17 06:07:35 status=running rate=$0.5822222222222222/hr elapsed=9.024560342563523h est_spent=$5.354
2026-09-17 06:08:35 status=running rate=$0.5822222222222222/hr elapsed=9.04122700923019h est_spent=$5.364
2026-09-17 06:09:36 status=running rate=$0.5822222222222222/hr elapsed=9.058171453674634h est_spent=$5.374
2026-09-17 06:10:37 status=running rate=$0.5822222222222222/hr elapsed=9.075115898119078h est_spent=$5.384
2026-09-17 06:11:37 status=running rate=$0.5822222222222222/hr elapsed=9.091782564785746h est_spent=$5.393
2026-09-17 06:12:38 status=running rate=$0.5822222222222222/hr elapsed=9.10872700923019h est_spent=$5.403
2026-09-17 06:13:39 status=running rate=$0.5822222222222222/hr elapsed=9.125671453674634h est_spent=$5.413
2026-09-17 06:14:40 status=running rate=$0.5822222222222222/hr elapsed=9.142615898119079h est_spent=$5.423
2026-09-17 06:15:40 status=running rate=$0.5822222222222222/hr elapsed=9.159282564785745h est_spent=$5.433
2026-09-17 06:16:41 status=running rate=$0.5822222222222222/hr elapsed=9.176227009230189h est_spent=$5.443
2026-09-17 06:17:42 status=running rate=$0.5822222222222222/hr elapsed=9.193171453674635h est_spent=$5.452
2026-09-17 06:18:42 status=running rate=$0.5822222222222222/hr elapsed=9.209838120341301h est_spent=$5.462
2026-09-17 06:19:43 status=running rate=$0.5822222222222222/hr elapsed=9.226782564785745h est_spent=$5.472
2026-09-17 06:20:44 status=running rate=$0.5822222222222222/hr elapsed=9.24372700923019h est_spent=$5.482
2026-09-17 06:21:45 status=running rate=$0.5822222222222222/hr elapsed=9.260671453674634h est_spent=$5.492
2026-09-17 06:22:45 status=running rate=$0.5822222222222222/hr elapsed=9.277338120341302h est_spent=$5.501
2026-09-17 06:23:46 status=running rate=$0.5822222222222222/hr elapsed=9.294282564785746h est_spent=$5.511
2026-09-17 06:24:47 status=running rate=$0.5822222222222222/hr elapsed=9.31122700923019h est_spent=$5.521
2026-09-17 06:25:48 status=running rate=$0.5822222222222222/hr elapsed=9.328171453674635h est_spent=$5.531
2026-09-17 06:26:48 status=running rate=$0.5822222222222222/hr elapsed=9.3448381203413h est_spent=$5.541
2026-09-17 06:27:49 status=running rate=$0.5822222222222222/hr elapsed=9.361782564785745h est_spent=$5.551
2026-09-17 06:28:50 status=running rate=$0.5822222222222222/hr elapsed=9.37872700923019h est_spent=$5.561
2026-09-17 06:29:51 status=running rate=$0.5822222222222222/hr elapsed=9.395393675896857h est_spent=$5.57
2026-09-17 06:30:51 status=running rate=$0.5822222222222222/hr elapsed=9.412338120341301h est_spent=$5.58
2026-09-17 06:31:52 status=running rate=$0.5822222222222222/hr elapsed=9.429282564785746h est_spent=$5.59
2026-09-17 06:32:53 status=running rate=$0.5822222222222222/hr elapsed=9.44622700923019h est_spent=$5.6
2026-09-17 06:33:53 status=running rate=$0.5822222222222222/hr elapsed=9.462893675896856h est_spent=$5.61
2026-09-17 06:34:54 status=running rate=$0.5822222222222222/hr elapsed=9.4798381203413h est_spent=$5.619
2026-09-17 06:35:55 status=running rate=$0.5822222222222222/hr elapsed=9.496782564785745h est_spent=$5.629
2026-09-17 06:36:56 status=running rate=$0.5822222222222222/hr elapsed=9.51372700923019h est_spent=$5.639
2026-09-17 06:37:57 status=running rate=$0.5822222222222222/hr elapsed=9.530671453674634h est_spent=$5.649
2026-09-17 06:38:58 status=running rate=$0.5822222222222222/hr elapsed=9.547615898119078h est_spent=$5.659
