{
 "instance_api_key": "7164498b00f5ab04c29a4aafee96fb9c8200f7ab0c02dfc8b9cd5b9ab04acbcc",
 "new_contract": 51262070,
 "success": true
}
instance 51262070 created; waiting for ssh...
ssh -p 57130 root@82.183.60.169
=== prepare box (rsync is not in the CUDA image)
Welcome to vast.ai. If authentication fails, try again after a few seconds, and double check your ssh key.
Have fun!
=== upload repo
Welcome to vast.ai. If authentication fails, try again after a few seconds, and double check your ssh key.
Have fun!
=== remote setup + smoke (this takes ~10-15 min)
Welcome to vast.ai. If authentication fails, try again after a few seconds, and double check your ssh key.
Have fun!
=== setup start 2026-09-17T01:08:25Z run=anna-v6 host=712e5ee216ea
Thu Sep 17 01:08:25 2026       
+-----------------------------------------------------------------------------------------+
| NVIDIA-SMI 565.57.01              Driver Version: 565.57.01      CUDA Version: 12.7     |
|-----------------------------------------+------------------------+----------------------+
| GPU  Name                 Persistence-M | Bus-Id          Disp.A | Volatile Uncorr. ECC |
| Fan  Temp   Perf          Pwr:Usage/Cap |           Memory-Usage | GPU-Util  Compute M. |
|                                         |                        |               MIG M. |
|=========================================+========================+======================|
|   0  NVIDIA GeForce RTX 4090        On  |   00000000:02:00.0 Off |                  Off |
|  0%   46C    P8             22W /  450W |       2MiB /  24564MiB |      0%      Default |
|                                         |                        |                  N/A |
+-----------------------------------------+------------------------+----------------------+
                                                                                         
+-----------------------------------------------------------------------------------------+
| Processes:                                                                              |
|  GPU   GI   CI        PID   Type   Process name                              GPU Memory |
|        ID   ID                                                               Usage      |
|=========================================================================================|
|  No running processes found                                                             |
+-----------------------------------------------------------------------------------------+
network preflight: HuggingFace download 14817595 B/s
debconf: delaying package configuration, since apt-utils is not installed
info: downloading installer
info: profile set to minimal
info: default host tuple is x86_64-unknown-linux-gnu
info: syncing channel updates for stable-x86_64-unknown-linux-gnu
info: latest update on 2026-09-03 for version 1.98.1 (48a229cea 2026-09-01)
info: downloading 3 components
info: default toolchain set to stable-x86_64-unknown-linux-gnu
rustc 1.98.1 (48a229cea 2026-09-01)
cargo 1.98.1 (797e8a9bc 2026-08-05)
Build cuda_12.4.r12.4/compiler.34097967_0
=== build trainer (cuda)
   Compiling bullet_lib v1.0.0 (https://github.com/jw1912/bullet?rev=629ee50000b2afb7b3337595401c830d3b1e0f42#629ee500)
   Compiling trainer v0.1.0 (/workspace/chess/trainer)
    Finished `release` profile [optimized] target(s) in 11.65s
-rwxr-xr-x 2 root root  920552 Sep 17 01:08 target/release/inspect
-rwxr-xr-x 2 root root 2826784 Sep 17 01:08 target/release/trainer
=== early GPU smoke (1 GB validate set): proves the trainer runs on this GPU/driver before the big download
2026-09-17 01:08:52 === downloader run start, groups: validate, pid 2326
2026-09-17 01:08:52 START test77-jan2022-2tb7p.high-simple-eval-1k.min-v2.binpack group=validate size=62742754 resume_from=0
2026-09-17 01:08:55 VERIFIED test77-jan2022-2tb7p.high-simple-eval-1k.min-v2.binpack (62742754 bytes, sha256 ok)
2026-09-17 01:08:55 START test79-may2022-16tb7p-filter-v6-dd.min-mar2023.unmin.high-simple-eval-1k.min-v2.binpack group=validate size=907788314 resume_from=0
2026-09-17 01:09:25 VERIFIED test79-may2022-16tb7p-filter-v6-dd.min-mar2023.unmin.high-simple-eval-1k.min-v2.binpack (907788314 bytes, sha256 ok)
2026-09-17 01:09:25 === downloader run finished, failures=0
Total Training Time: [36m0[0mh [36m0[0mm [36m10[0ms
TRAINER EVAL rnbqkbnr/pppppppp/8/8/8/8/PPPPPPPP/RNBQKBNR w KQkq - 0 1 : -526.1
TRAINER EVAL rnbqkbnr/pppppppp/8/8/8/8/PPPPPPPP/RNBQKBN1 w Qkq - 0 1 : -671.1
TRAINER EVAL rnbqkbn1/pppppppp/8/8/8/8/PPPPPPPP/RNBQKBNR w KQq - 0 1 : 631.1
TRAINER EVAL r3k2r/p1ppqpb1/bn2pnp1/3PN3/1p2P3/2N2Q1p/PPPBBPPP/R3K2R w KQkq - 0 1 : 495.2
TRAINER EVAL r1bqkb1r/pp2bppp/2n2n2/2pp4/3P4/2PBPN2/PP1N1PPP/R2QK2R w KQ - 0 9 : -637.1
TRAINER EVAL 8/2p5/3p4/KP5r/1R3p1k/8/4P1P1/8 w - - 0 1 : -554.2
done
=== early GPU smoke ok
=== data
2026-09-17 01:10:00 === downloader run start, groups: train train2 train3 sf sf2 relabel2 t91, pid 4346
2026-09-17 01:10:00 START test80-2024-02-feb-2tb7p.min-v2.v6.binpack.zst group=train size=6908056676 resume_from=0
2026-09-17 01:15:55 VERIFIED test80-2024-02-feb-2tb7p.min-v2.v6.binpack.zst (6908056676 bytes, sha256 ok)
2026-09-17 01:15:55 START test80-2024-01-jan-2tb7p.min-v2.v6.binpack.zst group=train size=7687798524 resume_from=0
2026-09-17 01:23:51 VERIFIED test80-2024-01-jan-2tb7p.min-v2.v6.binpack.zst (7687798524 bytes, sha256 ok)
2026-09-17 01:23:51 START test80-2024-03-mar-2tb7p.min-v2.v6.binpack.zst group=train2 size=8760594062 resume_from=0
2026-09-17 01:33:06 VERIFIED test80-2024-03-mar-2tb7p.min-v2.v6.binpack.zst (8760594062 bytes, sha256 ok)
2026-09-17 01:33:06 START test80-2024-05-may-2tb7p.min-v2.v6.binpack.zst group=train2 size=8846416555 resume_from=0
2026-09-17 01:42:53 VERIFIED test80-2024-05-may-2tb7p.min-v2.v6.binpack.zst (8846416555 bytes, sha256 ok)
2026-09-17 01:42:53 START test80-2024-04-apr-2tb7p.min-v2.v6.binpack.zst group=train3 size=12305706625 resume_from=0
2026-09-17 01:56:29 VERIFIED test80-2024-04-apr-2tb7p.min-v2.v6.binpack.zst (12305706625 bytes, sha256 ok)
2026-09-17 01:56:29 START test80-2024-06-jun-2tb7p.min-v2.v6.binpack.zst group=train3 size=7900797810 resume_from=0
2026-09-17 02:06:04 VERIFIED test80-2024-06-jun-2tb7p.min-v2.v6.binpack.zst (7900797810 bytes, sha256 ok)
2026-09-17 02:06:04 START dfrc_n5000.binpack group=sf size=37483192507 resume_from=0
2026-09-17 02:35:25 VERIFIED dfrc_n5000.binpack (37483192507 bytes, sha256 ok)
2026-09-17 02:35:25 COMPLETE-UNVERIFIED nodes5000pv2_UHO.binpack, verifying
2026-09-17 02:37:52 VERIFIED nodes5000pv2_UHO.binpack (40292454358 bytes, sha256 ok)
2026-09-17 02:37:52 COMPLETE-UNVERIFIED farseerT75.binpack, verifying
2026-09-17 02:40:48 VERIFIED farseerT75.binpack (46983203020 bytes, sha256 ok)
2026-09-17 02:40:48 COMPLETE-UNVERIFIED data_pv-2_diff-100_nodes-5000.binpack, verifying
2026-09-17 02:42:45 VERIFIED data_pv-2_diff-100_nodes-5000.binpack (31580023731 bytes, sha256 ok)
2026-09-17 02:42:45 COMPLETE-UNVERIFIED T60T70wIsRightFarseer.binpack, verifying
2026-09-17 02:44:47 VERIFIED T60T70wIsRightFarseer.binpack (32981564118 bytes, sha256 ok)
2026-09-17 02:44:47 COMPLETE-UNVERIFIED multinet_pv-2_diff-100_nodes-5000.binpack, verifying
2026-09-17 02:46:30 VERIFIED multinet_pv-2_diff-100_nodes-5000.binpack (27640096171 bytes, sha256 ok)
2026-09-17 02:46:30 COMPLETE-UNVERIFIED farseerT74.binpack, verifying
2026-09-17 02:47:45 VERIFIED farseerT74.binpack (20144023865 bytes, sha256 ok)
2026-09-17 02:47:45 COMPLETE-UNVERIFIED training_data_pylon.binpack, verifying
2026-09-17 02:48:38 VERIFIED training_data_pylon.binpack (14366468016 bytes, sha256 ok)
2026-09-17 02:48:38 COMPLETE-UNVERIFIED test80-2022-08-aug-16tb7p.v6-dd.min.binpack, verifying
2026-09-17 02:49:19 VERIFIED test80-2022-08-aug-16tb7p.v6-dd.min.binpack (10809713086 bytes, sha256 ok)
2026-09-17 02:49:19 COMPLETE-UNVERIFIED wrongIsRight_nodes5000pv2.binpack, verifying
2026-09-17 02:49:46 VERIFIED wrongIsRight_nodes5000pv2.binpack (7319926088 bytes, sha256 ok)
2026-09-17 02:49:46 COMPLETE-UNVERIFIED farseerT76.binpack, verifying
2026-09-17 02:50:09 VERIFIED farseerT76.binpack (6141321549 bytes, sha256 ok)
2026-09-17 02:50:09 COMPLETE-UNVERIFIED fishpack32.binpack, verifying
2026-09-17 02:50:30 VERIFIED fishpack32.binpack (5579166857 bytes, sha256 ok)
2026-09-17 02:50:30 COMPLETE-UNVERIFIED wrongNNUE_02_d9.binpack, verifying
2026-09-17 02:50:52 VERIFIED wrongNNUE_02_d9.binpack (5781185404 bytes, sha256 ok)
2026-09-17 02:50:52 COMPLETE-UNVERIFIED test80-2023-01-jan-16tb7p.v6-sk20.min.relabel-BT4-tf13tune.binpack, verifying
2026-09-17 02:51:39 VERIFIED test80-2023-01-jan-16tb7p.v6-sk20.min.relabel-BT4-tf13tune.binpack (12698871197 bytes, sha256 ok)
2026-09-17 02:51:39 COMPLETE-UNVERIFIED test80-2023-02-feb-16tb7p.v6-dd.min.relabel-BT4-tf13tune.binpack, verifying
2026-09-17 02:52:18 VERIFIED test80-2023-02-feb-16tb7p.v6-dd.min.relabel-BT4-tf13tune.binpack (10359292788 bytes, sha256 ok)
2026-09-17 02:52:18 COMPLETE-UNVERIFIED test80-2023-03-mar-2tb7p.v6-sk16.min.relabel-BT4-tf13tune.binpack, verifying
2026-09-17 02:53:12 VERIFIED test80-2023-03-mar-2tb7p.v6-sk16.min.relabel-BT4-tf13tune.binpack (14732039950 bytes, sha256 ok)
2026-09-17 02:53:12 COMPLETE-UNVERIFIED test80-2023-04-apr-2tb7p.v6-sk16.min.relabel-BT4-tf13tune.binpack, verifying
2026-09-17 02:54:08 VERIFIED test80-2023-04-apr-2tb7p.v6-sk16.min.relabel-BT4-tf13tune.binpack (15079776962 bytes, sha256 ok)
2026-09-17 02:54:08 COMPLETE-UNVERIFIED test80-2023-05-may-2tb7p.v6.min.relabel-BT4-tf13tune.binpack, verifying
2026-09-17 02:55:05 VERIFIED test80-2023-05-may-2tb7p.v6.min.relabel-BT4-tf13tune.binpack (15274946491 bytes, sha256 ok)
2026-09-17 02:55:05 COMPLETE-UNVERIFIED test80-2023-06-jun-2tb7p.min-v2.v6.relabel-BT4-tf13tune.binpack, verifying
2026-09-17 02:56:13 VERIFIED test80-2023-06-jun-2tb7p.min-v2.v6.relabel-BT4-tf13tune.binpack (17983836266 bytes, sha256 ok)
2026-09-17 02:56:13 COMPLETE-UNVERIFIED test80-2023-07-jul-2tb7p.min-v2.v6.relabel-BT4-tf13tune.binpack, verifying
2026-09-17 02:57:15 VERIFIED test80-2023-07-jul-2tb7p.min-v2.v6.relabel-BT4-tf13tune.binpack (16521032727 bytes, sha256 ok)
2026-09-17 02:57:15 COMPLETE-UNVERIFIED test80-2023-08-aug-2tb7p.v6.min.relabel-BT4-tf13tune.binpack, verifying
2026-09-17 02:57:43 VERIFIED test80-2023-08-aug-2tb7p.v6.min.relabel-BT4-tf13tune.binpack (7294509271 bytes, sha256 ok)
2026-09-17 02:57:43 COMPLETE-UNVERIFIED test80-2023-09-sep-2tb7p.min-v2.v6.relabel-BT4-tf13tune.binpack, verifying
2026-09-17 02:58:15 VERIFIED test80-2023-09-sep-2tb7p.min-v2.v6.relabel-BT4-tf13tune.binpack (8627821314 bytes, sha256 ok)
2026-09-17 02:58:15 COMPLETE-UNVERIFIED test80-2023-10-oct-2tb7p.min-v2.v6.relabel-BT4-tf13tune.binpack, verifying
2026-09-17 02:58:45 VERIFIED test80-2023-10-oct-2tb7p.min-v2.v6.relabel-BT4-tf13tune.binpack (7981817319 bytes, sha256 ok)
2026-09-17 02:58:45 COMPLETE-UNVERIFIED test80-2023-11-nov-2tb7p.min-v2.v6.relabel-BT4-tf13tune.binpack, verifying
2026-09-17 02:59:12 VERIFIED test80-2023-11-nov-2tb7p.min-v2.v6.relabel-BT4-tf13tune.binpack (7214046403 bytes, sha256 ok)
2026-09-17 02:59:12 COMPLETE-UNVERIFIED test80-2023-12-dec-2tb7p.min-v2.v6.relabel-BT4-tf13tune.binpack, verifying
2026-09-17 02:59:42 VERIFIED test80-2023-12-dec-2tb7p.min-v2.v6.relabel-BT4-tf13tune.binpack (7987875858 bytes, sha256 ok)
2026-09-17 02:59:42 COMPLETE-UNVERIFIED test91-2026-01-jan-69gb6p.min-v2.v6.binpack, verifying
2026-09-17 03:00:03 VERIFIED test91-2026-01-jan-69gb6p.min-v2.v6.binpack (5580345401 bytes, sha256 ok)
2026-09-17 03:00:03 COMPLETE-UNVERIFIED test91-2026-02-feb-69gb6p.min-v2.v6.binpack, verifying
2026-09-17 03:00:13 VERIFIED test91-2026-02-feb-69gb6p.min-v2.v6.binpack (2686420863 bytes, sha256 ok)
2026-09-17 03:00:13 COMPLETE-UNVERIFIED test91-2026-03-mar-69gb6p.min-v2.v6.binpack, verifying
2026-09-17 03:00:18 VERIFIED test91-2026-03-mar-69gb6p.min-v2.v6.binpack (1412310953 bytes, sha256 ok)
2026-09-17 03:00:18 COMPLETE-UNVERIFIED test91-2026-04-apr-69gb6p.min-v2.v6.binpack, verifying
2026-09-17 03:00:23 VERIFIED test91-2026-04-apr-69gb6p.min-v2.v6.binpack (1202786867 bytes, sha256 ok)
2026-09-17 03:00:23 COMPLETE-UNVERIFIED test91-2026-05-may-69gb6p.min-v2.v6.binpack, verifying
2026-09-17 03:00:29 VERIFIED test91-2026-05-may-69gb6p.min-v2.v6.binpack (1735406999 bytes, sha256 ok)
2026-09-17 03:00:29 === downloader run finished, failures=0
decompressing data/downloads/test80-2024-01-jan-2tb7p.min-v2.v6.binpack.zst
decompressing data/downloads/test80-2024-02-feb-2tb7p.min-v2.v6.binpack.zst
decompressing data/downloads/test80-2024-03-mar-2tb7p.min-v2.v6.binpack.zst
decompressing data/downloads/test80-2024-04-apr-2tb7p.min-v2.v6.binpack.zst
decompressing data/downloads/test80-2024-05-may-2tb7p.min-v2.v6.binpack.zst
decompressing data/downloads/test80-2024-06-jun-2tb7p.min-v2.v6.binpack.zst
lrwxrwxrwx 1 root root          61 Sep 17 03:05 data/T60T70wIsRightFarseer.binpack -> /workspace/chess/data/downloads/T60T70wIsRightFarseer.binpack
lrwxrwxrwx 1 root root          69 Sep 17 03:05 data/data_pv-2_diff-100_nodes-5000.binpack -> /workspace/chess/data/downloads/data_pv-2_diff-100_nodes-5000.binpack
lrwxrwxrwx 1 root root          50 Sep 17 03:05 data/dfrc_n5000.binpack -> /workspace/chess/data/downloads/dfrc_n5000.binpack
lrwxrwxrwx 1 root root          50 Sep 17 03:05 data/farseerT74.binpack -> /workspace/chess/data/downloads/farseerT74.binpack
lrwxrwxrwx 1 root root          50 Sep 17 03:05 data/farseerT75.binpack -> /workspace/chess/data/downloads/farseerT75.binpack
lrwxrwxrwx 1 root root          50 Sep 17 03:05 data/farseerT76.binpack -> /workspace/chess/data/downloads/farseerT76.binpack
lrwxrwxrwx 1 root root          50 Sep 17 03:05 data/fishpack32.binpack -> /workspace/chess/data/downloads/fishpack32.binpack
lrwxrwxrwx 1 root root          73 Sep 17 03:05 data/multinet_pv-2_diff-100_nodes-5000.binpack -> /workspace/chess/data/downloads/multinet_pv-2_diff-100_nodes-5000.binpack
lrwxrwxrwx 1 root root          56 Sep 17 03:05 data/nodes5000pv2_UHO.binpack -> /workspace/chess/data/downloads/nodes5000pv2_UHO.binpack
lrwxrwxrwx 1 root root          87 Sep 17 03:05 data/test77-jan2022-2tb7p.high-simple-eval-1k.min-v2.binpack -> /workspace/chess/data/downloads/test77-jan2022-2tb7p.high-simple-eval-1k.min-v2.binpack
lrwxrwxrwx 1 root root         119 Sep 17 03:05 data/test79-may2022-16tb7p-filter-v6-dd.min-mar2023.unmin.high-simple-eval-1k.min-v2.binpack -> /workspace/chess/data/downloads/test79-may2022-16tb7p-filter-v6-dd.min-mar2023.unmin.high-simple-eval-1k.min-v2.binpack
lrwxrwxrwx 1 root root          75 Sep 17 03:05 data/test80-2022-08-aug-16tb7p.v6-dd.min.binpack -> /workspace/chess/data/downloads/test80-2022-08-aug-16tb7p.v6-dd.min.binpack
lrwxrwxrwx 1 root root          98 Sep 17 03:05 data/test80-2023-01-jan-16tb7p.v6-sk20.min.relabel-BT4-tf13tune.binpack -> /workspace/chess/data/downloads/test80-2023-01-jan-16tb7p.v6-sk20.min.relabel-BT4-tf13tune.binpack
lrwxrwxrwx 1 root root          96 Sep 17 03:05 data/test80-2023-02-feb-16tb7p.v6-dd.min.relabel-BT4-tf13tune.binpack -> /workspace/chess/data/downloads/test80-2023-02-feb-16tb7p.v6-dd.min.relabel-BT4-tf13tune.binpack
lrwxrwxrwx 1 root root          97 Sep 17 03:05 data/test80-2023-03-mar-2tb7p.v6-sk16.min.relabel-BT4-tf13tune.binpack -> /workspace/chess/data/downloads/test80-2023-03-mar-2tb7p.v6-sk16.min.relabel-BT4-tf13tune.binpack
lrwxrwxrwx 1 root root          97 Sep 17 03:05 data/test80-2023-04-apr-2tb7p.v6-sk16.min.relabel-BT4-tf13tune.binpack -> /workspace/chess/data/downloads/test80-2023-04-apr-2tb7p.v6-sk16.min.relabel-BT4-tf13tune.binpack
lrwxrwxrwx 1 root root          92 Sep 17 03:05 data/test80-2023-05-may-2tb7p.v6.min.relabel-BT4-tf13tune.binpack -> /workspace/chess/data/downloads/test80-2023-05-may-2tb7p.v6.min.relabel-BT4-tf13tune.binpack
lrwxrwxrwx 1 root root          95 Sep 17 03:05 data/test80-2023-06-jun-2tb7p.min-v2.v6.relabel-BT4-tf13tune.binpack -> /workspace/chess/data/downloads/test80-2023-06-jun-2tb7p.min-v2.v6.relabel-BT4-tf13tune.binpack
lrwxrwxrwx 1 root root          95 Sep 17 03:05 data/test80-2023-07-jul-2tb7p.min-v2.v6.relabel-BT4-tf13tune.binpack -> /workspace/chess/data/downloads/test80-2023-07-jul-2tb7p.min-v2.v6.relabel-BT4-tf13tune.binpack
lrwxrwxrwx 1 root root          92 Sep 17 03:05 data/test80-2023-08-aug-2tb7p.v6.min.relabel-BT4-tf13tune.binpack -> /workspace/chess/data/downloads/test80-2023-08-aug-2tb7p.v6.min.relabel-BT4-tf13tune.binpack
lrwxrwxrwx 1 root root          95 Sep 17 03:05 data/test80-2023-09-sep-2tb7p.min-v2.v6.relabel-BT4-tf13tune.binpack -> /workspace/chess/data/downloads/test80-2023-09-sep-2tb7p.min-v2.v6.relabel-BT4-tf13tune.binpack
lrwxrwxrwx 1 root root          95 Sep 17 03:05 data/test80-2023-10-oct-2tb7p.min-v2.v6.relabel-BT4-tf13tune.binpack -> /workspace/chess/data/downloads/test80-2023-10-oct-2tb7p.min-v2.v6.relabel-BT4-tf13tune.binpack
lrwxrwxrwx 1 root root          95 Sep 17 03:05 data/test80-2023-11-nov-2tb7p.min-v2.v6.relabel-BT4-tf13tune.binpack -> /workspace/chess/data/downloads/test80-2023-11-nov-2tb7p.min-v2.v6.relabel-BT4-tf13tune.binpack
lrwxrwxrwx 1 root root          95 Sep 17 03:05 data/test80-2023-12-dec-2tb7p.min-v2.v6.relabel-BT4-tf13tune.binpack -> /workspace/chess/data/downloads/test80-2023-12-dec-2tb7p.min-v2.v6.relabel-BT4-tf13tune.binpack
-rw-r--r-- 1 root root  9184785274 Sep 17 01:23 data/test80-2024-01-jan-2tb7p.min-v2.v6.binpack
-rw-r--r-- 1 root root  8262651516 Sep 17 01:15 data/test80-2024-02-feb-2tb7p.min-v2.v6.binpack
-rw-r--r-- 1 root root 10476003160 Sep 17 01:32 data/test80-2024-03-mar-2tb7p.min-v2.v6.binpack
-rw-r--r-- 1 root root 14707115140 Sep 17 01:55 data/test80-2024-04-apr-2tb7p.min-v2.v6.binpack
-rw-r--r-- 1 root root 10568162073 Sep 17 01:42 data/test80-2024-05-may-2tb7p.min-v2.v6.binpack
-rw-r--r-- 1 root root  9443656236 Sep 17 02:05 data/test80-2024-06-jun-2tb7p.min-v2.v6.binpack
lrwxrwxrwx 1 root root          75 Sep 17 03:05 data/test91-2026-01-jan-69gb6p.min-v2.v6.binpack -> /workspace/chess/data/downloads/test91-2026-01-jan-69gb6p.min-v2.v6.binpack
lrwxrwxrwx 1 root root          75 Sep 17 03:05 data/test91-2026-02-feb-69gb6p.min-v2.v6.binpack -> /workspace/chess/data/downloads/test91-2026-02-feb-69gb6p.min-v2.v6.binpack
lrwxrwxrwx 1 root root          75 Sep 17 03:05 data/test91-2026-03-mar-69gb6p.min-v2.v6.binpack -> /workspace/chess/data/downloads/test91-2026-03-mar-69gb6p.min-v2.v6.binpack
lrwxrwxrwx 1 root root          75 Sep 17 03:05 data/test91-2026-04-apr-69gb6p.min-v2.v6.binpack -> /workspace/chess/data/downloads/test91-2026-04-apr-69gb6p.min-v2.v6.binpack
lrwxrwxrwx 1 root root          75 Sep 17 03:05 data/test91-2026-05-may-69gb6p.min-v2.v6.binpack -> /workspace/chess/data/downloads/test91-2026-05-may-69gb6p.min-v2.v6.binpack
lrwxrwxrwx 1 root root          59 Sep 17 03:05 data/training_data_pylon.binpack -> /workspace/chess/data/downloads/training_data_pylon.binpack
lrwxrwxrwx 1 root root          65 Sep 17 03:05 data/wrongIsRight_nodes5000pv2.binpack -> /workspace/chess/data/downloads/wrongIsRight_nodes5000pv2.binpack
lrwxrwxrwx 1 root root          55 Sep 17 03:05 data/wrongNNUE_02_d9.binpack -> /workspace/chess/data/downloads/wrongNNUE_02_d9.binpack
=== inspect real data (format + feature cross-check)
file: /workspace/chess/data/T60T70wIsRightFarseer.binpack (32981564118 bytes)
entries read: 500000  kept by filter: 291844 (58.4%)
bytes consumed: 2097593  -> estimated entries in file: 7862M, kept after filter: 4589M
score bins [<-1000, -1000..-300, -300..-100, -100..0, 0, 0..100, 100..300, 300..1000, >1000]: [7066, 25135, 31881, 58209, 22963, 74682, 38243, 26460, 7205]
results (stm loss/draw/win): [62858, 168572, 60414]
ply bins [<16, 16-40, 40-80, 80-120, 120-200, >200]: [0, 77160, 104982, 59828, 35277, 14597]
feature cross-checks passed: 291
sample: rnbq1rk1/1pp2ppp/pn1b4/4p3/8/P1NP2P1/1P2PPBP/1RBQK1NR w K - 1 9 | score 61 | result 0 | ply 16
sample: 6k1/2p2pp1/2N1bb2/2r5/Bp5p/4PPnP/1P4PK/2B1R3 w - - 0 30 | score -283 | result -1 | ply 58
sample: 4b3/8/5B2/5p2/5P2/k7/1p6/1K6 b - - 5 99 | score 1 | result 0 | ply 197
sample: 7r/3nkp1p/4p3/4P1p1/1PR5/3B1NP1/r4b1P/1KR5 b - - 3 24 | score 354 | result 1 | ply 47
sample: 8/1kr2R2/1pp4p/p7/PbQPN1pq/4P3/1P6/1K6 w - - 3 31 | score -5 | result 0 | ply 60
file: /workspace/chess/data/data_pv-2_diff-100_nodes-5000.binpack (31580023731 bytes)
entries read: 500000  kept by filter: 371338 (74.3%)
bytes consumed: 2097231  -> estimated entries in file: 7529M, kept after filter: 5592M
score bins [<-1000, -1000..-300, -300..-100, -100..0, 0, 0..100, 100..300, 300..1000, >1000]: [46323, 43955, 32406, 59339, 5546, 59019, 33043, 45084, 46623]
results (stm loss/draw/win): [98194, 176049, 97095]
ply bins [<16, 16-40, 40-80, 80-120, 120-200, >200]: [0, 73310, 113772, 91785, 76873, 15598]
feature cross-checks passed: 371
sample: 2kr2nr/1pp2ppp/p7/2B5/4PPb1/2P5/PP4PP/RN3RK1 b - - 0 10 | score -100 | result -1 | ply 19
sample: 3r2k1/1p5p/2ppr1b1/p5p1/2PRp1P1/1P2PqNP/PQ3P2/3R2K1 w - - 5 24 | score 244 | result 0 | ply 46
sample: 4R3/8/3p1k2/3P4/8/8/7r/2K5 w - - 14 64 | score 1 | result 0 | ply 126
sample: 2Q5/8/3k4/8/8/4K3/8/8 b - - 0 89 | score -2053 | result -1 | ply 177
sample: 2q3k1/Q2P1p2/7p/3p4/8/6p1/5PK1/8 b - - 1 41 | score -211 | result 0 | ply 81
file: /workspace/chess/data/dfrc_n5000.binpack (37483192507 bytes)
entries read: 500000  kept by filter: 367267 (73.5%)
bytes consumed: 2097285  -> estimated entries in file: 8936M, kept after filter: 6564M
score bins [<-1000, -1000..-300, -300..-100, -100..0, 0, 0..100, 100..300, 300..1000, >1000]: [44961, 41972, 35444, 57635, 4568, 57627, 36123, 43021, 45916]
results (stm loss/draw/win): [99378, 169062, 98827]
ply bins [<16, 16-40, 40-80, 80-120, 120-200, >200]: [0, 67383, 105353, 91764, 86280, 16487]
feature cross-checks passed: 367
sample: nrb1kqr1/p1bpp1p1/2p2pR1/1p1n3P/1P6/3NP3/P1PP1P2/BRKN1B1Q b - - 0 9 | score -402 | result -1 | ply 17
sample: 8/5k2/6p1/4ppp1/1BK1P1P1/8/5P2/8 w - - 2 79 | score 2247 | result 1 | ply 156
sample: 1rbkq1rb/p1p1pp2/3pn3/1p3Np1/2nPP2p/2PB4/PP1B1PPP/N1QR1RK1 w - - 2 9 | score 313 | result 0 | ply 16
sample: 8/5R1P/3k3q/8/8/3K4/8/8 w - - 41 85 | score -8 | result 0 | ply 168
sample: 8/3k4/3n4/1p4r1/8/1K6/2R5/8 b - - 5 60 | score 1384 | result 1 | ply 119
file: /workspace/chess/data/farseerT74.binpack (20144023865 bytes)
entries read: 500000  kept by filter: 281321 (56.3%)
bytes consumed: 2097686  -> estimated entries in file: 4801M, kept after filter: 2702M
score bins [<-1000, -1000..-300, -300..-100, -100..0, 0, 0..100, 100..300, 300..1000, >1000]: [14168, 31595, 35721, 46645, 9036, 55747, 41541, 32563, 14305]
results (stm loss/draw/win): [85291, 115176, 80854]
ply bins [<16, 16-40, 40-80, 80-120, 120-200, >200]: [0, 74264, 101838, 62460, 33849, 8910]
feature cross-checks passed: 281
sample: r1bq1rk1/ppp1bppp/4pn2/6B1/3P4/3B1N2/PPP2PPP/R2QK2R w KQ - 2 9 | score 109 | result 0 | ply 16
sample: 5r2/3q2k1/Q1b3p1/4p3/2p5/P1N5/KP6/5R2 w - - 1 39 | score 26 | result 0 | ply 76
sample: 2r2k1r/pp3ppp/8/1B1pNp2/1b1NnB2/4P2P/PP3P2/n2K3R w - - 7 18 | score -146 | result -1 | ply 34
sample: 4r3/4rk2/1p1bp1p1/3p2Pp/P2R3P/P2P3B/K1P1R3/8 w - - 1 40 | score 189 | result 0 | ply 78
sample: r3kbnr/pp1n1ppp/2p1p3/8/3PNB2/5QPP/PqP2PB1/3RK2R b Kkq - 3 11 | score -56 | result -1 | ply 21
file: /workspace/chess/data/farseerT75.binpack (46983203020 bytes)
entries read: 500000  kept by filter: 280163 (56.0%)
bytes consumed: 2097271  -> estimated entries in file: 11201M, kept after filter: 6276M
score bins [<-1000, -1000..-300, -300..-100, -100..0, 0, 0..100, 100..300, 300..1000, >1000]: [11744, 28395, 33309, 50493, 14472, 61482, 39325, 29342, 11601]
results (stm loss/draw/win): [75077, 134056, 71030]
ply bins [<16, 16-40, 40-80, 80-120, 120-200, >200]: [0, 71833, 98124, 61572, 36897, 11737]
feature cross-checks passed: 280
sample: r1bqr1k1/pppp1ppp/2n2n2/b3P3/8/2PBQN2/PP3PPP/RNB1K2R w KQ - 3 9 | score -340 | result 1 | ply 16
sample: 4r3/6p1/pBb1kp1p/2P4P/1p3P1R/1P4P1/P4K2/8 b - - 2 39 | score -5 | result -1 | ply 77
sample: 1K6/2P1kp1R/3n2p1/7p/5Pb1/6P1/7P/8 b - - 14 55 | score -6 | result 0 | ply 109
sample: r4r2/p4p1k/bq2pRp1/3pB1b1/Q7/2P4P/PP1N2PK/R7 b - - 5 22 | score 60 | result 0 | ply 43
sample: 8/7P/8/8/1kp4K/3p4/5P2/8 b - - 0 55 | score 463 | result 0 | ply 109
file: /workspace/chess/data/farseerT76.binpack (6141321549 bytes)
entries read: 500000  kept by filter: 279988 (56.0%)
bytes consumed: 2097415  -> estimated entries in file: 1464M, kept after filter: 820M
score bins [<-1000, -1000..-300, -300..-100, -100..0, 0, 0..100, 100..300, 300..1000, >1000]: [10420, 31709, 38242, 45994, 11577, 53957, 44665, 33030, 10394]
results (stm loss/draw/win): [76410, 131098, 72480]
ply bins [<16, 16-40, 40-80, 80-120, 120-200, >200]: [0, 72712, 101267, 61905, 35029, 9075]
feature cross-checks passed: 279
sample: r1bqkbnr/1p3pp1/p2pp3/4n2p/P2NP2P/2N1B3/1PP2PP1/R2QKB1R w KQkq - 2 9 | score 127 | result 0 | ply 16
sample: r1k1r3/1p4p1/1B1bP3/p2p3p/7P/2PP2P1/P5K1/4RR2 w - - 3 31 | score 2034 | result 1 | ply 60
sample: 8/8/5k2/2B1N2p/3KP3/7r/8/8 w - - 1 65 | score 150 | result 0 | ply 128
sample: r1bq1k1r/pp4p1/2n1p2p/2PpPp2/6Q1/P1nBBN2/2P2PPP/R3K2R w KQ f6 0 13 | score 67 | result 1 | ply 24
sample: 8/5pk1/4b2p/1P1nP2P/Q2P4/6P1/1r6/6K1 w - - 2 39 | score -448 | result -1 | ply 76
file: /workspace/chess/data/fishpack32.binpack (5579166857 bytes)
entries read: 500000  kept by filter: 330051 (66.0%)
bytes consumed: 2097374  -> estimated entries in file: 1330M, kept after filter: 878M
score bins [<-1000, -1000..-300, -300..-100, -100..0, 0, 0..100, 100..300, 300..1000, >1000]: [1515, 53715, 57887, 32104, 33841, 31577, 52461, 64550, 2401]
results (stm loss/draw/win): [64054, 202074, 63923]
ply bins [<16, 16-40, 40-80, 80-120, 120-200, >200]: [0, 75761, 116571, 76495, 48566, 12658]
feature cross-checks passed: 330
sample: rn3rk1/pp2ppb1/2q1b1p1/4P1BP/3Q3P/8/PPPR1N2/2K2B1R b - - 0 9 | score -147 | result 0 | ply 17
sample: 4b3/2p5/1k2p2R/8/1PP5/1K6/p3r3/R7 b - - 3 44 | score -507 | result -1 | ply 87
sample: 6k1/3R4/6p1/3Npn1p/8/6PP/6K1/4b3 w - - 6 44 | score 607 | result 1 | ply 86
sample: k7/5R2/6r1/KP6/8/8/8/8 b - - 12 107 | score 0 | result 0 | ply 213
sample: 8/1R6/4k3/p1r3p1/5n1p/1P2N2P/3K1PP1/8 w - - 10 54 | score 39 | result 0 | ply 106
file: /workspace/chess/data/multinet_pv-2_diff-100_nodes-5000.binpack (27640096171 bytes)
entries read: 500000  kept by filter: 368199 (73.6%)
bytes consumed: 2097254  -> estimated entries in file: 6590M, kept after filter: 4853M
score bins [<-1000, -1000..-300, -300..-100, -100..0, 0, 0..100, 100..300, 300..1000, >1000]: [33911, 54024, 34931, 56535, 8075, 55146, 35440, 55622, 34515]
results (stm loss/draw/win): [98782, 171020, 98397]
ply bins [<16, 16-40, 40-80, 80-120, 120-200, >200]: [0, 75727, 120642, 96328, 65799, 9703]
feature cross-checks passed: 368
sample: r3k2r/3b1p2/1p1np3/p1bpn2p/3N4/1PP2P2/P3B1PP/RNBR2K1 w kq - 1 9 | score -194 | result 0 | ply 16
sample: 5kq1/2b5/1p3p2/pPPp3Q/3P1p2/5N1P/6P1/7K w - - 6 35 | score 283 | result 0 | ply 68
sample: 8/3n4/4k3/1K6/8/8/1B6/8 w - - 7 55 | score 0 | result 0 | ply 108
sample: 6k1/8/1bN3pp/1p6/p3K3/1P4P1/P6P/8 b - - 1 31 | score -107 | result 0 | ply 61
sample: r2r2k1/pq3pb1/1p2p1pp/2p1P3/2P5/5N2/PPP1QPPP/R4RK1 w - - 2 9 | score 504 | result 1 | ply 16
file: /workspace/chess/data/nodes5000pv2_UHO.binpack (40292454358 bytes)
entries read: 500000  kept by filter: 367923 (73.6%)
bytes consumed: 2097294  -> estimated entries in file: 9606M, kept after filter: 7068M
score bins [<-1000, -1000..-300, -300..-100, -100..0, 0, 0..100, 100..300, 300..1000, >1000]: [31144, 55159, 33711, 59516, 6923, 58363, 33943, 57165, 31999]
results (stm loss/draw/win): [94886, 178449, 94588]
ply bins [<16, 16-40, 40-80, 80-120, 120-200, >200]: [0, 78588, 123794, 89881, 61731, 13929]
feature cross-checks passed: 367
sample: 1r1qnb1r/1Q1bkppp/3p4/pN1Pp3/2P5/4BP2/PP3P1P/R3KB1R w KQ - 10 9 | score 747 | result 1 | ply 16
sample: 2b5/r4pk1/7p/p1P3p1/3P4/4NP1P/3r2P1/R2R2K1 b - - 2 33 | score -769 | result -1 | ply 65
sample: 8/6k1/4K3/6p1/6P1/8/8/8 w - - 18 79 | score 1 | result 0 | ply 156
sample: 6k1/5pp1/rP5p/2b1P3/2PBn3/3R2PP/5P2/6K1 w - - 0 25 | score 878 | result 1 | ply 48
sample: r2q1rk1/3b1pb1/ppn5/3pp1P1/NP1P2pp/PQ2P3/2R1BPPB/5RK1 w - - 0 15 | score 72 | result 0 | ply 28
file: /workspace/chess/data/test77-jan2022-2tb7p.high-simple-eval-1k.min-v2.binpack (62742754 bytes)
entries read: 500000  kept by filter: 60530 (12.1%)
bytes consumed: 2097430  -> estimated entries in file: 15M, kept after filter: 2M
score bins [<-1000, -1000..-300, -300..-100, -100..0, 0, 0..100, 100..300, 300..1000, >1000]: [24244, 6797, 2023, 3366, 1022, 3508, 1817, 4563, 13190]
results (stm loss/draw/win): [31936, 10195, 18399]
ply bins [<16, 16-40, 40-80, 80-120, 120-200, >200]: [0, 3881, 17114, 15199, 16935, 7401]
feature cross-checks passed: 60
sample: 4N1Q1/3k4/8/7p/7r/2K1p3/8/8 b - - 0 63 | score -1937 | result -1 | ply 125
sample: 4R3/r7/8/3k4/5K2/8/5P2/3q4 b - - 0 64 | score 4929 | result 1 | ply 127
sample: 8/5q2/4p2k/4Q3/4p1P1/3bP1K1/2p5/8 w - - 12 64 | score -786 | result -1 | ply 126
sample: 4B3/8/4k3/6P1/8/3RK3/4P3/8 b - - 2 82 | score -4447 | result -1 | ply 163
sample: r1bq2k1/p6p/1pp2rp1/3p4/4R3/1PQ5/PBP2PPP/6K1 w - - 2 24 | score -402 | result -1 | ply 46
file: /workspace/chess/data/test79-may2022-16tb7p-filter-v6-dd.min-mar2023.unmin.high-simple-eval-1k.min-v2.binpack (907788314 bytes)
entries read: 500000  kept by filter: 56548 (11.3%)
bytes consumed: 2097237  -> estimated entries in file: 216M, kept after filter: 24M
score bins [<-1000, -1000..-300, -300..-100, -100..0, 0, 0..100, 100..300, 300..1000, >1000]: [25245, 6233, 1595, 2142, 960, 2674, 1067, 3482, 13150]
results (stm loss/draw/win): [31757, 8045, 16746]
ply bins [<16, 16-40, 40-80, 80-120, 120-200, >200]: [0, 2818, 16074, 14412, 17551, 5693]
feature cross-checks passed: 56
sample: 2k4r/1p1n2b1/3p4/pBpP1pp1/6P1/2N3Br/PPN3K1/R4R2 b - - 0 25 | score -526 | result 0 | ply 49
sample: 8/8/4p3/p2k2p1/P4r2/8/6p1/2K5 w - - 0 57 | score -4728 | result -1 | ply 112
sample: 8/6k1/p2p4/P2P2p1/1q5p/4R2P/5PP1/6K1 w - - 2 51 | score -9253 | result -1 | ply 100
sample: k7/6R1/8/3N1p2/8/p5K1/8/8 w - - 0 55 | score 9092 | result 1 | ply 108
sample: 4R3/6r1/8/3N4/6k1/1B3n2/2P5/7K b - - 0 59 | score -496 | result -1 | ply 117
file: /workspace/chess/data/test80-2022-08-aug-16tb7p.v6-dd.min.binpack (10809713086 bytes)
entries read: 500000  kept by filter: 296438 (59.3%)
bytes consumed: 2097314  -> estimated entries in file: 2577M, kept after filter: 1528M
score bins [<-1000, -1000..-300, -300..-100, -100..0, 0, 0..100, 100..300, 300..1000, >1000]: [10606, 33710, 36671, 49836, 18014, 64463, 39378, 33261, 10499]
results (stm loss/draw/win): [64878, 171837, 59723]
ply bins [<16, 16-40, 40-80, 80-120, 120-200, >200]: [0, 38383, 129504, 77352, 40267, 10932]
feature cross-checks passed: 296
sample: r1b1r1k1/1ppp1ppp/5q2/p5NQ/2P2P2/P2Bn3/1P4PP/R4RK1 b - - 1 16 | score 157 | result 1 | ply 31
sample: 8/2q2k2/2PQnpp1/4p2p/1N6/6P1/5P1P/6K1 w - - 3 46 | score 379 | result 1 | ply 90
sample: 6k1/2p2p1p/2q2R1Q/4r3/r3P3/3B2P1/2P4P/6K1 b - - 0 31 | score 95 | result 0 | ply 61
sample: r4rk1/pq1n1pp1/b1p2p1p/Q1Pp4/P2P4/1p2PN2/1PBK1PPP/2R4R w - - 0 18 | score 213 | result 1 | ply 34
sample: 8/6k1/8/7Q/6p1/6K1/6P1/q7 b - - 41 109 | score 6 | result 0 | ply 217
file: /workspace/chess/data/test80-2023-01-jan-16tb7p.v6-sk20.min.relabel-BT4-tf13tune.binpack (12698871197 bytes)
entries read: 500000  kept by filter: 292519 (58.5%)
bytes consumed: 2097406  -> estimated entries in file: 3027M, kept after filter: 1771M
score bins [<-1000, -1000..-300, -300..-100, -100..0, 0, 0..100, 100..300, 300..1000, >1000]: [16354, 29119, 29759, 60006, 29513, 56255, 29116, 26286, 16111]
results (stm loss/draw/win): [65422, 165462, 61635]
ply bins [<16, 16-40, 40-80, 80-120, 120-200, >200]: [0, 60168, 108839, 68172, 40782, 14558]
feature cross-checks passed: 292
sample: r5k1/1p3pp1/n2p3p/2pP4/2P1Pp2/1P5K/4B3/RQ1NB1q1 w - - 1 31 | score 38 | result 0 | ply 60
sample: 2r3k1/pb3p1p/6p1/2pq4/3b4/6PP/PP2QP1K/1R1R4 w - - 2 31 | score -8658 | result -1 | ply 60
sample: 8/8/6pp/5p2/3k1P1P/5KP1/1r4B1/8 w - - 15 63 | score -2462 | result -1 | ply 124
sample: 8/5b2/5p2/pPp1k1p1/1rPpP1P1/1P1R1PK1/4B3/8 w - - 1 60 | score -292 | result -1 | ply 118
sample: 8/6p1/4N3/p4PPp/Pk6/3K4/8/b7 b - - 0 52 | score 223 | result 0 | ply 103
file: /workspace/chess/data/test80-2023-02-feb-16tb7p.v6-dd.min.relabel-BT4-tf13tune.binpack (10359292788 bytes)
entries read: 500000  kept by filter: 287896 (57.6%)
bytes consumed: 2097370  -> estimated entries in file: 2470M, kept after filter: 1422M
score bins [<-1000, -1000..-300, -300..-100, -100..0, 0, 0..100, 100..300, 300..1000, >1000]: [16470, 30279, 29290, 59428, 26254, 54568, 28237, 27115, 16255]
results (stm loss/draw/win): [63726, 164713, 59457]
ply bins [<16, 16-40, 40-80, 80-120, 120-200, >200]: [0, 38227, 124586, 75891, 38394, 10798]
feature cross-checks passed: 287
sample: 3q1rk1/r2n1ppp/bppbpn2/p2p4/2PP1N2/1PN1P1P1/PB3PBP/2RQR1K1 b - - 3 15 | score -67 | result 0 | ply 29
sample: r7/1p3k1p/4p2P/4P1p1/2PPK3/8/p4P2/R7 b - - 0 40 | score 392 | result 0 | ply 79
sample: 4r1k1/p4p1p/3b2pB/8/1P1pq3/P1r3PP/R4P2/3Q1RK1 w - - 2 29 | score -107 | result 0 | ply 56
sample: 8/8/8/3R4/2pPK3/1kP2p2/5r2/8 w - - 0 73 | score -263 | result 0 | ply 144
sample: r1q1nrk1/p2nbppp/2b5/2p1p3/Q1P5/4BN1P/PP1NBPP1/3RK2R w K - 2 18 | score -473 | result 0 | ply 34
file: /workspace/chess/data/test80-2023-03-mar-2tb7p.v6-sk16.min.relabel-BT4-tf13tune.binpack (14732039950 bytes)
entries read: 500000  kept by filter: 296793 (59.4%)
bytes consumed: 2097337  -> estimated entries in file: 3512M, kept after filter: 2085M
score bins [<-1000, -1000..-300, -300..-100, -100..0, 0, 0..100, 100..300, 300..1000, >1000]: [13454, 26360, 31116, 64494, 33119, 60972, 30197, 24127, 12954]
results (stm loss/draw/win): [64450, 171920, 60423]
ply bins [<16, 16-40, 40-80, 80-120, 120-200, >200]: [0, 71158, 105070, 65294, 38852, 16419]
feature cross-checks passed: 296
sample: 8/1r6/3K4/5Pk1/R7/6N1/p7/8 b - - 9 83 | score -44 | result 0 | ply 165
sample: 8/8/8/4r3/5k2/1RK5/8/8 b - - 25 124 | score 0 | result 0 | ply 247
sample: 2rr2k1/p4pp1/1p1b1q1p/3R4/5P2/1P2P1Q1/P3B1PP/5RK1 b - - 4 25 | score -17 | result 0 | ply 49
sample: rn3rk1/1b1nqppp/4p3/ppppP3/3P4/2PQ1NP1/PP1N1PBP/R4RK1 w - - 0 13 | score 113 | result -1 | ply 24
sample: 8/8/1Pb5/7p/8/3p1p1k/7P/2B3K1 w - - 12 73 | score -26 | result 0 | ply 144
file: /workspace/chess/data/test80-2023-04-apr-2tb7p.v6-sk16.min.relabel-BT4-tf13tune.binpack (15079776962 bytes)
entries read: 500000  kept by filter: 295880 (59.2%)
bytes consumed: 2097359  -> estimated entries in file: 3595M, kept after filter: 2127M
score bins [<-1000, -1000..-300, -300..-100, -100..0, 0, 0..100, 100..300, 300..1000, >1000]: [13074, 26931, 30910, 65441, 30726, 61560, 30384, 24210, 12644]
results (stm loss/draw/win): [62298, 175102, 58480]
ply bins [<16, 16-40, 40-80, 80-120, 120-200, >200]: [0, 71395, 105791, 64367, 37221, 17106]
feature cross-checks passed: 295
sample: r1bqk1nr/pp3pb1/2n3p1/3p3p/3P4/2N3PP/PP3PB1/R1BQK1NR w KQkq - 0 10 | score 92 | result 1 | ply 18
sample: brq3k1/2p1nrp1/5n1p/Rp1P1p1P/1Np5/2P1BPP1/3Q2B1/4R1K1 w - - 3 36 | score 227 | result 1 | ply 70
sample: 8/8/5K2/7k/b7/8/P1p1N3/2Rr4 w - - 2 61 | score -431 | result -1 | ply 120
sample: 4N3/1r3p2/4k3/8/8/8/3R2Kp/8 w - - 0 61 | score 0 | result 0 | ply 120
sample: 8/8/8/4kp2/8/5K2/8/8 b - - 5 78 | score 0 | result 0 | ply 155
file: /workspace/chess/data/test80-2023-05-may-2tb7p.v6.min.relabel-BT4-tf13tune.binpack (15274946491 bytes)
entries read: 500000  kept by filter: 296254 (59.3%)
bytes consumed: 2097327  -> estimated entries in file: 3642M, kept after filter: 2158M
score bins [<-1000, -1000..-300, -300..-100, -100..0, 0, 0..100, 100..300, 300..1000, >1000]: [14156, 29079, 30585, 60163, 36686, 56044, 29512, 26337, 13692]
results (stm loss/draw/win): [60076, 180235, 55943]
ply bins [<16, 16-40, 40-80, 80-120, 120-200, >200]: [0, 38352, 120922, 73889, 44243, 18848]
feature cross-checks passed: 296
sample: r1bqr1k1/p1b2ppp/4pn2/4N3/2Nn1P2/PP1B4/1B4PP/2RQK2R b K - 0 15 | score 26 | result 0 | ply 29
sample: 8/6r1/1k6/8/R7/4K3/8/8 w - - 48 152 | score 0 | result 0 | ply 302
sample: 1r5k/5Q2/4r1p1/1P2Pb2/5P2/8/5K2/8 b - - 2 59 | score 4569 | result 1 | ply 117
sample: r7/5kp1/4Np1p/5P1P/3B2P1/4K3/8/8 b - - 12 103 | score -10 | result -1 | ply 205
sample: 7r/p1q2k1r/1p1bppb1/3p4/3P3P/2P1BP2/PP1QN1K1/2R4R w - - 5 29 | score -20 | result 0 | ply 56
file: /workspace/chess/data/test80-2023-06-jun-2tb7p.min-v2.v6.relabel-BT4-tf13tune.binpack (17983836266 bytes)
entries read: 500000  kept by filter: 239533 (47.9%)
bytes consumed: 2097476  -> estimated entries in file: 4287M, kept after filter: 2054M
score bins [<-1000, -1000..-300, -300..-100, -100..0, 0, 0..100, 100..300, 300..1000, >1000]: [10439, 21548, 26028, 51988, 23957, 49995, 25787, 19858, 9933]
results (stm loss/draw/win): [51186, 140117, 48230]
ply bins [<16, 16-40, 40-80, 80-120, 120-200, >200]: [0, 60589, 84729, 52042, 29705, 12468]
feature cross-checks passed: 239
sample: r1bqk2r/p1p2pbp/2p3p1/3n4/3Pp3/P7/1PP1BPPP/RNBQK2R w KQkq - 0 10 | score -118 | result -1 | ply 18
sample: 4k3/5p2/4p3/4Pr1p/8/6PK/8/4R3 b - - 39 99 | score 31 | result 0 | ply 197
sample: 2k1r3/1p1b4/pB3R2/P4p2/2P5/1PK2p2/5P2/8 w - - 2 39 | score 315 | result 1 | ply 76
sample: 6k1/1p3pb1/4p1p1/1pBP1q2/2b5/P4PPp/3QP2P/5BK1 w - - 1 33 | score -81 | result -1 | ply 64
sample: r1bq1rk1/ppp2ppp/5n2/4p3/2P5/P1Q5/1P2PPPP/R1B1KB1R w KQ - 0 11 | score 36 | result -1 | ply 20
file: /workspace/chess/data/test80-2023-07-jul-2tb7p.min-v2.v6.relabel-BT4-tf13tune.binpack (16521032727 bytes)
entries read: 500000  kept by filter: 242819 (48.6%)
bytes consumed: 2097610  -> estimated entries in file: 3938M, kept after filter: 1912M
score bins [<-1000, -1000..-300, -300..-100, -100..0, 0, 0..100, 100..300, 300..1000, >1000]: [10083, 22718, 25344, 52375, 25630, 50711, 25451, 20710, 9797]
results (stm loss/draw/win): [51176, 143254, 48389]
ply bins [<16, 16-40, 40-80, 80-120, 120-200, >200]: [0, 61497, 85859, 52161, 30445, 12857]
feature cross-checks passed: 242
sample: r2qk2r/pp1n1pp1/2pbpn1p/3p1b2/2PP4/1PN1PN2/PB3PPP/2RQKB1R w Kkq - 1 9 | score -21 | result 0 | ply 16
sample: 8/1r3p2/2nkb2p/3p3P/3P4/2RBKP2/4N3/8 b - - 15 43 | score 3 | result 0 | ply 85
sample: 8/8/8/6kr/R7/8/4K3/8 w - - 57 146 | score 0 | result 0 | ply 290
sample: r4rk1/1p1b1ppp/pn3n2/2Pp4/3Pp2N/1PN5/P3BPPP/R4RK1 b - - 0 17 | score -151 | result 0 | ply 33
sample: 2r1r3/2p2pkp/1p1pb3/1P1Nnp2/2PR4/2R1P2P/4BPP1/6K1 b - - 2 24 | score -142 | result -1 | ply 47
file: /workspace/chess/data/test80-2023-08-aug-2tb7p.v6.min.relabel-BT4-tf13tune.binpack (7294509271 bytes)
entries read: 500000  kept by filter: 293159 (58.6%)
bytes consumed: 2097306  -> estimated entries in file: 1739M, kept after filter: 1020M
score bins [<-1000, -1000..-300, -300..-100, -100..0, 0, 0..100, 100..300, 300..1000, >1000]: [13368, 29702, 29714, 58613, 36409, 56333, 29215, 26945, 12860]
results (stm loss/draw/win): [58592, 179992, 54575]
ply bins [<16, 16-40, 40-80, 80-120, 120-200, >200]: [0, 37614, 119330, 72959, 43861, 19395]
feature cross-checks passed: 293
sample: r3k2r/1bp1q1bp/pp2Nnp1/2p5/4P3/1Q1B3P/PP1N1PP1/R4RK1 b kq - 0 16 | score -453 | result 0 | ply 31
sample: 6b1/8/pk6/2N2N2/4P1r1/2K5/2P5/8 w - - 0 64 | score -100 | result 0 | ply 126
sample: 4k3/2B1rpp1/r1p3p1/p2p4/Pb1P2PP/4P3/1RR2P1K/8 w - - 11 35 | score 69 | result 0 | ply 68
sample: 8/5k2/6p1/6P1/4pP1p/1R2P2P/4r3/6K1 b - - 0 56 | score -17 | result 0 | ply 111
sample: r2r2k1/ppq2ppp/4pn2/5b2/1PN5/P3P2P/4BPP1/R1Q2RK1 b - - 0 16 | score 15 | result 0 | ply 31
file: /workspace/chess/data/test80-2023-09-sep-2tb7p.min-v2.v6.relabel-BT4-tf13tune.binpack (8627821314 bytes)
entries read: 500000  kept by filter: 245426 (49.1%)
bytes consumed: 2097888  -> estimated entries in file: 2056M, kept after filter: 1009M
score bins [<-1000, -1000..-300, -300..-100, -100..0, 0, 0..100, 100..300, 300..1000, >1000]: [8940, 21208, 26549, 52983, 29715, 52104, 25790, 19485, 8652]
results (stm loss/draw/win): [47586, 152835, 45005]
ply bins [<16, 16-40, 40-80, 80-120, 120-200, >200]: [0, 60225, 85931, 52088, 31370, 15812]
feature cross-checks passed: 245
sample: rnbq1bk1/pppp1ppp/8/8/P3r3/3N4/1PPPBPPP/R1BQ1RK1 b - - 1 9 | score 44 | result 0 | ply 17
sample: 6k1/7p/2NR2p1/p4p2/P3pP2/1P4P1/1b2K3/2r5 b - - 2 46 | score 1797 | result 1 | ply 91
sample: 8/8/p5k1/P1R5/2P4p/7r/5K2/8 w - - 1 50 | score 0 | result 0 | ply 98
sample: 1r3rk1/3bqpp1/7p/pp2p3/1n6/2NPP1P1/P2QPRBP/1R4K1 w - - 0 20 | score -44 | result -1 | ply 38
sample: 4r1k1/2q2pp1/p6p/8/3R3P/4PQ2/5PK1/8 b - - 4 34 | score 335 | result 1 | ply 67
file: /workspace/chess/data/test80-2023-10-oct-2tb7p.min-v2.v6.relabel-BT4-tf13tune.binpack (7981817319 bytes)
entries read: 500000  kept by filter: 245965 (49.2%)
bytes consumed: 2098006  -> estimated entries in file: 1902M, kept after filter: 936M
score bins [<-1000, -1000..-300, -300..-100, -100..0, 0, 0..100, 100..300, 300..1000, >1000]: [8744, 21109, 27084, 53457, 29333, 51974, 26766, 18958, 8540]
results (stm loss/draw/win): [48208, 152511, 45246]
ply bins [<16, 16-40, 40-80, 80-120, 120-200, >200]: [0, 60146, 84623, 52060, 32242, 16894]
feature cross-checks passed: 245
sample: rnbq1rk1/p3ppbp/1p3np1/2p5/2BP4/1PN1PN2/P4PPP/1RBQK2R b K - 0 9 | score 96 | result -1 | ply 17
sample: r5rk/5p1p/PRpq4/2p5/2Pp2n1/5NP1/P3PPK1/4QR2 b - - 4 31 | score -438 | result -1 | ply 61
sample: 1r4k1/1p4pp/1R6/p1pP4/P5P1/7P/8/6K1 w - - 1 36 | score 0 | result 0 | ply 70
sample: 4k3/8/8/1q6/8/2Q5/2K5/8 w - - 42 181 | score 0 | result 0 | ply 360
sample: 8/2n5/2k5/P5p1/KP3N2/8/8/8 w - - 0 52 | score 88 | result 0 | ply 102
file: /workspace/chess/data/test80-2023-11-nov-2tb7p.min-v2.v6.relabel-BT4-tf13tune.binpack (7214046403 bytes)
entries read: 500000  kept by filter: 244518 (48.9%)
bytes consumed: 2097549  -> estimated entries in file: 1720M, kept after filter: 841M
score bins [<-1000, -1000..-300, -300..-100, -100..0, 0, 0..100, 100..300, 300..1000, >1000]: [8641, 21029, 26599, 53351, 28171, 53004, 26343, 19164, 8216]
results (stm loss/draw/win): [47008, 153301, 44209]
ply bins [<16, 16-40, 40-80, 80-120, 120-200, >200]: [0, 60546, 84365, 51815, 31626, 16166]
feature cross-checks passed: 244
sample: r1b1k2r/ppp1bpp1/2n1pn1p/3q4/2QP4/P4NP1/1P2PPBP/RNB1K2R w KQkq - 1 9 | score 122 | result 0 | ply 16
sample: 8/8/2b1p1k1/6p1/4NnP1/4R1K1/r4N2/8 b - - 32 61 | score 219 | result 0 | ply 121
sample: rnbq1rk1/pp2ppbp/6p1/3p4/3P4/1PNB1N2/P1P2PPP/R2Q1RK1 b - - 0 10 | score 425 | result -1 | ply 19
sample: 6k1/P5p1/4p3/8/2P4p/8/8/4qQK1 b - - 5 48 | score -82 | result 0 | ply 95
sample: 8/8/5p1p/pBb5/P2k1Nb1/4p1P1/1P5P/4K3 b - - 7 60 | score 434 | result 1 | ply 119
file: /workspace/chess/data/test80-2023-12-dec-2tb7p.min-v2.v6.relabel-BT4-tf13tune.binpack (7987875858 bytes)
entries read: 500000  kept by filter: 241063 (48.2%)
bytes consumed: 2097373  -> estimated entries in file: 1904M, kept after filter: 918M
score bins [<-1000, -1000..-300, -300..-100, -100..0, 0, 0..100, 100..300, 300..1000, >1000]: [8764, 21294, 26439, 51351, 28445, 50572, 26335, 19395, 8468]
results (stm loss/draw/win): [47804, 148007, 45252]
ply bins [<16, 16-40, 40-80, 80-120, 120-200, >200]: [0, 60952, 85301, 49934, 29403, 15473]
feature cross-checks passed: 241
sample: r1bqk2r/pppnbpp1/3p1n1p/3Pp3/2P5/P4NP1/1P2PPBP/RNBQK2R w KQkq - 1 9 | score 79 | result -1 | ply 16
sample: 2rq1rk1/pp2bpp1/2b1p2p/n2p4/3PPB2/P1PB1N2/2Q2PPP/1R3RK1 w - - 1 17 | score 8 | result 1 | ply 32
sample: 2q4k/7p/6p1/3Q4/6P1/p3B1P1/1b5K/8 b - - 5 41 | score 134 | result 0 | ply 81
sample: 1r1r3k/3q2pp/8/PppN1P2/3nP3/8/1Q5P/R4R1K b - - 2 32 | score -158 | result 0 | ply 63
sample: 5rk1/6pp/8/p4P2/P4PQ1/2q1p2P/1r2R2K/3R4 w - - 2 38 | score -115 | result 0 | ply 74
file: /workspace/chess/data/test80-2024-01-jan-2tb7p.min-v2.v6.binpack (9184785274 bytes)
entries read: 500000  kept by filter: 246223 (49.2%)
bytes consumed: 2097443  -> estimated entries in file: 2190M, kept after filter: 1078M
score bins [<-1000, -1000..-300, -300..-100, -100..0, 0, 0..100, 100..300, 300..1000, >1000]: [6566, 20379, 26624, 46387, 28053, 61525, 30204, 20013, 6472]
results (stm loss/draw/win): [47219, 155028, 43976]
ply bins [<16, 16-40, 40-80, 80-120, 120-200, >200]: [0, 60710, 86505, 50159, 31644, 17205]
feature cross-checks passed: 246
sample: rn1qkb1r/pp3pp1/2p1bn1p/3p4/3P3N/2N1P1P1/PP3P1P/R1BQKB1R w KQkq - 2 9 | score -40 | result 0 | ply 16
sample: 6k1/p4pp1/1p5p/2prP3/P7/1P5P/4RPP1/6K1 w - - 0 31 | score -135 | result 0 | ply 60
sample: 1r4k1/1p1brppp/np6/p5N1/3pP3/P2P3P/1P2BPP1/2R1K2R w K - 0 21 | score 272 | result 0 | ply 40
sample: 2bq1rk1/1pbn1pp1/r3p2p/p1pp4/P3P3/2PP1NB1/1P1NQPPP/1R2R1K1 b - - 8 21 | score -44 | result -1 | ply 41
sample: 8/8/6r1/8/3k4/8/7R/4K3 w - - 21 91 | score 0 | result 0 | ply 180
file: /workspace/chess/data/test80-2024-02-feb-2tb7p.min-v2.v6.binpack (8262651516 bytes)
entries read: 500000  kept by filter: 245283 (49.1%)
bytes consumed: 2097403  -> estimated entries in file: 1970M, kept after filter: 966M
score bins [<-1000, -1000..-300, -300..-100, -100..0, 0, 0..100, 100..300, 300..1000, >1000]: [6823, 21449, 25719, 46496, 25777, 61502, 29533, 21202, 6782]
results (stm loss/draw/win): [48642, 151383, 45258]
ply bins [<16, 16-40, 40-80, 80-120, 120-200, >200]: [0, 61640, 86491, 50794, 30723, 15635]
feature cross-checks passed: 245
sample: 2r1k1r1/p2p4/2b1pB2/1p3p1p/8/PP4P1/2PR1P1P/2K1R3 b - - 0 28 | score -6 | result 0 | ply 55
sample: r1k4r/4ppb1/1pP3p1/p2p4/PP1Nn2p/2P1P3/R4PPP/1N3RK1 w - - 1 19 | score 400 | result 0 | ply 36
sample: r1bqr1k1/1p1n1pb1/2p3p1/p2p2n1/3P1B1N/2N1P2P/PP3PB1/R2QK2R w KQ - 0 16 | score -258 | result 0 | ply 30
sample: 5b2/6pk/4Qp1p/1p2p3/1P2p3/2B1P1PP/2q2P2/6K1 w - - 5 45 | score -10 | result 0 | ply 88
sample: 1R6/5pk1/2N3pp/3B4/p7/rp4P1/7P/6K1 b - - 1 39 | score -584 | result -1 | ply 77
file: /workspace/chess/data/test80-2024-03-mar-2tb7p.min-v2.v6.binpack (10476003160 bytes)
entries read: 500000  kept by filter: 245774 (49.2%)
bytes consumed: 2097709  -> estimated entries in file: 2497M, kept after filter: 1227M
score bins [<-1000, -1000..-300, -300..-100, -100..0, 0, 0..100, 100..300, 300..1000, >1000]: [6729, 20778, 26475, 46833, 26174, 61788, 29728, 20765, 6504]
results (stm loss/draw/win): [46042, 157107, 42625]
ply bins [<16, 16-40, 40-80, 80-120, 120-200, >200]: [0, 60294, 85816, 51426, 31310, 16928]
feature cross-checks passed: 245
sample: 5k2/2bb1p2/2p4q/p1Pp4/B2Nr3/1P1QP1P1/P2K2P1/3R4 w - - 1 29 | score -485 | result -1 | ply 56
sample: 8/7k/8/8/7K/3r2P1/5R2/8 w - - 86 153 | score 0 | result 0 | ply 304
sample: 8/2B5/8/2Pp4/3P1Pk1/7p/r7/7K b - - 4 63 | score 3963 | result 1 | ply 125
sample: r6k/1p2r2p/p3n2q/1QP1P2N/3P1pP1/8/6BK/R4R2 b - - 2 34 | score -914 | result -1 | ply 67
sample: 7B/8/k7/8/2b5/7K/8/8 b - - 5 169 | score 0 | result 0 | ply 337
file: /workspace/chess/data/test80-2024-04-apr-2tb7p.min-v2.v6.binpack (14707115140 bytes)
entries read: 500000  kept by filter: 243558 (48.7%)
bytes consumed: 2097782  -> estimated entries in file: 3505M, kept after filter: 1708M
score bins [<-1000, -1000..-300, -300..-100, -100..0, 0, 0..100, 100..300, 300..1000, >1000]: [6823, 19961, 25902, 46476, 27159, 61453, 29400, 19860, 6524]
results (stm loss/draw/win): [45964, 155006, 42588]
ply bins [<16, 16-40, 40-80, 80-120, 120-200, >200]: [0, 61321, 85650, 49087, 30634, 16866]
feature cross-checks passed: 243
sample: r2qr1k1/1Qpn1pp1/2np3p/p2Npb2/2P5/3PPN1P/PP2B1P1/R2R2K1 b - - 0 14 | score -20 | result 0 | ply 27
sample: rn3rk1/1bp1bppp/p3p3/1p1q4/P2P4/2P2N1P/1P1NQPP1/R1B2RK1 w - - 1 13 | score -53 | result 0 | ply 24
sample: r7/P7/3N4/4k3/7p/1K4p1/8/2R5 w - - 5 65 | score -21 | result 0 | ply 128
sample: 3k4/8/1p1r4/p4R2/P6p/2P2BbP/1PK3P1/8 w - - 26 53 | score 627 | result 1 | ply 104
sample: 3q2k1/1p1n1pb1/pP2p1p1/P2p3p/3P4/2n3PB/R4P1P/3QR1K1 w - - 0 36 | score 91 | result -1 | ply 70
file: /workspace/chess/data/test80-2024-05-may-2tb7p.min-v2.v6.binpack (10568162073 bytes)
entries read: 500000  kept by filter: 248436 (49.7%)
bytes consumed: 2097437  -> estimated entries in file: 2519M, kept after filter: 1252M
score bins [<-1000, -1000..-300, -300..-100, -100..0, 0, 0..100, 100..300, 300..1000, >1000]: [6622, 21397, 25777, 46115, 29955, 61971, 28977, 21037, 6585]
results (stm loss/draw/win): [47682, 156563, 44191]
ply bins [<16, 16-40, 40-80, 80-120, 120-200, >200]: [0, 60004, 85618, 51040, 33587, 18187]
feature cross-checks passed: 248
sample: 5r2/4q1k1/4ppp1/pb6/6NP/1P2P1P1/PQ6/3R2K1 w - - 0 28 | score 232 | result 0 | ply 54
sample: r1n1k2r/1p1bbp2/6np/q1p1p1p1/2PpP1P1/P2P1N1P/5PBN/R1BQ1RK1 w kq - 0 21 | score -452 | result 0 | ply 40
sample: 3rrk2/p4ppQ/B2q3p/2p5/3b4/1P4P1/P3PP1P/2B2RK1 w - - 0 25 | score 142 | result 1 | ply 48
sample: 3k4/1p3Rp1/p4b1p/P1n1N3/3r2P1/1P2R3/5P1P/5K2 b - - 3 42 | score -3855 | result -1 | ply 83
sample: 5rk1/2p1b1p1/2P1pn1p/8/4p3/4P3/3N1PPP/R3B1K1 b - - 0 29 | score 9 | result 0 | ply 57
file: /workspace/chess/data/test80-2024-06-jun-2tb7p.min-v2.v6.binpack (9443656236 bytes)
entries read: 500000  kept by filter: 244118 (48.8%)
bytes consumed: 2097242  -> estimated entries in file: 2251M, kept after filter: 1099M
score bins [<-1000, -1000..-300, -300..-100, -100..0, 0, 0..100, 100..300, 300..1000, >1000]: [6788, 20331, 26025, 46646, 24935, 62636, 29835, 20353, 6569]
results (stm loss/draw/win): [47224, 152934, 43960]
ply bins [<16, 16-40, 40-80, 80-120, 120-200, >200]: [0, 60156, 86282, 51201, 31520, 14959]
feature cross-checks passed: 244
sample: 1r3rk1/p2qnpb1/6pp/P1p1p3/3nN3/2QP2P1/R3PPBP/2B2RK1 b - - 2 20 | score -127 | result 0 | ply 39
sample: r4rk1/1p1bbpp1/pqn1pn1p/2ppN3/P2P1B2/2PBP2P/1P1N1PP1/RQ3RK1 w - - 0 13 | score 129 | result 1 | ply 24
sample: 3rr1k1/ppq2p1p/1npb1n2/4Nbp1/P2P4/1Q2PB1P/1P1BN1P1/R4RK1 w - - 5 19 | score 496 | result 0 | ply 36
sample: 2r3k1/p4p2/1pB2npp/1P3q2/Q7/4P2P/P4PK1/5R2 b - - 2 25 | score -18 | result 0 | ply 49
sample: 5k2/8/1K6/1P3p2/P2r1P2/7P/8/8 w - - 2 66 | score -92 | result 0 | ply 130
file: /workspace/chess/data/test91-2026-01-jan-69gb6p.min-v2.v6.binpack (5580345401 bytes)
entries read: 500000  kept by filter: 265741 (53.1%)
bytes consumed: 2097255  -> estimated entries in file: 1330M, kept after filter: 707M
score bins [<-1000, -1000..-300, -300..-100, -100..0, 0, 0..100, 100..300, 300..1000, >1000]: [10338, 17115, 24241, 55767, 31545, 71130, 27836, 17660, 10109]
results (stm loss/draw/win): [28138, 210382, 27221]
ply bins [<16, 16-40, 40-80, 80-120, 120-200, >200]: [0, 58194, 86929, 57532, 39508, 23578]
feature cross-checks passed: 265
sample: r2qnrk1/pp1nbppp/4p3/3pN3/3P1P2/P1NQP3/1P4PP/R1B2RK1 w - - 5 13 | score -45 | result 0 | ply 24
sample: 8/5Rpk/5p2/5P2/2p2BP1/2p5/4K3/6r1 w - - 4 51 | score -1 | result 0 | ply 100
sample: 8/8/2K5/8/3k2q1/8/8/8 w - - 43 149 | score -6755 | result -1 | ply 296
sample: n5r1/PK6/8/6k1/8/8/1P5p/7B w - - 5 51 | score -1414 | result -1 | ply 100
sample: r1rn2k1/ppn1pp1p/1q4p1/8/1P4P1/P3PN1P/QB2BP2/5RK1 w - - 5 22 | score 2 | result 0 | ply 42
file: /workspace/chess/data/test91-2026-02-feb-69gb6p.min-v2.v6.binpack (2686420863 bytes)
entries read: 500000  kept by filter: 262679 (52.5%)
bytes consumed: 2097562  -> estimated entries in file: 640M, kept after filter: 336M
score bins [<-1000, -1000..-300, -300..-100, -100..0, 0, 0..100, 100..300, 300..1000, >1000]: [7889, 16389, 22920, 55854, 36760, 71526, 26544, 16884, 7913]
results (stm loss/draw/win): [25317, 212684, 24678]
ply bins [<16, 16-40, 40-80, 80-120, 120-200, >200]: [0, 59108, 86788, 55596, 37825, 23362]
feature cross-checks passed: 262
sample: 8/p7/1p5p/2p2k2/4bp1P/P1P5/1P3K1P/3B4 b - - 29 61 | score 188 | result 0 | ply 121
sample: r2n1r1k/1p1b1qbp/3B2p1/p2nNp2/P2Pp3/2P1P2P/1P1RBPP1/3Q1RK1 b - - 2 20 | score 45 | result 0 | ply 39
sample: 3r1k1r/pp3pp1/2pbpn1p/5q2/PP1P4/2PN2P1/5P1P/R1B1RQK1 b - - 4 20 | score -33 | result 0 | ply 39
sample: 8/5pp1/1p3k2/8/2PpP3/6P1/5P2/5K2 w - - 1 35 | score 952 | result 1 | ply 68
sample: 1r1qr1k1/1B3ppp/4bb2/p7/P7/7P/1PP2PP1/R1BQ1RK1 w - - 1 16 | score 207 | result 0 | ply 30
file: /workspace/chess/data/test91-2026-03-mar-69gb6p.min-v2.v6.binpack (1412310953 bytes)
entries read: 500000  kept by filter: 270210 (54.0%)
bytes consumed: 2097698  -> estimated entries in file: 337M, kept after filter: 182M
score bins [<-1000, -1000..-300, -300..-100, -100..0, 0, 0..100, 100..300, 300..1000, >1000]: [7998, 17174, 23898, 56994, 37019, 73978, 27318, 17951, 7880]
results (stm loss/draw/win): [26640, 217583, 25987]
ply bins [<16, 16-40, 40-80, 80-120, 120-200, >200]: [0, 60522, 89195, 57081, 39098, 24314]
feature cross-checks passed: 270
sample: 8/2k2r2/8/6p1/B3K1P1/3RP3/1b6/8 b - - 26 66 | score -46 | result 0 | ply 131
sample: 8/3B4/8/1Pk3p1/5b2/1r5p/8/3R1K2 w - - 0 71 | score -365 | result -1 | ply 140
sample: 3r2k1/1p1Nqppb/4p2p/pP6/P1P5/3n1BP1/6QP/2R1R1K1 w - - 1 31 | score -45 | result -1 | ply 60
sample: 2r3k1/r5p1/4p2p/pbP5/1p6/1P2BK1P/P5P1/1R1R4 b - - 0 29 | score -5 | result 0 | ply 57
sample: 4r3/2pnr1pk/5qp1/PP3p2/2Q1pP2/2P4P/6BP/R4R1K b - - 2 38 | score -281 | result -1 | ply 75
file: /workspace/chess/data/test91-2026-04-apr-69gb6p.min-v2.v6.binpack (1202786867 bytes)
entries read: 500000  kept by filter: 265592 (53.1%)
bytes consumed: 2097350  -> estimated entries in file: 287M, kept after filter: 152M
score bins [<-1000, -1000..-300, -300..-100, -100..0, 0, 0..100, 100..300, 300..1000, >1000]: [8106, 16591, 24151, 58898, 28013, 76370, 27877, 17407, 8179]
results (stm loss/draw/win): [25713, 214563, 25316]
ply bins [<16, 16-40, 40-80, 80-120, 120-200, >200]: [0, 64831, 92152, 57005, 34252, 17352]
feature cross-checks passed: 265
sample: r4rk1/pbp3b1/3p2p1/5q1p/8/2N1BP2/PPPQ2PP/R3K2R b KQ - 0 16 | score -116 | result 0 | ply 31
sample: r1b3k1/pp1n1pp1/2p2q1p/3p3P/3Pr3/P1Q2N2/1PPB1PP1/2KR3R w - - 1 16 | score 17 | result 0 | ply 30
sample: rn2k2r/4ppb1/p3b1p1/R6p/8/2N1PP1P/1P3KP1/2B2B1R w kq - 1 20 | score 30 | result 0 | ply 38
sample: 5r2/6k1/1p3r2/p2P2pP/P1P3P1/1P2RP2/6K1/8 w - - 1 56 | score -2724 | result -1 | ply 110
sample: 2K5/P5pk/3Q1p1p/7P/q7/8/8/8 w - - 7 104 | score 105 | result 0 | ply 206
file: /workspace/chess/data/test91-2026-05-may-69gb6p.min-v2.v6.binpack (1735406999 bytes)
entries read: 500000  kept by filter: 262618 (52.5%)
bytes consumed: 2097201  -> estimated entries in file: 414M, kept after filter: 217M
score bins [<-1000, -1000..-300, -300..-100, -100..0, 0, 0..100, 100..300, 300..1000, >1000]: [8948, 17700, 23665, 55121, 31303, 71363, 27348, 18455, 8715]
results (stm loss/draw/win): [27518, 208332, 26768]
ply bins [<16, 16-40, 40-80, 80-120, 120-200, >200]: [0, 59233, 87255, 56897, 37832, 21401]
feature cross-checks passed: 262
sample: r1b1kb1r/pp1n1ppp/2q1p3/2ppP3/5P2/2N2N2/PPPP2PP/R1BQ1RK1 b kq - 1 9 | score 135 | result 0 | ply 17
sample: 4r2r/2p1k3/3p1bp1/P2P1p2/1Pp2Pn1/2P1PR1p/1BK4P/3R1N2 b - - 2 36 | score -61 | result 0 | ply 71
sample: 8/7p/1p1kbp2/2n2p2/Pp6/4R1PP/2B5/6K1 w - - 3 42 | score -309 | result -1 | ply 82
sample: r4rk1/1p3ppp/p4n2/8/3P4/qP4PP/4NPK1/1Q1RR3 b - - 1 22 | score 35 | result 0 | ply 43
sample: r2qk2r/pb3ppp/1pnbpn2/3p4/1P6/2PBPN2/P2N1PPP/R1BQR1K1 w kq - 1 11 | score 55 | result 0 | ply 20
file: /workspace/chess/data/training_data_pylon.binpack (14366468016 bytes)
entries read: 500000  kept by filter: 295846 (59.2%)
bytes consumed: 2097574  -> estimated entries in file: 3425M, kept after filter: 2026M
score bins [<-1000, -1000..-300, -300..-100, -100..0, 0, 0..100, 100..300, 300..1000, >1000]: [8527, 27382, 32761, 57336, 21583, 72112, 38783, 28720, 8642]
results (stm loss/draw/win): [67454, 163874, 64518]
ply bins [<16, 16-40, 40-80, 80-120, 120-200, >200]: [0, 76932, 106820, 61433, 35881, 14780]
feature cross-checks passed: 295
sample: rn2kb1r/ppp2ppp/5n2/4p2q/1P4bP/2N2N2/P1PPBPP1/R1BQK2R w KQkq - 0 9 | score -69 | result -1 | ply 16
sample: 6k1/1p6/4nR2/5PPp/4r2P/2Bp4/8/3K4 b - - 0 53 | score -622 | result -1 | ply 105
sample: R7/8/7p/4p3/6P1/p2r1BP1/3b1K2/2k5 w - - 8 68 | score -1258 | result -1 | ply 134
sample: 2kr3r/pp1bqpb1/3p1n1p/2pP2p1/1nP1P3/P1N1BN1P/1P1Q2P1/RB3RK1 b - - 0 18 | score -300 | result -1 | ply 35
sample: 8/6k1/4R1p1/1N3p1p/Pb3P2/3KP1P1/1r4P1/8 w - - 9 51 | score 542 | result 1 | ply 100
file: /workspace/chess/data/wrongIsRight_nodes5000pv2.binpack (7319926088 bytes)
entries read: 500000  kept by filter: 378726 (75.7%)
bytes consumed: 2097322  -> estimated entries in file: 1745M, kept after filter: 1322M
score bins [<-1000, -1000..-300, -300..-100, -100..0, 0, 0..100, 100..300, 300..1000, >1000]: [21469, 35055, 30485, 95983, 12676, 93943, 30824, 36112, 22179]
results (stm loss/draw/win): [70038, 238873, 69815]
ply bins [<16, 16-40, 40-80, 80-120, 120-200, >200]: [0, 94897, 135456, 80895, 55752, 11726]
feature cross-checks passed: 378
sample: r2r2k1/1p1nqpp1/2pbp2p/p7/P1PPQ3/1PB2N1P/5PP1/3R1RK1 b - - 4 9 | score -102 | result 0 | ply 16
sample: 4b3/1k6/p1p2p2/P2p1Pp1/1P1P2P1/1K1B4/8/8 w - - 4 45 | score 1 | result -1 | ply 87
sample: 5k2/1B6/1K1n2p1/1PN2b1p/8/p2P3P/2r5/6R1 w - - 1 12 | score -190 | result -1 | ply 21
sample: 2q5/r2r1p1k/2p1bRp1/p1PpP1Pp/Pp1P3P/1P1Q4/8/1KB2R2 w - - 31 17 | score 61 | result 0 | ply 31
sample: 6k1/1R4p1/3rp1np/p1p2p2/2P5/7P/1PB1KPP1/8 w - - 2 9 | score -63 | result 0 | ply 16
file: /workspace/chess/data/wrongNNUE_02_d9.binpack (5781185404 bytes)
entries read: 500000  kept by filter: 332679 (66.5%)
bytes consumed: 2097228  -> estimated entries in file: 1378M, kept after filter: 917M
score bins [<-1000, -1000..-300, -300..-100, -100..0, 0, 0..100, 100..300, 300..1000, >1000]: [29086, 37392, 30064, 66321, 9420, 64419, 29872, 36751, 29354]
results (stm loss/draw/win): [76355, 182703, 73621]
ply bins [<16, 16-40, 40-80, 80-120, 120-200, >200]: [0, 90254, 119725, 66502, 47116, 9082]
feature cross-checks passed: 332
sample: 8/8/4pk1p/2R4P/4PK2/5P2/8/7r b - - 8 9 | score -98 | result -1 | ply 16
sample: 8/4k3/R7/4K3/3pP3/3P2pr/3R4/8 w - - 0 37 | score 1396 | result 1 | ply 71
sample: R7/8/6k1/1r4p1/6P1/6PK/8/8 b - - 10 45 | score -9 | result 0 | ply 89
sample: 8/5b2/8/5n2/5k2/7K/8/8 b - - 75 54 | score 2907 | result 0 | ply 108
sample: R7/8/P7/8/5k2/1K6/8/r7 b - - 0 11 | score -480 | result -1 | ply 20
=== smoke run
[34;1mTraining on NVIDIA GeForce RTX 4090 (sm_89)[0m
superbatch [36m1[0m [[35m0.0[0m% ([36m0[0m/[36m50[0m batches, [36m1287410[0m pos/sec)]
Estimated time to end of superbatch: [36minf[0ms     [Fsuperbatch [36m1[0m | time [36m2.2[0ms | running loss [36m0.039731[0m | [36m3014846[0m pos/sec | total time [36m10.5[0ms
Estimated time remaining in training: [36m0[0mh [36m0[0mm [36m0[0ms
Saved [smoke3-s0-1]
Total Training Time: [36m0[0mh [36m0[0mm [36m12[0ms
[34;1mTraining on NVIDIA GeForce RTX 4090 (sm_89)[0m
superbatch [36m1[0m [[35m0.0[0m% ([36m0[0m/[36m50[0m batches, [36m4241215[0m pos/sec)]
Estimated time to end of superbatch: [36minf[0ms     [Fsuperbatch [36m1[0m | time [36m2.1[0ms | running loss [36m0.031779[0m | [36m3076538[0m pos/sec | total time [36m10.5[0ms
Estimated time remaining in training: [36m0[0mh [36m0[0mm [36m0[0ms
Saved [smoke3-s1-1]
Total Training Time: [36m0[0mh [36m0[0mm [36m12[0ms
[34;1mTraining on NVIDIA GeForce RTX 4090 (sm_89)[0m
superbatch [36m1[0m [[35m0.0[0m% ([36m0[0m/[36m50[0m batches, [36m4532166[0m pos/sec)]
Estimated time to end of superbatch: [36minf[0ms     [Fsuperbatch [36m1[0m | time [36m1.8[0ms | running loss [36m0.104637[0m | [36m3606616[0m pos/sec | total time [36m10.3[0ms
Estimated time remaining in training: [36m0[0mh [36m0[0mm [36m0[0ms
Saved [smoke3-s2-1]
Total Training Time: [36m0[0mh [36m0[0mm [36m12[0ms
TRAINER EVAL rnbqkbnr/pppppppp/8/8/8/8/PPPPPPPP/RNBQKBNR w KQkq - 0 1 : 14.1
TRAINER EVAL rnbqkbnr/pppppppp/8/8/8/8/PPPPPPPP/RNBQKBN1 w Qkq - 0 1 : 14.1
TRAINER EVAL rnbqkbn1/pppppppp/8/8/8/8/PPPPPPPP/RNBQKBNR w KQq - 0 1 : 14.1
TRAINER EVAL r3k2r/p1ppqpb1/bn2pnp1/3PN3/1p2P3/2N2Q1p/PPPBBPPP/R3K2R w KQkq - 0 1 : 14.1
TRAINER EVAL r1bqkb1r/pp2bppp/2n2n2/2pp4/3P4/2PBPN2/PP1N1PPP/R2QK2R w KQ - 0 9 : 14.1
TRAINER EVAL 8/2p5/3p4/KP5r/1R3p1k/8/4P1P1/8 w - - 0 1 : -88.1
done
-rw-r--r-- 1 root root 45641280 Sep 17 03:06 /workspace/checkpoints/smoke3-s0-1/quantised.bin
-rw-r--r-- 1 root root 45641280 Sep 17 03:06 /workspace/checkpoints/smoke3-s1-1/quantised.bin
-rw-r--r-- 1 root root 45641280 Sep 17 03:06 /workspace/checkpoints/smoke3-s2-1/quantised.bin
=== setup done 2026-09-17T03:06:25Z
=== pull smoke checkpoint and netcheck
Welcome to vast.ai. If authentication fails, try again after a few seconds, and double check your ssh key.
Have fun!
architecture: v3 half width threats+pawnpairs (768x16hm+64368->512)x2 pairwise ->16->32->1 x8
rnbqkbnr/pppppppp/8/8/8/8/PPPPPPPP/RNBQKBNR w KQkq - 0 1 eval 14 expected [-150, 150] ok
rnbqkbnr/pppppppp/8/8/8/8/PPPPPPPP/RNBQKBN1 w Qkq - 0 1 eval 14 expected [-2000, -100] FAIL
rnbqkbn1/pppppppp/8/8/8/8/PPPPPPPP/RNBQKBNR w KQq - 0 1 eval 14 expected [100, 2000] FAIL
r3k2r/p1ppqpb1/bn2pnp1/3PN3/1p2P3/2N2Q1p/PPPBBPPP/R3K2R w KQkq - 0 1 eval 14 expected [-3000, 3000] ok
r1bqkb1r/pp2bppp/2n2n2/2pp4/3P4/2PBPN2/PP1N1PPP/R2QK2R w KQ - 0 9 eval 14 expected [-3000, 3000] ok
8/2p5/3p4/KP5r/1R3p1k/8/4P1P1/8 w - - 0 1 eval -87 expected [-3000, 3000] ok
netcheck: loaded, evaluation ranges NOT met (expected for a barely trained net; use --strict to enforce)
netcheck ok: /home/liron/Desktop/chess/runs/anna-v6/checkpoints/smoke3-s0-1/quantised.bin (45641280 bytes)
architecture: v3 half width threats+pawnpairs (768x16hm+64368->512)x2 pairwise ->16->32->1 x8
rnbqkbnr/pppppppp/8/8/8/8/PPPPPPPP/RNBQKBNR w KQkq - 0 1 eval 14 expected [-150, 150] ok
rnbqkbnr/pppppppp/8/8/8/8/PPPPPPPP/RNBQKBN1 w Qkq - 0 1 eval 14 expected [-2000, -100] FAIL
rnbqkbn1/pppppppp/8/8/8/8/PPPPPPPP/RNBQKBNR w KQq - 0 1 eval 14 expected [100, 2000] FAIL
r3k2r/p1ppqpb1/bn2pnp1/3PN3/1p2P3/2N2Q1p/PPPBBPPP/R3K2R w KQkq - 0 1 eval 14 expected [-3000, 3000] ok
r1bqkb1r/pp2bppp/2n2n2/2pp4/3P4/2PBPN2/PP1N1PPP/R2QK2R w KQ - 0 9 eval 14 expected [-3000, 3000] ok
8/2p5/3p4/KP5r/1R3p1k/8/4P1P1/8 w - - 0 1 eval -85 expected [-3000, 3000] ok
netcheck: loaded, evaluation ranges NOT met (expected for a barely trained net; use --strict to enforce)
netcheck ok: /home/liron/Desktop/chess/runs/anna-v6/checkpoints/smoke3-s1-1/quantised.bin (45641280 bytes)
architecture: v3 half width threats+pawnpairs (768x16hm+64368->512)x2 pairwise ->16->32->1 x8
rnbqkbnr/pppppppp/8/8/8/8/PPPPPPPP/RNBQKBNR w KQkq - 0 1 eval 14 expected [-150, 150] ok
rnbqkbnr/pppppppp/8/8/8/8/PPPPPPPP/RNBQKBN1 w Qkq - 0 1 eval 14 expected [-2000, -100] FAIL
rnbqkbn1/pppppppp/8/8/8/8/PPPPPPPP/RNBQKBNR w KQq - 0 1 eval 14 expected [100, 2000] FAIL
r3k2r/p1ppqpb1/bn2pnp1/3PN3/1p2P3/2N2Q1p/PPPBBPPP/R3K2R w KQkq - 0 1 eval 14 expected [-3000, 3000] ok
r1bqkb1r/pp2bppp/2n2n2/2pp4/3P4/2PBPN2/PP1N1PPP/R2QK2R w KQ - 0 9 eval 14 expected [-3000, 3000] ok
8/2p5/3p4/KP5r/1R3p1k/8/4P1P1/8 w - - 0 1 eval -86 expected [-3000, 3000] ok
netcheck: loaded, evaluation ranges NOT met (expected for a barely trained net; use --strict to enforce)
netcheck ok: /home/liron/Desktop/chess/runs/anna-v6/checkpoints/smoke3-s2-1/quantised.bin (45641280 bytes)
SMOKE OK. Next: scripts/vast_launch.sh sync anna-v6 (in another terminal), then GO=1 scripts/vast_launch.sh train anna-v6
scripts/vast_launch.sh: line 135: unexpected EOF while looking for matching `"'
create exit=2
